#
# There is insufficient memory for the Java Runtime Environment to continue.
# Native memory allocation (malloc) failed to allocate 1882336 bytes for Chunk::new
# Possible reasons:
#   The system is out of physical RAM or swap space
#   The process is running with CompressedOops enabled, and the Java Heap may be blocking the growth of the native heap
# Possible solutions:
#   Reduce memory load on the system
#   Increase physical memory or swap space
#   Check if swap backing store is full
#   Decrease Java heap size (-Xmx/-Xms)
#   Decrease number of Java threads
#   Decrease Java thread stack sizes (-Xss)
#   Set larger code cache with -XX:ReservedCodeCacheSize=
#   JVM is running with Unscaled Compressed Oops mode in which the Java heap is
#     placed in the first 4GB address space. The Java Heap base address is the
#     maximum limit for the native heap growth. Please use -XX:HeapBaseMinAddress
#     to set the Java Heap base and to place the Java Heap above 4GB virtual address.
# This output file may be truncated or incomplete.
#
#  Out of Memory Error (arena.cpp:168), pid=34384, tid=16236
#
# JRE version: Java(TM) SE Runtime Environment (21.0.12+7) (build 21.0.12+7-LTS-205)
# Java VM: Java HotSpot(TM) 64-Bit Server VM (21.0.12+7-LTS-205, mixed mode, sharing, tiered, compressed oops, compressed class ptrs, g1 gc, windows-amd64)
# No core dump will be written. Minidumps are not enabled by default on client versions of Windows
#

---------------  S U M M A R Y ------------

Command Line: C:\Users\jorgemc\AppData\Local\Temp\surefire10142639858844188260\surefirebooter-20260831130630019_3.jar C:\Users\jorgemc\AppData\Local\Temp\surefire10142639858844188260 2026-08-31T13-06-29_816-jvmRun1 surefire-20260831130630019_1tmp surefire_0-20260831130630019_2tmp

Host: 11th Gen Intel(R) Core(TM) i5-11400H @ 2.70GHz, 6 cores, 7G,  Windows 11 , 64 bit Build 26100 (10.0.26100.8875)
Time: Mon Aug 31 13:07:26 2026 Hora est. Sudamérica Pacífico elapsed time: 55.701400 seconds (0d 0h 0m 55s)

---------------  T H R E A D  ---------------

Current thread (0x00000185f94ea220):  JavaThread "C2 CompilerThread0" daemon [_thread_in_native, id=16236, stack(0x00000005b8900000,0x00000005b8a00000) (1024K)]


Current CompileTask:
C2:  55701 28104   !   4       org.springframework.util.ReflectionUtils::doWithMethods (189 bytes)

Stack: [0x00000005b8900000,0x00000005b8a00000]
Native frames: (J=compiled Java code, j=interpreted, Vv=VM code, C=native code)
V  [jvm.dll+0x6d1079]
V  [jvm.dll+0x860376]
V  [jvm.dll+0x86286e]
V  [jvm.dll+0x862f43]
V  [jvm.dll+0x282bd6]
V  [jvm.dll+0xc67ad]
V  [jvm.dll+0xc6cf1]
V  [jvm.dll+0x3bbf3b]
V  [jvm.dll+0x3883b2]
V  [jvm.dll+0x3877fa]
V  [jvm.dll+0x24b530]
V  [jvm.dll+0x24ab0f]
V  [jvm.dll+0x1cae8e]
V  [jvm.dll+0x25a7e9]
V  [jvm.dll+0x258d75]
V  [jvm.dll+0x3f5161]
V  [jvm.dll+0x80ad8d]
V  [jvm.dll+0x6cf91d]
C  [ucrtbase.dll+0x2cd30]
C  [KERNEL32.DLL+0x2e957]
C  [ntdll.dll+0xaad6c]


---------------  P R O C E S S  ---------------

Threads class SMR info:
_java_thread_list=0x00000185d00bfda0, length=18, elements={
0x00000185e9e70aa0, 0x00000185f94dc2a0, 0x00000185f94dfa30, 0x00000185f94e31c0,
0x00000185f94e5c30, 0x00000185f94e67c0, 0x00000185f94e7350, 0x00000185f94ea220,
0x00000185f94ee750, 0x00000185f97ce2d0, 0x00000185f97d9d70, 0x00000185fe302110,
0x00000185fe89fe50, 0x00000185d03d74f0, 0x00000185d03d7b60, 0x00000185d2b5d660,
0x00000185d2b3c250, 0x00000185d2b3fd60
}

Java Threads: ( => current thread )
  0x00000185e9e70aa0 JavaThread "main"                              [_thread_in_Java, id=36236, stack(0x00000005b7b00000,0x00000005b7c00000) (1024K)]
  0x00000185f94dc2a0 JavaThread "Reference Handler"          daemon [_thread_blocked, id=34680, stack(0x00000005b8300000,0x00000005b8400000) (1024K)]
  0x00000185f94dfa30 JavaThread "Finalizer"                  daemon [_thread_blocked, id=19792, stack(0x00000005b8400000,0x00000005b8500000) (1024K)]
  0x00000185f94e31c0 JavaThread "Signal Dispatcher"          daemon [_thread_blocked, id=4804, stack(0x00000005b8500000,0x00000005b8600000) (1024K)]
  0x00000185f94e5c30 JavaThread "Attach Listener"            daemon [_thread_blocked, id=17404, stack(0x00000005b8600000,0x00000005b8700000) (1024K)]
  0x00000185f94e67c0 JavaThread "Service Thread"             daemon [_thread_blocked, id=18696, stack(0x00000005b8700000,0x00000005b8800000) (1024K)]
  0x00000185f94e7350 JavaThread "Monitor Deflation Thread"   daemon [_thread_blocked, id=10820, stack(0x00000005b8800000,0x00000005b8900000) (1024K)]
=>0x00000185f94ea220 JavaThread "C2 CompilerThread0"         daemon [_thread_in_native, id=16236, stack(0x00000005b8900000,0x00000005b8a00000) (1024K)]
  0x00000185f94ee750 JavaThread "C1 CompilerThread0"         daemon [_thread_blocked, id=28372, stack(0x00000005b8a00000,0x00000005b8b00000) (1024K)]
  0x00000185f97ce2d0 JavaThread "Notification Thread"        daemon [_thread_blocked, id=7260, stack(0x00000005b8b00000,0x00000005b8c00000) (1024K)]
  0x00000185f97d9d70 JavaThread "Common-Cleaner"             daemon [_thread_blocked, id=32204, stack(0x00000005b8c00000,0x00000005b8d00000) (1024K)]
  0x00000185fe302110 JavaThread "surefire-forkedjvm-stream-flusher" daemon [_thread_blocked, id=16052, stack(0x00000005b8d00000,0x00000005b8e00000) (1024K)]
  0x00000185fe89fe50 JavaThread "surefire-forkedjvm-command-thread" daemon [_thread_in_native, id=32496, stack(0x00000005b8e00000,0x00000005b8f00000) (1024K)]
  0x00000185d03d74f0 JavaThread "Cleaner-0"                  daemon [_thread_blocked, id=36660, stack(0x00000005b9700000,0x00000005b9800000) (1024K)]
  0x00000185d03d7b60 JavaThread "HikariPool-1:housekeeper"   daemon [_thread_blocked, id=2980, stack(0x00000005b9500000,0x00000005b9600000) (1024K)]
  0x00000185d2b5d660 JavaThread "idle-connection-reaper"     daemon [_thread_blocked, id=24020, stack(0x00000005b9b00000,0x00000005b9c00000) (1024K)]
  0x00000185d2b3c250 JavaThread "HikariPool-2:housekeeper"   daemon [_thread_blocked, id=24988, stack(0x00000005b9800000,0x00000005b9900000) (1024K)]
  0x00000185d2b3fd60 JavaThread "HikariPool-2:connection-adder" daemon [_thread_blocked, id=35500, stack(0x00000005b9c00000,0x00000005b9d00000) (1024K)]
Total: 18

Other Threads:
  0x00000185f94bc890 VMThread "VM Thread"                           [id=36468, stack(0x00000005b8200000,0x00000005b8300000) (1024K)]
  0x00000185f94a97b0 WatcherThread "VM Periodic Task Thread"        [id=28660, stack(0x00000005b8100000,0x00000005b8200000) (1024K)]
  0x00000185ec07eb40 WorkerThread "GC Thread#0"                     [id=19168, stack(0x00000005b7c00000,0x00000005b7d00000) (1024K)]
  0x00000185fed81100 WorkerThread "GC Thread#1"                     [id=27100, stack(0x00000005b8f00000,0x00000005b9000000) (1024K)]
  0x00000185fed814b0 WorkerThread "GC Thread#2"                     [id=35824, stack(0x00000005b9000000,0x00000005b9100000) (1024K)]
  0x00000185fea1f5b0 WorkerThread "GC Thread#3"                     [id=33020, stack(0x00000005b9100000,0x00000005b9200000) (1024K)]
  0x00000185ff210920 WorkerThread "GC Thread#4"                     [id=18156, stack(0x00000005b9200000,0x00000005b9300000) (1024K)]
  0x00000185ff1a7fd0 WorkerThread "GC Thread#5"                     [id=23324, stack(0x00000005b9300000,0x00000005b9400000) (1024K)]
  0x00000185ec08f2c0 ConcurrentGCThread "G1 Main Marker"            [id=32288, stack(0x00000005b7d00000,0x00000005b7e00000) (1024K)]
  0x00000185ec090b60 WorkerThread "G1 Conc#0"                       [id=22960, stack(0x00000005b7e00000,0x00000005b7f00000) (1024K)]
  0x00000185ff404fd0 WorkerThread "G1 Conc#1"                       [id=11676, stack(0x00000005b9400000,0x00000005b9500000) (1024K)]
  0x00000185f9376100 ConcurrentGCThread "G1 Refine#0"               [id=27496, stack(0x00000005b7f00000,0x00000005b8000000) (1024K)]
  0x00000185f9377940 ConcurrentGCThread "G1 Service"                [id=13600, stack(0x00000005b8000000,0x00000005b8100000) (1024K)]
Total: 13

Threads with active compile tasks:
C2 CompilerThread0    55731 28104   !   4       org.springframework.util.ReflectionUtils::doWithMethods (189 bytes)
Total: 1

VM state: not at safepoint (normal execution)

VM Mutex/Monitor currently owned by a thread: None

Heap address: 0x0000000083c00000, size: 1988 MB, Compressed Oops mode: 32-bit

CDS archive(s) mapped at: [0x000001858f000000-0x000001858fc90000-0x000001858fc90000), size 13172736, SharedBaseAddress: 0x000001858f000000, ArchiveRelocationMode: 1.
Compressed class space mapped at: 0x0000018590000000-0x00000185d0000000, reserved size: 1073741824
Narrow klass base: 0x000001858f000000, Narrow klass shift: 0, Narrow klass range: 0x100000000

GC Precious Log:
 CardTable entry size: 512
 Card Set container configuration: InlinePtr #cards 5 size 8 Array Of Cards #cards 12 size 40 Howl #buckets 4 coarsen threshold 1843 Howl Bitmap #cards 512 size 80 coarsen threshold 460 Card regions per heap region 1 cards per card region 2048
 CPUs: 6 total, 6 available
 Memory: 7946M
 Large Page Support: Disabled
 NUMA Support: Disabled
 Compressed Oops: Enabled (32-bit)
 Heap Region Size: 1M
 Heap Min Capacity: 8M
 Heap Initial Capacity: 126M
 Heap Max Capacity: 1988M
 Pre-touch: Disabled
 Parallel Workers: 6
 Concurrent Workers: 2
 Concurrent Refinement Workers: 6
 Periodic GC: Disabled

Heap:
 garbage-first heap   total 331776K, used 263807K [0x0000000083c00000, 0x0000000100000000)
  region size 1024K, 162 young (165888K), 11 survivors (11264K)
 Metaspace       used 135283K, committed 136832K, reserved 1179648K
  class space    used 17879K, committed 18624K, reserved 1048576K

Heap Regions: E=young(eden), S=young(survivor), O=old, HS=humongous(starts), HC=humongous(continues), CS=collection set, F=free, TAMS=top-at-mark-start, PB=parsable bottom
|   0|0x0000000083c00000, 0x0000000083d00000, 0x0000000083d00000|100%|HS|  |TAMS 0x0000000083c00000| PB 0x0000000083c00000| Complete 
|   1|0x0000000083d00000, 0x0000000083e00000, 0x0000000083e00000|100%|HS|  |TAMS 0x0000000083d00000| PB 0x0000000083d00000| Complete 
|   2|0x0000000083e00000, 0x0000000083f00000, 0x0000000083f00000|100%|HC|  |TAMS 0x0000000083e00000| PB 0x0000000083e00000| Complete 
|   3|0x0000000083f00000, 0x0000000084000000, 0x0000000084000000|100%| O|  |TAMS 0x0000000083f00000| PB 0x0000000083f00000| Untracked 
|   4|0x0000000084000000, 0x0000000084100000, 0x0000000084100000|100%| O|  |TAMS 0x0000000084000000| PB 0x0000000084000000| Untracked 
|   5|0x0000000084100000, 0x0000000084200000, 0x0000000084200000|100%| O|  |TAMS 0x0000000084100000| PB 0x0000000084100000| Untracked 
|   6|0x0000000084200000, 0x0000000084300000, 0x0000000084300000|100%| O|  |TAMS 0x0000000084200000| PB 0x0000000084200000| Untracked 
|   7|0x0000000084300000, 0x0000000084400000, 0x0000000084400000|100%| O|  |TAMS 0x0000000084300000| PB 0x0000000084300000| Untracked 
|   8|0x0000000084400000, 0x0000000084500000, 0x0000000084500000|100%| O|  |TAMS 0x0000000084400000| PB 0x0000000084400000| Untracked 
|   9|0x0000000084500000, 0x0000000084600000, 0x0000000084600000|100%| O|  |TAMS 0x0000000084500000| PB 0x0000000084500000| Untracked 
|  10|0x0000000084600000, 0x0000000084700000, 0x0000000084700000|100%| O|  |TAMS 0x0000000084600000| PB 0x0000000084600000| Untracked 
|  11|0x0000000084700000, 0x0000000084800000, 0x0000000084800000|100%| O|  |TAMS 0x0000000084700000| PB 0x0000000084700000| Untracked 
|  12|0x0000000084800000, 0x0000000084900000, 0x0000000084900000|100%| O|  |TAMS 0x0000000084800000| PB 0x0000000084800000| Untracked 
|  13|0x0000000084900000, 0x0000000084a00000, 0x0000000084a00000|100%| O|  |TAMS 0x0000000084900000| PB 0x0000000084900000| Untracked 
|  14|0x0000000084a00000, 0x0000000084b00000, 0x0000000084b00000|100%| O|  |TAMS 0x0000000084a00000| PB 0x0000000084a00000| Untracked 
|  15|0x0000000084b00000, 0x0000000084c00000, 0x0000000084c00000|100%| O|  |TAMS 0x0000000084b00000| PB 0x0000000084b00000| Untracked 
|  16|0x0000000084c00000, 0x0000000084d00000, 0x0000000084d00000|100%| O|  |TAMS 0x0000000084c00000| PB 0x0000000084c00000| Untracked 
|  17|0x0000000084d00000, 0x0000000084e00000, 0x0000000084e00000|100%| O|  |TAMS 0x0000000084d00000| PB 0x0000000084d00000| Untracked 
|  18|0x0000000084e00000, 0x0000000084f00000, 0x0000000084f00000|100%| O|  |TAMS 0x0000000084e00000| PB 0x0000000084e00000| Untracked 
|  19|0x0000000084f00000, 0x0000000085000000, 0x0000000085000000|100%| O|  |TAMS 0x0000000084f00000| PB 0x0000000084f00000| Untracked 
|  20|0x0000000085000000, 0x0000000085100000, 0x0000000085100000|100%| O|  |TAMS 0x0000000085000000| PB 0x0000000085000000| Untracked 
|  21|0x0000000085100000, 0x0000000085200000, 0x0000000085200000|100%| O|  |TAMS 0x0000000085100000| PB 0x0000000085100000| Untracked 
|  22|0x0000000085200000, 0x0000000085300000, 0x0000000085300000|100%| O|  |TAMS 0x0000000085200000| PB 0x0000000085200000| Untracked 
|  23|0x0000000085300000, 0x0000000085400000, 0x0000000085400000|100%| O|  |TAMS 0x0000000085300000| PB 0x0000000085300000| Untracked 
|  24|0x0000000085400000, 0x0000000085500000, 0x0000000085500000|100%| O|  |TAMS 0x0000000085400000| PB 0x0000000085400000| Untracked 
|  25|0x0000000085500000, 0x0000000085600000, 0x0000000085600000|100%| O|  |TAMS 0x0000000085500000| PB 0x0000000085500000| Untracked 
|  26|0x0000000085600000, 0x0000000085700000, 0x0000000085700000|100%| O|  |TAMS 0x0000000085600000| PB 0x0000000085600000| Untracked 
|  27|0x0000000085700000, 0x0000000085800000, 0x0000000085800000|100%| O|  |TAMS 0x0000000085700000| PB 0x0000000085700000| Untracked 
|  28|0x0000000085800000, 0x0000000085900000, 0x0000000085900000|100%| O|  |TAMS 0x0000000085800000| PB 0x0000000085800000| Untracked 
|  29|0x0000000085900000, 0x0000000085a00000, 0x0000000085a00000|100%| O|  |TAMS 0x0000000085900000| PB 0x0000000085900000| Untracked 
|  30|0x0000000085a00000, 0x0000000085b00000, 0x0000000085b00000|100%| O|  |TAMS 0x0000000085a00000| PB 0x0000000085a00000| Untracked 
|  31|0x0000000085b00000, 0x0000000085c00000, 0x0000000085c00000|100%| O|  |TAMS 0x0000000085b00000| PB 0x0000000085b00000| Untracked 
|  32|0x0000000085c00000, 0x0000000085d00000, 0x0000000085d00000|100%| O|  |TAMS 0x0000000085c00000| PB 0x0000000085c00000| Untracked 
|  33|0x0000000085d00000, 0x0000000085e00000, 0x0000000085e00000|100%| O|  |TAMS 0x0000000085d00000| PB 0x0000000085d00000| Untracked 
|  34|0x0000000085e00000, 0x0000000085f00000, 0x0000000085f00000|100%| O|  |TAMS 0x0000000085e00000| PB 0x0000000085e00000| Untracked 
|  35|0x0000000085f00000, 0x0000000086000000, 0x0000000086000000|100%| O|  |TAMS 0x0000000085f00000| PB 0x0000000085f00000| Untracked 
|  36|0x0000000086000000, 0x0000000086100000, 0x0000000086100000|100%| O|  |TAMS 0x0000000086000000| PB 0x0000000086000000| Untracked 
|  37|0x0000000086100000, 0x0000000086200000, 0x0000000086200000|100%| O|  |TAMS 0x0000000086100000| PB 0x0000000086100000| Untracked 
|  38|0x0000000086200000, 0x0000000086300000, 0x0000000086300000|100%| O|  |TAMS 0x0000000086200000| PB 0x0000000086200000| Untracked 
|  39|0x0000000086300000, 0x0000000086400000, 0x0000000086400000|100%| O|  |TAMS 0x0000000086300000| PB 0x0000000086300000| Untracked 
|  40|0x0000000086400000, 0x0000000086500000, 0x0000000086500000|100%| O|  |TAMS 0x0000000086400000| PB 0x0000000086400000| Untracked 
|  41|0x0000000086500000, 0x0000000086600000, 0x0000000086600000|100%| O|  |TAMS 0x0000000086500000| PB 0x0000000086500000| Untracked 
|  42|0x0000000086600000, 0x0000000086700000, 0x0000000086700000|100%| O|  |TAMS 0x0000000086600000| PB 0x0000000086600000| Untracked 
|  43|0x0000000086700000, 0x0000000086800000, 0x0000000086800000|100%| O|  |TAMS 0x0000000086700000| PB 0x0000000086700000| Untracked 
|  44|0x0000000086800000, 0x0000000086900000, 0x0000000086900000|100%| O|  |TAMS 0x0000000086800000| PB 0x0000000086800000| Untracked 
|  45|0x0000000086900000, 0x0000000086900000, 0x0000000086a00000|  0%| F|  |TAMS 0x0000000086900000| PB 0x0000000086900000| Untracked 
|  46|0x0000000086a00000, 0x0000000086b00000, 0x0000000086b00000|100%| O|  |TAMS 0x0000000086a00000| PB 0x0000000086a00000| Untracked 
|  47|0x0000000086b00000, 0x0000000086c00000, 0x0000000086c00000|100%| O|  |TAMS 0x0000000086b00000| PB 0x0000000086b00000| Untracked 
|  48|0x0000000086c00000, 0x0000000086d00000, 0x0000000086d00000|100%| O|  |TAMS 0x0000000086c00000| PB 0x0000000086c00000| Untracked 
|  49|0x0000000086d00000, 0x0000000086e00000, 0x0000000086e00000|100%| O|  |TAMS 0x0000000086d00000| PB 0x0000000086d00000| Untracked 
|  50|0x0000000086e00000, 0x0000000086e00000, 0x0000000086f00000|  0%| F|  |TAMS 0x0000000086e00000| PB 0x0000000086e00000| Untracked 
|  51|0x0000000086f00000, 0x0000000087000000, 0x0000000087000000|100%| O|  |TAMS 0x0000000086f00000| PB 0x0000000086f00000| Untracked 
|  52|0x0000000087000000, 0x0000000087100000, 0x0000000087100000|100%| O|  |TAMS 0x0000000087000000| PB 0x0000000087000000| Untracked 
|  53|0x0000000087100000, 0x0000000087200000, 0x0000000087200000|100%| O|  |TAMS 0x0000000087100000| PB 0x0000000087100000| Untracked 
|  54|0x0000000087200000, 0x0000000087200000, 0x0000000087300000|  0%| F|  |TAMS 0x0000000087200000| PB 0x0000000087200000| Untracked 
|  55|0x0000000087300000, 0x0000000087300000, 0x0000000087400000|  0%| F|  |TAMS 0x0000000087300000| PB 0x0000000087300000| Untracked 
|  56|0x0000000087400000, 0x0000000087400000, 0x0000000087500000|  0%| F|  |TAMS 0x0000000087400000| PB 0x0000000087400000| Untracked 
|  57|0x0000000087500000, 0x0000000087600000, 0x0000000087600000|100%| O|  |TAMS 0x0000000087500000| PB 0x0000000087500000| Untracked 
|  58|0x0000000087600000, 0x0000000087700000, 0x0000000087700000|100%| O|  |TAMS 0x0000000087600000| PB 0x0000000087600000| Untracked 
|  59|0x0000000087700000, 0x0000000087800000, 0x0000000087800000|100%| O|  |TAMS 0x0000000087700000| PB 0x0000000087700000| Untracked 
|  60|0x0000000087800000, 0x0000000087900000, 0x0000000087900000|100%| O|Cm|TAMS 0x0000000087800000| PB 0x0000000087800000| Complete 
|  61|0x0000000087900000, 0x0000000087a00000, 0x0000000087a00000|100%| O|Cm|TAMS 0x0000000087900000| PB 0x0000000087900000| Complete 
|  62|0x0000000087a00000, 0x0000000087b00000, 0x0000000087b00000|100%| O|Cm|TAMS 0x0000000087a00000| PB 0x0000000087a00000| Complete 
|  63|0x0000000087b00000, 0x0000000087c00000, 0x0000000087c00000|100%| O|Cm|TAMS 0x0000000087b00000| PB 0x0000000087b00000| Complete 
|  64|0x0000000087c00000, 0x0000000087d00000, 0x0000000087d00000|100%| O|Cm|TAMS 0x0000000087c00000| PB 0x0000000087c00000| Complete 
|  65|0x0000000087d00000, 0x0000000087e00000, 0x0000000087e00000|100%| O|  |TAMS 0x0000000087d00000| PB 0x0000000087d00000| Untracked 
|  66|0x0000000087e00000, 0x0000000087f00000, 0x0000000087f00000|100%| O|Cm|TAMS 0x0000000087e00000| PB 0x0000000087e00000| Complete 
|  67|0x0000000087f00000, 0x0000000088000000, 0x0000000088000000|100%| O|  |TAMS 0x0000000087f00000| PB 0x0000000087f00000| Untracked 
|  68|0x0000000088000000, 0x0000000088100000, 0x0000000088100000|100%| O|Cm|TAMS 0x0000000088000000| PB 0x0000000088000000| Complete 
|  69|0x0000000088100000, 0x0000000088200000, 0x0000000088200000|100%| O|Cm|TAMS 0x0000000088100000| PB 0x0000000088100000| Complete 
|  70|0x0000000088200000, 0x0000000088300000, 0x0000000088300000|100%| O|Cm|TAMS 0x0000000088200000| PB 0x0000000088200000| Complete 
|  71|0x0000000088300000, 0x0000000088400000, 0x0000000088400000|100%| O|Cm|TAMS 0x0000000088300000| PB 0x0000000088300000| Complete 
|  72|0x0000000088400000, 0x0000000088500000, 0x0000000088500000|100%| O|Cm|TAMS 0x0000000088400000| PB 0x0000000088400000| Complete 
|  73|0x0000000088500000, 0x0000000088600000, 0x0000000088600000|100%| O|Cm|TAMS 0x0000000088500000| PB 0x0000000088500000| Complete 
|  74|0x0000000088600000, 0x0000000088700000, 0x0000000088700000|100%| O|Cm|TAMS 0x0000000088600000| PB 0x0000000088600000| Complete 
|  75|0x0000000088700000, 0x0000000088800000, 0x0000000088800000|100%| O|  |TAMS 0x0000000088700000| PB 0x0000000088700000| Untracked 
|  76|0x0000000088800000, 0x0000000088900000, 0x0000000088900000|100%| O|  |TAMS 0x0000000088800000| PB 0x0000000088800000| Untracked 
|  77|0x0000000088900000, 0x0000000088a00000, 0x0000000088a00000|100%| O|  |TAMS 0x0000000088900000| PB 0x0000000088900000| Untracked 
|  78|0x0000000088a00000, 0x0000000088b00000, 0x0000000088b00000|100%| O|Cm|TAMS 0x0000000088a00000| PB 0x0000000088a00000| Complete 
|  79|0x0000000088b00000, 0x0000000088c00000, 0x0000000088c00000|100%| O|Cm|TAMS 0x0000000088b00000| PB 0x0000000088b00000| Complete 
|  80|0x0000000088c00000, 0x0000000088d00000, 0x0000000088d00000|100%| O|Cm|TAMS 0x0000000088c00000| PB 0x0000000088c00000| Complete 
|  81|0x0000000088d00000, 0x0000000088e00000, 0x0000000088e00000|100%| O|  |TAMS 0x0000000088d00000| PB 0x0000000088d00000| Untracked 
|  82|0x0000000088e00000, 0x0000000088f00000, 0x0000000088f00000|100%| O|  |TAMS 0x0000000088e00000| PB 0x0000000088e00000| Untracked 
|  83|0x0000000088f00000, 0x0000000089000000, 0x0000000089000000|100%| O|  |TAMS 0x0000000088f00000| PB 0x0000000088f00000| Untracked 
|  84|0x0000000089000000, 0x0000000089100000, 0x0000000089100000|100%| O|Cm|TAMS 0x0000000089000000| PB 0x0000000089000000| Complete 
|  85|0x0000000089100000, 0x0000000089200000, 0x0000000089200000|100%| O|  |TAMS 0x0000000089100000| PB 0x0000000089100000| Untracked 
|  86|0x0000000089200000, 0x0000000089300000, 0x0000000089300000|100%| O|Cm|TAMS 0x0000000089200000| PB 0x0000000089200000| Complete 
|  87|0x0000000089300000, 0x0000000089400000, 0x0000000089400000|100%| O|Cm|TAMS 0x0000000089300000| PB 0x0000000089300000| Complete 
|  88|0x0000000089400000, 0x0000000089500000, 0x0000000089500000|100%| O|  |TAMS 0x0000000089400000| PB 0x0000000089400000| Untracked 
|  89|0x0000000089500000, 0x0000000089600000, 0x0000000089600000|100%| O|  |TAMS 0x0000000089500000| PB 0x0000000089500000| Untracked 
|  90|0x0000000089600000, 0x0000000089700000, 0x0000000089700000|100%| O|  |TAMS 0x0000000089600000| PB 0x0000000089600000| Untracked 
|  91|0x0000000089700000, 0x0000000089800000, 0x0000000089800000|100%| O|  |TAMS 0x0000000089700000| PB 0x0000000089700000| Untracked 
|  92|0x0000000089800000, 0x0000000089900000, 0x0000000089900000|100%| O|  |TAMS 0x0000000089800000| PB 0x0000000089800000| Untracked 
|  93|0x0000000089900000, 0x0000000089a00000, 0x0000000089a00000|100%| O|  |TAMS 0x0000000089900000| PB 0x0000000089900000| Untracked 
|  94|0x0000000089a00000, 0x0000000089b00000, 0x0000000089b00000|100%| O|  |TAMS 0x0000000089a00000| PB 0x0000000089a00000| Untracked 
|  95|0x0000000089b00000, 0x0000000089c00000, 0x0000000089c00000|100%| O|  |TAMS 0x0000000089b00000| PB 0x0000000089b00000| Untracked 
|  96|0x0000000089c00000, 0x0000000089d00000, 0x0000000089d00000|100%| O|  |TAMS 0x0000000089c00000| PB 0x0000000089c00000| Untracked 
|  97|0x0000000089d00000, 0x0000000089e00000, 0x0000000089e00000|100%| O|  |TAMS 0x0000000089d00000| PB 0x0000000089d00000| Untracked 
|  98|0x0000000089e00000, 0x0000000089f00000, 0x0000000089f00000|100%| O|  |TAMS 0x0000000089e00000| PB 0x0000000089e00000| Untracked 
|  99|0x0000000089f00000, 0x000000008a000000, 0x000000008a000000|100%| O|  |TAMS 0x0000000089f00000| PB 0x0000000089f00000| Untracked 
| 100|0x000000008a000000, 0x000000008a100000, 0x000000008a100000|100%| O|  |TAMS 0x000000008a000000| PB 0x000000008a000000| Untracked 
| 101|0x000000008a100000, 0x000000008a19fe20, 0x000000008a200000| 62%| O|  |TAMS 0x000000008a100000| PB 0x000000008a100000| Untracked 
| 102|0x000000008a200000, 0x000000008a200000, 0x000000008a300000|  0%| F|  |TAMS 0x000000008a200000| PB 0x000000008a200000| Untracked 
| 103|0x000000008a300000, 0x000000008a300000, 0x000000008a400000|  0%| F|  |TAMS 0x000000008a300000| PB 0x000000008a300000| Untracked 
| 104|0x000000008a400000, 0x000000008a400000, 0x000000008a500000|  0%| F|  |TAMS 0x000000008a400000| PB 0x000000008a400000| Untracked 
| 105|0x000000008a500000, 0x000000008a500000, 0x000000008a600000|  0%| F|  |TAMS 0x000000008a500000| PB 0x000000008a500000| Untracked 
| 106|0x000000008a600000, 0x000000008a600000, 0x000000008a700000|  0%| F|  |TAMS 0x000000008a600000| PB 0x000000008a600000| Untracked 
| 107|0x000000008a700000, 0x000000008a700000, 0x000000008a800000|  0%| F|  |TAMS 0x000000008a700000| PB 0x000000008a700000| Untracked 
| 108|0x000000008a800000, 0x000000008a800000, 0x000000008a900000|  0%| F|  |TAMS 0x000000008a800000| PB 0x000000008a800000| Untracked 
| 109|0x000000008a900000, 0x000000008a900000, 0x000000008aa00000|  0%| F|  |TAMS 0x000000008a900000| PB 0x000000008a900000| Untracked 
| 110|0x000000008aa00000, 0x000000008aa00000, 0x000000008ab00000|  0%| F|  |TAMS 0x000000008aa00000| PB 0x000000008aa00000| Untracked 
| 111|0x000000008ab00000, 0x000000008ab00000, 0x000000008ac00000|  0%| F|  |TAMS 0x000000008ab00000| PB 0x000000008ab00000| Untracked 
| 112|0x000000008ac00000, 0x000000008ac00000, 0x000000008ad00000|  0%| F|  |TAMS 0x000000008ac00000| PB 0x000000008ac00000| Untracked 
| 113|0x000000008ad00000, 0x000000008ad00000, 0x000000008ae00000|  0%| F|  |TAMS 0x000000008ad00000| PB 0x000000008ad00000| Untracked 
| 114|0x000000008ae00000, 0x000000008ae00000, 0x000000008af00000|  0%| F|  |TAMS 0x000000008ae00000| PB 0x000000008ae00000| Untracked 
| 115|0x000000008af00000, 0x000000008af00000, 0x000000008b000000|  0%| F|  |TAMS 0x000000008af00000| PB 0x000000008af00000| Untracked 
| 116|0x000000008b000000, 0x000000008b000000, 0x000000008b100000|  0%| F|  |TAMS 0x000000008b000000| PB 0x000000008b000000| Untracked 
| 117|0x000000008b100000, 0x000000008b100000, 0x000000008b200000|  0%| F|  |TAMS 0x000000008b100000| PB 0x000000008b100000| Untracked 
| 118|0x000000008b200000, 0x000000008b200000, 0x000000008b300000|  0%| F|  |TAMS 0x000000008b200000| PB 0x000000008b200000| Untracked 
| 119|0x000000008b300000, 0x000000008b300000, 0x000000008b400000|  0%| F|  |TAMS 0x000000008b300000| PB 0x000000008b300000| Untracked 
| 120|0x000000008b400000, 0x000000008b400000, 0x000000008b500000|  0%| F|  |TAMS 0x000000008b400000| PB 0x000000008b400000| Untracked 
| 121|0x000000008b500000, 0x000000008b500000, 0x000000008b600000|  0%| F|  |TAMS 0x000000008b500000| PB 0x000000008b500000| Untracked 
| 122|0x000000008b600000, 0x000000008b600000, 0x000000008b700000|  0%| F|  |TAMS 0x000000008b600000| PB 0x000000008b600000| Untracked 
| 123|0x000000008b700000, 0x000000008b700000, 0x000000008b800000|  0%| F|  |TAMS 0x000000008b700000| PB 0x000000008b700000| Untracked 
| 124|0x000000008b800000, 0x000000008b800000, 0x000000008b900000|  0%| F|  |TAMS 0x000000008b800000| PB 0x000000008b800000| Untracked 
| 125|0x000000008b900000, 0x000000008b900000, 0x000000008ba00000|  0%| F|  |TAMS 0x000000008b900000| PB 0x000000008b900000| Untracked 
| 126|0x000000008ba00000, 0x000000008ba00000, 0x000000008bb00000|  0%| F|  |TAMS 0x000000008ba00000| PB 0x000000008ba00000| Untracked 
| 127|0x000000008bb00000, 0x000000008bb00000, 0x000000008bc00000|  0%| F|  |TAMS 0x000000008bb00000| PB 0x000000008bb00000| Untracked 
| 128|0x000000008bc00000, 0x000000008bc00000, 0x000000008bd00000|  0%| F|  |TAMS 0x000000008bc00000| PB 0x000000008bc00000| Untracked 
| 129|0x000000008bd00000, 0x000000008bd00000, 0x000000008be00000|  0%| F|  |TAMS 0x000000008bd00000| PB 0x000000008bd00000| Untracked 
| 130|0x000000008be00000, 0x000000008be00000, 0x000000008bf00000|  0%| F|  |TAMS 0x000000008be00000| PB 0x000000008be00000| Untracked 
| 131|0x000000008bf00000, 0x000000008bf00000, 0x000000008c000000|  0%| F|  |TAMS 0x000000008bf00000| PB 0x000000008bf00000| Untracked 
| 132|0x000000008c000000, 0x000000008c000000, 0x000000008c100000|  0%| F|  |TAMS 0x000000008c000000| PB 0x000000008c000000| Untracked 
| 133|0x000000008c100000, 0x000000008c100000, 0x000000008c200000|  0%| F|  |TAMS 0x000000008c100000| PB 0x000000008c100000| Untracked 
| 134|0x000000008c200000, 0x000000008c200000, 0x000000008c300000|  0%| F|  |TAMS 0x000000008c200000| PB 0x000000008c200000| Untracked 
| 135|0x000000008c300000, 0x000000008c300000, 0x000000008c400000|  0%| F|  |TAMS 0x000000008c300000| PB 0x000000008c300000| Untracked 
| 136|0x000000008c400000, 0x000000008c400000, 0x000000008c500000|  0%| F|  |TAMS 0x000000008c400000| PB 0x000000008c400000| Untracked 
| 137|0x000000008c500000, 0x000000008c500000, 0x000000008c600000|  0%| F|  |TAMS 0x000000008c500000| PB 0x000000008c500000| Untracked 
| 138|0x000000008c600000, 0x000000008c600000, 0x000000008c700000|  0%| F|  |TAMS 0x000000008c600000| PB 0x000000008c600000| Untracked 
| 139|0x000000008c700000, 0x000000008c700000, 0x000000008c800000|  0%| F|  |TAMS 0x000000008c700000| PB 0x000000008c700000| Untracked 
| 140|0x000000008c800000, 0x000000008c800000, 0x000000008c900000|  0%| F|  |TAMS 0x000000008c800000| PB 0x000000008c800000| Untracked 
| 141|0x000000008c900000, 0x000000008c900000, 0x000000008ca00000|  0%| F|  |TAMS 0x000000008c900000| PB 0x000000008c900000| Untracked 
| 142|0x000000008ca00000, 0x000000008ca00000, 0x000000008cb00000|  0%| F|  |TAMS 0x000000008ca00000| PB 0x000000008ca00000| Untracked 
| 143|0x000000008cb00000, 0x000000008cb00000, 0x000000008cc00000|  0%| F|  |TAMS 0x000000008cb00000| PB 0x000000008cb00000| Untracked 
| 144|0x000000008cc00000, 0x000000008cc00000, 0x000000008cd00000|  0%| F|  |TAMS 0x000000008cc00000| PB 0x000000008cc00000| Untracked 
| 145|0x000000008cd00000, 0x000000008cd00000, 0x000000008ce00000|  0%| F|  |TAMS 0x000000008cd00000| PB 0x000000008cd00000| Untracked 
| 146|0x000000008ce00000, 0x000000008ce00000, 0x000000008cf00000|  0%| F|  |TAMS 0x000000008ce00000| PB 0x000000008ce00000| Untracked 
| 147|0x000000008cf00000, 0x000000008cf00000, 0x000000008d000000|  0%| F|  |TAMS 0x000000008cf00000| PB 0x000000008cf00000| Untracked 
| 148|0x000000008d000000, 0x000000008d000000, 0x000000008d100000|  0%| F|  |TAMS 0x000000008d000000| PB 0x000000008d000000| Untracked 
| 149|0x000000008d100000, 0x000000008d100000, 0x000000008d200000|  0%| F|  |TAMS 0x000000008d100000| PB 0x000000008d100000| Untracked 
| 150|0x000000008d200000, 0x000000008d200000, 0x000000008d300000|  0%| F|  |TAMS 0x000000008d200000| PB 0x000000008d200000| Untracked 
| 151|0x000000008d300000, 0x000000008d300000, 0x000000008d400000|  0%| F|  |TAMS 0x000000008d300000| PB 0x000000008d300000| Untracked 
| 152|0x000000008d400000, 0x000000008d400000, 0x000000008d500000|  0%| F|  |TAMS 0x000000008d400000| PB 0x000000008d400000| Untracked 
| 153|0x000000008d500000, 0x000000008d500000, 0x000000008d600000|  0%| F|  |TAMS 0x000000008d500000| PB 0x000000008d500000| Untracked 
| 154|0x000000008d600000, 0x000000008d600000, 0x000000008d700000|  0%| F|  |TAMS 0x000000008d600000| PB 0x000000008d600000| Untracked 
| 155|0x000000008d700000, 0x000000008d700000, 0x000000008d800000|  0%| F|  |TAMS 0x000000008d700000| PB 0x000000008d700000| Untracked 
| 156|0x000000008d800000, 0x000000008d800000, 0x000000008d900000|  0%| F|  |TAMS 0x000000008d800000| PB 0x000000008d800000| Untracked 
| 157|0x000000008d900000, 0x000000008d900000, 0x000000008da00000|  0%| F|  |TAMS 0x000000008d900000| PB 0x000000008d900000| Untracked 
| 158|0x000000008da00000, 0x000000008da00000, 0x000000008db00000|  0%| F|  |TAMS 0x000000008da00000| PB 0x000000008da00000| Untracked 
| 159|0x000000008db00000, 0x000000008db00000, 0x000000008dc00000|  0%| F|  |TAMS 0x000000008db00000| PB 0x000000008db00000| Untracked 
| 160|0x000000008dc00000, 0x000000008dc00000, 0x000000008dd00000|  0%| F|  |TAMS 0x000000008dc00000| PB 0x000000008dc00000| Untracked 
| 161|0x000000008dd00000, 0x000000008dd00000, 0x000000008de00000|  0%| F|  |TAMS 0x000000008dd00000| PB 0x000000008dd00000| Untracked 
| 162|0x000000008de00000, 0x000000008de80000, 0x000000008df00000| 50%| E|  |TAMS 0x000000008de00000| PB 0x000000008de00000| Complete 
| 163|0x000000008df00000, 0x000000008e000000, 0x000000008e000000|100%| E|CS|TAMS 0x000000008df00000| PB 0x000000008df00000| Complete 
| 164|0x000000008e000000, 0x000000008e100000, 0x000000008e100000|100%| E|CS|TAMS 0x000000008e000000| PB 0x000000008e000000| Complete 
| 165|0x000000008e100000, 0x000000008e200000, 0x000000008e200000|100%| E|CS|TAMS 0x000000008e100000| PB 0x000000008e100000| Complete 
| 166|0x000000008e200000, 0x000000008e300000, 0x000000008e300000|100%| E|CS|TAMS 0x000000008e200000| PB 0x000000008e200000| Complete 
| 167|0x000000008e300000, 0x000000008e400000, 0x000000008e400000|100%| E|CS|TAMS 0x000000008e300000| PB 0x000000008e300000| Complete 
| 168|0x000000008e400000, 0x000000008e500000, 0x000000008e500000|100%| E|CS|TAMS 0x000000008e400000| PB 0x000000008e400000| Complete 
| 169|0x000000008e500000, 0x000000008e600000, 0x000000008e600000|100%| E|CS|TAMS 0x000000008e500000| PB 0x000000008e500000| Complete 
| 170|0x000000008e600000, 0x000000008e700000, 0x000000008e700000|100%| E|CS|TAMS 0x000000008e600000| PB 0x000000008e600000| Complete 
| 171|0x000000008e700000, 0x000000008e800000, 0x000000008e800000|100%| E|CS|TAMS 0x000000008e700000| PB 0x000000008e700000| Complete 
| 172|0x000000008e800000, 0x000000008e900000, 0x000000008e900000|100%| E|CS|TAMS 0x000000008e800000| PB 0x000000008e800000| Complete 
| 173|0x000000008e900000, 0x000000008ea00000, 0x000000008ea00000|100%| E|CS|TAMS 0x000000008e900000| PB 0x000000008e900000| Complete 
| 174|0x000000008ea00000, 0x000000008eb00000, 0x000000008eb00000|100%| E|CS|TAMS 0x000000008ea00000| PB 0x000000008ea00000| Complete 
| 175|0x000000008eb00000, 0x000000008ec00000, 0x000000008ec00000|100%| E|CS|TAMS 0x000000008eb00000| PB 0x000000008eb00000| Complete 
| 176|0x000000008ec00000, 0x000000008ed00000, 0x000000008ed00000|100%| E|CS|TAMS 0x000000008ec00000| PB 0x000000008ec00000| Complete 
| 177|0x000000008ed00000, 0x000000008ee00000, 0x000000008ee00000|100%| E|CS|TAMS 0x000000008ed00000| PB 0x000000008ed00000| Complete 
| 178|0x000000008ee00000, 0x000000008ef00000, 0x000000008ef00000|100%| E|CS|TAMS 0x000000008ee00000| PB 0x000000008ee00000| Complete 
| 179|0x000000008ef00000, 0x000000008f000000, 0x000000008f000000|100%| E|CS|TAMS 0x000000008ef00000| PB 0x000000008ef00000| Complete 
| 180|0x000000008f000000, 0x000000008f100000, 0x000000008f100000|100%| E|CS|TAMS 0x000000008f000000| PB 0x000000008f000000| Complete 
| 181|0x000000008f100000, 0x000000008f200000, 0x000000008f200000|100%| E|CS|TAMS 0x000000008f100000| PB 0x000000008f100000| Complete 
| 182|0x000000008f200000, 0x000000008f300000, 0x000000008f300000|100%| E|CS|TAMS 0x000000008f200000| PB 0x000000008f200000| Complete 
| 183|0x000000008f300000, 0x000000008f400000, 0x000000008f400000|100%| E|CS|TAMS 0x000000008f300000| PB 0x000000008f300000| Complete 
| 184|0x000000008f400000, 0x000000008f500000, 0x000000008f500000|100%| E|CS|TAMS 0x000000008f400000| PB 0x000000008f400000| Complete 
| 185|0x000000008f500000, 0x000000008f600000, 0x000000008f600000|100%| E|CS|TAMS 0x000000008f500000| PB 0x000000008f500000| Complete 
| 186|0x000000008f600000, 0x000000008f700000, 0x000000008f700000|100%| E|CS|TAMS 0x000000008f600000| PB 0x000000008f600000| Complete 
| 187|0x000000008f700000, 0x000000008f800000, 0x000000008f800000|100%| E|CS|TAMS 0x000000008f700000| PB 0x000000008f700000| Complete 
| 188|0x000000008f800000, 0x000000008f900000, 0x000000008f900000|100%| E|CS|TAMS 0x000000008f800000| PB 0x000000008f800000| Complete 
| 189|0x000000008f900000, 0x000000008fa00000, 0x000000008fa00000|100%| E|CS|TAMS 0x000000008f900000| PB 0x000000008f900000| Complete 
| 190|0x000000008fa00000, 0x000000008fb00000, 0x000000008fb00000|100%| E|CS|TAMS 0x000000008fa00000| PB 0x000000008fa00000| Complete 
| 191|0x000000008fb00000, 0x000000008fc00000, 0x000000008fc00000|100%| E|CS|TAMS 0x000000008fb00000| PB 0x000000008fb00000| Complete 
| 192|0x000000008fc00000, 0x000000008fd00000, 0x000000008fd00000|100%| E|CS|TAMS 0x000000008fc00000| PB 0x000000008fc00000| Complete 
| 193|0x000000008fd00000, 0x000000008fe00000, 0x000000008fe00000|100%| E|CS|TAMS 0x000000008fd00000| PB 0x000000008fd00000| Complete 
| 194|0x000000008fe00000, 0x000000008ff00000, 0x000000008ff00000|100%| E|CS|TAMS 0x000000008fe00000| PB 0x000000008fe00000| Complete 
| 195|0x000000008ff00000, 0x0000000090000000, 0x0000000090000000|100%| E|CS|TAMS 0x000000008ff00000| PB 0x000000008ff00000| Complete 
| 196|0x0000000090000000, 0x0000000090100000, 0x0000000090100000|100%| E|CS|TAMS 0x0000000090000000| PB 0x0000000090000000| Complete 
| 197|0x0000000090100000, 0x0000000090200000, 0x0000000090200000|100%| E|CS|TAMS 0x0000000090100000| PB 0x0000000090100000| Complete 
| 198|0x0000000090200000, 0x0000000090300000, 0x0000000090300000|100%| E|CS|TAMS 0x0000000090200000| PB 0x0000000090200000| Complete 
| 199|0x0000000090300000, 0x0000000090400000, 0x0000000090400000|100%| E|CS|TAMS 0x0000000090300000| PB 0x0000000090300000| Complete 
| 200|0x0000000090400000, 0x0000000090500000, 0x0000000090500000|100%| E|CS|TAMS 0x0000000090400000| PB 0x0000000090400000| Complete 
| 201|0x0000000090500000, 0x0000000090600000, 0x0000000090600000|100%| E|CS|TAMS 0x0000000090500000| PB 0x0000000090500000| Complete 
| 202|0x0000000090600000, 0x0000000090700000, 0x0000000090700000|100%| E|CS|TAMS 0x0000000090600000| PB 0x0000000090600000| Complete 
| 203|0x0000000090700000, 0x0000000090800000, 0x0000000090800000|100%| E|CS|TAMS 0x0000000090700000| PB 0x0000000090700000| Complete 
| 204|0x0000000090800000, 0x0000000090900000, 0x0000000090900000|100%| E|CS|TAMS 0x0000000090800000| PB 0x0000000090800000| Complete 
| 205|0x0000000090900000, 0x0000000090a00000, 0x0000000090a00000|100%| E|CS|TAMS 0x0000000090900000| PB 0x0000000090900000| Complete 
| 206|0x0000000090a00000, 0x0000000090b00000, 0x0000000090b00000|100%| E|CS|TAMS 0x0000000090a00000| PB 0x0000000090a00000| Complete 
| 207|0x0000000090b00000, 0x0000000090c00000, 0x0000000090c00000|100%| E|CS|TAMS 0x0000000090b00000| PB 0x0000000090b00000| Complete 
| 208|0x0000000090c00000, 0x0000000090d00000, 0x0000000090d00000|100%| E|CS|TAMS 0x0000000090c00000| PB 0x0000000090c00000| Complete 
| 209|0x0000000090d00000, 0x0000000090e00000, 0x0000000090e00000|100%| E|CS|TAMS 0x0000000090d00000| PB 0x0000000090d00000| Complete 
| 210|0x0000000090e00000, 0x0000000090f00000, 0x0000000090f00000|100%| E|CS|TAMS 0x0000000090e00000| PB 0x0000000090e00000| Complete 
| 211|0x0000000090f00000, 0x0000000091000000, 0x0000000091000000|100%| E|CS|TAMS 0x0000000090f00000| PB 0x0000000090f00000| Complete 
| 212|0x0000000091000000, 0x0000000091100000, 0x0000000091100000|100%| E|CS|TAMS 0x0000000091000000| PB 0x0000000091000000| Complete 
| 213|0x0000000091100000, 0x0000000091200000, 0x0000000091200000|100%| E|CS|TAMS 0x0000000091100000| PB 0x0000000091100000| Complete 
| 214|0x0000000091200000, 0x0000000091300000, 0x0000000091300000|100%| E|CS|TAMS 0x0000000091200000| PB 0x0000000091200000| Complete 
| 215|0x0000000091300000, 0x0000000091400000, 0x0000000091400000|100%| E|CS|TAMS 0x0000000091300000| PB 0x0000000091300000| Complete 
| 216|0x0000000091400000, 0x0000000091500000, 0x0000000091500000|100%| E|CS|TAMS 0x0000000091400000| PB 0x0000000091400000| Complete 
| 217|0x0000000091500000, 0x0000000091600000, 0x0000000091600000|100%| E|CS|TAMS 0x0000000091500000| PB 0x0000000091500000| Complete 
| 218|0x0000000091600000, 0x0000000091700000, 0x0000000091700000|100%| E|CS|TAMS 0x0000000091600000| PB 0x0000000091600000| Complete 
| 219|0x0000000091700000, 0x0000000091800000, 0x0000000091800000|100%| E|CS|TAMS 0x0000000091700000| PB 0x0000000091700000| Complete 
| 220|0x0000000091800000, 0x0000000091900000, 0x0000000091900000|100%| E|CS|TAMS 0x0000000091800000| PB 0x0000000091800000| Complete 
| 221|0x0000000091900000, 0x0000000091a00000, 0x0000000091a00000|100%| E|CS|TAMS 0x0000000091900000| PB 0x0000000091900000| Complete 
| 222|0x0000000091a00000, 0x0000000091b00000, 0x0000000091b00000|100%| E|CS|TAMS 0x0000000091a00000| PB 0x0000000091a00000| Complete 
| 223|0x0000000091b00000, 0x0000000091c00000, 0x0000000091c00000|100%| E|CS|TAMS 0x0000000091b00000| PB 0x0000000091b00000| Complete 
| 224|0x0000000091c00000, 0x0000000091d00000, 0x0000000091d00000|100%| E|CS|TAMS 0x0000000091c00000| PB 0x0000000091c00000| Complete 
| 225|0x0000000091d00000, 0x0000000091e00000, 0x0000000091e00000|100%| E|CS|TAMS 0x0000000091d00000| PB 0x0000000091d00000| Complete 
| 226|0x0000000091e00000, 0x0000000091f00000, 0x0000000091f00000|100%| E|CS|TAMS 0x0000000091e00000| PB 0x0000000091e00000| Complete 
| 227|0x0000000091f00000, 0x0000000092000000, 0x0000000092000000|100%| E|CS|TAMS 0x0000000091f00000| PB 0x0000000091f00000| Complete 
| 228|0x0000000092000000, 0x0000000092100000, 0x0000000092100000|100%| E|CS|TAMS 0x0000000092000000| PB 0x0000000092000000| Complete 
| 229|0x0000000092100000, 0x0000000092200000, 0x0000000092200000|100%| E|CS|TAMS 0x0000000092100000| PB 0x0000000092100000| Complete 
| 230|0x0000000092200000, 0x0000000092300000, 0x0000000092300000|100%| E|CS|TAMS 0x0000000092200000| PB 0x0000000092200000| Complete 
| 231|0x0000000092300000, 0x0000000092400000, 0x0000000092400000|100%| E|CS|TAMS 0x0000000092300000| PB 0x0000000092300000| Complete 
| 232|0x0000000092400000, 0x0000000092500000, 0x0000000092500000|100%| E|CS|TAMS 0x0000000092400000| PB 0x0000000092400000| Complete 
| 233|0x0000000092500000, 0x0000000092600000, 0x0000000092600000|100%| E|CS|TAMS 0x0000000092500000| PB 0x0000000092500000| Complete 
| 234|0x0000000092600000, 0x0000000092700000, 0x0000000092700000|100%| E|CS|TAMS 0x0000000092600000| PB 0x0000000092600000| Complete 
| 235|0x0000000092700000, 0x0000000092800000, 0x0000000092800000|100%| E|CS|TAMS 0x0000000092700000| PB 0x0000000092700000| Complete 
| 236|0x0000000092800000, 0x0000000092900000, 0x0000000092900000|100%| E|CS|TAMS 0x0000000092800000| PB 0x0000000092800000| Complete 
| 237|0x0000000092900000, 0x0000000092a00000, 0x0000000092a00000|100%| E|CS|TAMS 0x0000000092900000| PB 0x0000000092900000| Complete 
| 238|0x0000000092a00000, 0x0000000092b00000, 0x0000000092b00000|100%| E|CS|TAMS 0x0000000092a00000| PB 0x0000000092a00000| Complete 
| 239|0x0000000092b00000, 0x0000000092c00000, 0x0000000092c00000|100%| E|CS|TAMS 0x0000000092b00000| PB 0x0000000092b00000| Complete 
| 240|0x0000000092c00000, 0x0000000092d00000, 0x0000000092d00000|100%| E|CS|TAMS 0x0000000092c00000| PB 0x0000000092c00000| Complete 
| 241|0x0000000092d00000, 0x0000000092e00000, 0x0000000092e00000|100%| E|CS|TAMS 0x0000000092d00000| PB 0x0000000092d00000| Complete 
| 242|0x0000000092e00000, 0x0000000092f00000, 0x0000000092f00000|100%| E|CS|TAMS 0x0000000092e00000| PB 0x0000000092e00000| Complete 
| 243|0x0000000092f00000, 0x0000000093000000, 0x0000000093000000|100%| E|CS|TAMS 0x0000000092f00000| PB 0x0000000092f00000| Complete 
| 244|0x0000000093000000, 0x0000000093100000, 0x0000000093100000|100%| E|CS|TAMS 0x0000000093000000| PB 0x0000000093000000| Complete 
| 245|0x0000000093100000, 0x0000000093200000, 0x0000000093200000|100%| E|CS|TAMS 0x0000000093100000| PB 0x0000000093100000| Complete 
| 246|0x0000000093200000, 0x0000000093300000, 0x0000000093300000|100%| E|CS|TAMS 0x0000000093200000| PB 0x0000000093200000| Complete 
| 247|0x0000000093300000, 0x0000000093400000, 0x0000000093400000|100%| E|CS|TAMS 0x0000000093300000| PB 0x0000000093300000| Complete 
| 248|0x0000000093400000, 0x0000000093500000, 0x0000000093500000|100%| E|CS|TAMS 0x0000000093400000| PB 0x0000000093400000| Complete 
| 249|0x0000000093500000, 0x0000000093600000, 0x0000000093600000|100%| E|CS|TAMS 0x0000000093500000| PB 0x0000000093500000| Complete 
| 250|0x0000000093600000, 0x0000000093700000, 0x0000000093700000|100%| E|CS|TAMS 0x0000000093600000| PB 0x0000000093600000| Complete 
| 251|0x0000000093700000, 0x0000000093800000, 0x0000000093800000|100%| E|CS|TAMS 0x0000000093700000| PB 0x0000000093700000| Complete 
| 252|0x0000000093800000, 0x0000000093900000, 0x0000000093900000|100%| E|CS|TAMS 0x0000000093800000| PB 0x0000000093800000| Complete 
| 253|0x0000000093900000, 0x0000000093a00000, 0x0000000093a00000|100%| E|CS|TAMS 0x0000000093900000| PB 0x0000000093900000| Complete 
| 254|0x0000000093a00000, 0x0000000093b00000, 0x0000000093b00000|100%| E|CS|TAMS 0x0000000093a00000| PB 0x0000000093a00000| Complete 
| 255|0x0000000093b00000, 0x0000000093c00000, 0x0000000093c00000|100%| E|CS|TAMS 0x0000000093b00000| PB 0x0000000093b00000| Complete 
| 256|0x0000000093c00000, 0x0000000093d00000, 0x0000000093d00000|100%| E|CS|TAMS 0x0000000093c00000| PB 0x0000000093c00000| Complete 
| 257|0x0000000093d00000, 0x0000000093e00000, 0x0000000093e00000|100%| E|CS|TAMS 0x0000000093d00000| PB 0x0000000093d00000| Complete 
| 258|0x0000000093e00000, 0x0000000093f00000, 0x0000000093f00000|100%| E|CS|TAMS 0x0000000093e00000| PB 0x0000000093e00000| Complete 
| 259|0x0000000093f00000, 0x0000000094000000, 0x0000000094000000|100%| E|CS|TAMS 0x0000000093f00000| PB 0x0000000093f00000| Complete 
| 260|0x0000000094000000, 0x0000000094100000, 0x0000000094100000|100%| E|CS|TAMS 0x0000000094000000| PB 0x0000000094000000| Complete 
| 261|0x0000000094100000, 0x0000000094200000, 0x0000000094200000|100%| E|CS|TAMS 0x0000000094100000| PB 0x0000000094100000| Complete 
| 262|0x0000000094200000, 0x0000000094300000, 0x0000000094300000|100%| E|CS|TAMS 0x0000000094200000| PB 0x0000000094200000| Complete 
| 263|0x0000000094300000, 0x0000000094400000, 0x0000000094400000|100%| E|CS|TAMS 0x0000000094300000| PB 0x0000000094300000| Complete 
| 264|0x0000000094400000, 0x0000000094500000, 0x0000000094500000|100%| E|CS|TAMS 0x0000000094400000| PB 0x0000000094400000| Complete 
| 265|0x0000000094500000, 0x0000000094600000, 0x0000000094600000|100%| E|CS|TAMS 0x0000000094500000| PB 0x0000000094500000| Complete 
| 266|0x0000000094600000, 0x0000000094700000, 0x0000000094700000|100%| E|CS|TAMS 0x0000000094600000| PB 0x0000000094600000| Complete 
| 267|0x0000000094700000, 0x0000000094800000, 0x0000000094800000|100%| E|CS|TAMS 0x0000000094700000| PB 0x0000000094700000| Complete 
| 268|0x0000000094800000, 0x0000000094900000, 0x0000000094900000|100%| E|CS|TAMS 0x0000000094800000| PB 0x0000000094800000| Complete 
| 269|0x0000000094900000, 0x0000000094a00000, 0x0000000094a00000|100%| E|CS|TAMS 0x0000000094900000| PB 0x0000000094900000| Complete 
| 270|0x0000000094a00000, 0x0000000094b00000, 0x0000000094b00000|100%| E|CS|TAMS 0x0000000094a00000| PB 0x0000000094a00000| Complete 
| 271|0x0000000094b00000, 0x0000000094c00000, 0x0000000094c00000|100%| E|CS|TAMS 0x0000000094b00000| PB 0x0000000094b00000| Complete 
| 272|0x0000000094c00000, 0x0000000094d00000, 0x0000000094d00000|100%| S|CS|TAMS 0x0000000094c00000| PB 0x0000000094c00000| Complete 
| 273|0x0000000094d00000, 0x0000000094e00000, 0x0000000094e00000|100%| S|CS|TAMS 0x0000000094d00000| PB 0x0000000094d00000| Complete 
| 274|0x0000000094e00000, 0x0000000094f00000, 0x0000000094f00000|100%| S|CS|TAMS 0x0000000094e00000| PB 0x0000000094e00000| Complete 
| 275|0x0000000094f00000, 0x0000000095000000, 0x0000000095000000|100%| S|CS|TAMS 0x0000000094f00000| PB 0x0000000094f00000| Complete 
| 276|0x0000000095000000, 0x0000000095100000, 0x0000000095100000|100%| S|CS|TAMS 0x0000000095000000| PB 0x0000000095000000| Complete 
| 277|0x0000000095100000, 0x0000000095200000, 0x0000000095200000|100%| S|CS|TAMS 0x0000000095100000| PB 0x0000000095100000| Complete 
| 278|0x0000000095200000, 0x0000000095300000, 0x0000000095300000|100%| S|CS|TAMS 0x0000000095200000| PB 0x0000000095200000| Complete 
| 279|0x0000000095300000, 0x0000000095400000, 0x0000000095400000|100%| S|CS|TAMS 0x0000000095300000| PB 0x0000000095300000| Complete 
| 280|0x0000000095400000, 0x0000000095500000, 0x0000000095500000|100%| S|CS|TAMS 0x0000000095400000| PB 0x0000000095400000| Complete 
| 281|0x0000000095500000, 0x0000000095600000, 0x0000000095600000|100%| S|CS|TAMS 0x0000000095500000| PB 0x0000000095500000| Complete 
| 282|0x0000000095600000, 0x0000000095700000, 0x0000000095700000|100%| S|CS|TAMS 0x0000000095600000| PB 0x0000000095600000| Complete 
| 283|0x0000000095700000, 0x0000000095800000, 0x0000000095800000|100%| E|CS|TAMS 0x0000000095700000| PB 0x0000000095700000| Complete 
| 284|0x0000000095800000, 0x0000000095900000, 0x0000000095900000|100%| E|CS|TAMS 0x0000000095800000| PB 0x0000000095800000| Complete 
| 285|0x0000000095900000, 0x0000000095a00000, 0x0000000095a00000|100%| E|CS|TAMS 0x0000000095900000| PB 0x0000000095900000| Complete 
| 286|0x0000000095a00000, 0x0000000095b00000, 0x0000000095b00000|100%| E|CS|TAMS 0x0000000095a00000| PB 0x0000000095a00000| Complete 
| 287|0x0000000095b00000, 0x0000000095c00000, 0x0000000095c00000|100%| E|CS|TAMS 0x0000000095b00000| PB 0x0000000095b00000| Complete 
| 288|0x0000000095c00000, 0x0000000095d00000, 0x0000000095d00000|100%| E|CS|TAMS 0x0000000095c00000| PB 0x0000000095c00000| Complete 
| 289|0x0000000095d00000, 0x0000000095e00000, 0x0000000095e00000|100%| E|CS|TAMS 0x0000000095d00000| PB 0x0000000095d00000| Complete 
| 290|0x0000000095e00000, 0x0000000095f00000, 0x0000000095f00000|100%| E|CS|TAMS 0x0000000095e00000| PB 0x0000000095e00000| Complete 
| 291|0x0000000095f00000, 0x0000000096000000, 0x0000000096000000|100%| E|CS|TAMS 0x0000000095f00000| PB 0x0000000095f00000| Complete 
| 292|0x0000000096000000, 0x0000000096100000, 0x0000000096100000|100%| E|CS|TAMS 0x0000000096000000| PB 0x0000000096000000| Complete 
| 293|0x0000000096100000, 0x0000000096200000, 0x0000000096200000|100%| E|CS|TAMS 0x0000000096100000| PB 0x0000000096100000| Complete 
| 294|0x0000000096200000, 0x0000000096300000, 0x0000000096300000|100%| E|CS|TAMS 0x0000000096200000| PB 0x0000000096200000| Complete 
| 295|0x0000000096300000, 0x0000000096400000, 0x0000000096400000|100%| E|CS|TAMS 0x0000000096300000| PB 0x0000000096300000| Complete 
| 296|0x0000000096400000, 0x0000000096500000, 0x0000000096500000|100%| E|CS|TAMS 0x0000000096400000| PB 0x0000000096400000| Complete 
| 297|0x0000000096500000, 0x0000000096600000, 0x0000000096600000|100%| E|CS|TAMS 0x0000000096500000| PB 0x0000000096500000| Complete 
| 298|0x0000000096600000, 0x0000000096700000, 0x0000000096700000|100%| E|CS|TAMS 0x0000000096600000| PB 0x0000000096600000| Complete 
| 299|0x0000000096700000, 0x0000000096800000, 0x0000000096800000|100%| E|CS|TAMS 0x0000000096700000| PB 0x0000000096700000| Complete 
| 300|0x0000000096800000, 0x0000000096900000, 0x0000000096900000|100%| E|CS|TAMS 0x0000000096800000| PB 0x0000000096800000| Complete 
| 301|0x0000000096900000, 0x0000000096a00000, 0x0000000096a00000|100%| E|CS|TAMS 0x0000000096900000| PB 0x0000000096900000| Complete 
| 302|0x0000000096a00000, 0x0000000096b00000, 0x0000000096b00000|100%| E|CS|TAMS 0x0000000096a00000| PB 0x0000000096a00000| Complete 
| 303|0x0000000096b00000, 0x0000000096c00000, 0x0000000096c00000|100%| E|CS|TAMS 0x0000000096b00000| PB 0x0000000096b00000| Complete 
| 304|0x0000000096c00000, 0x0000000096d00000, 0x0000000096d00000|100%| E|CS|TAMS 0x0000000096c00000| PB 0x0000000096c00000| Complete 
| 305|0x0000000096d00000, 0x0000000096e00000, 0x0000000096e00000|100%| E|CS|TAMS 0x0000000096d00000| PB 0x0000000096d00000| Complete 
| 306|0x0000000096e00000, 0x0000000096f00000, 0x0000000096f00000|100%| E|CS|TAMS 0x0000000096e00000| PB 0x0000000096e00000| Complete 
| 307|0x0000000096f00000, 0x0000000097000000, 0x0000000097000000|100%| E|CS|TAMS 0x0000000096f00000| PB 0x0000000096f00000| Complete 
| 308|0x0000000097000000, 0x0000000097100000, 0x0000000097100000|100%| E|CS|TAMS 0x0000000097000000| PB 0x0000000097000000| Complete 
| 309|0x0000000097100000, 0x0000000097200000, 0x0000000097200000|100%| E|CS|TAMS 0x0000000097100000| PB 0x0000000097100000| Complete 
| 310|0x0000000097200000, 0x0000000097300000, 0x0000000097300000|100%| E|CS|TAMS 0x0000000097200000| PB 0x0000000097200000| Complete 
| 311|0x0000000097300000, 0x0000000097400000, 0x0000000097400000|100%| E|CS|TAMS 0x0000000097300000| PB 0x0000000097300000| Complete 
| 312|0x0000000097400000, 0x0000000097500000, 0x0000000097500000|100%| E|CS|TAMS 0x0000000097400000| PB 0x0000000097400000| Complete 
| 313|0x0000000097500000, 0x0000000097600000, 0x0000000097600000|100%| E|CS|TAMS 0x0000000097500000| PB 0x0000000097500000| Complete 
| 314|0x0000000097600000, 0x0000000097700000, 0x0000000097700000|100%| E|CS|TAMS 0x0000000097600000| PB 0x0000000097600000| Complete 
| 315|0x0000000097700000, 0x0000000097800000, 0x0000000097800000|100%| E|CS|TAMS 0x0000000097700000| PB 0x0000000097700000| Complete 
| 316|0x0000000097800000, 0x0000000097900000, 0x0000000097900000|100%| E|CS|TAMS 0x0000000097800000| PB 0x0000000097800000| Complete 
| 317|0x0000000097900000, 0x0000000097a00000, 0x0000000097a00000|100%| E|CS|TAMS 0x0000000097900000| PB 0x0000000097900000| Complete 
| 318|0x0000000097a00000, 0x0000000097b00000, 0x0000000097b00000|100%| E|CS|TAMS 0x0000000097a00000| PB 0x0000000097a00000| Complete 
| 319|0x0000000097b00000, 0x0000000097c00000, 0x0000000097c00000|100%| E|CS|TAMS 0x0000000097b00000| PB 0x0000000097b00000| Complete 
| 387|0x000000009bf00000, 0x000000009c000000, 0x000000009c000000|100%| E|CS|TAMS 0x000000009bf00000| PB 0x000000009bf00000| Complete 
| 388|0x000000009c000000, 0x000000009c100000, 0x000000009c100000|100%| E|CS|TAMS 0x000000009c000000| PB 0x000000009c000000| Complete 
| 389|0x000000009c100000, 0x000000009c200000, 0x000000009c200000|100%| E|CS|TAMS 0x000000009c100000| PB 0x000000009c100000| Complete 
|1987|0x00000000fff00000, 0x0000000100000000, 0x0000000100000000|100%| E|CS|TAMS 0x00000000fff00000| PB 0x00000000fff00000| Complete 

Card table byte_map: [0x00000185f49e0000,0x00000185f4dd0000] _byte_map_base: 0x00000185f45c2000

Marking Bits: (CMBitMap*) 0x00000185ec07f160
 Bits: [0x00000185f4dd0000, 0x00000185f6ce0000)

Polling page: 0x00000185ea3b0000

Metaspace:

Usage:
  Non-class:    114.65 MB used.
      Class:     17.46 MB used.
       Both:    132.11 MB used.

Virtual space:
  Non-class space:      128.00 MB reserved,     115.44 MB ( 90%) committed,  2 nodes.
      Class space:        1.00 GB reserved,      18.19 MB (  2%) committed,  1 nodes.
             Both:        1.12 GB reserved,     133.62 MB ( 12%) committed. 

Chunk freelists:
   Non-Class:  12.30 MB
       Class:  13.85 MB
        Both:  26.14 MB

MaxMetaspaceSize: unlimited
CompressedClassSpaceSize: 1.00 GB
Initial GC threshold: 21.00 MB
Current GC threshold: 221.38 MB
CDS: on
 - commit_granule_bytes: 65536.
 - commit_granule_words: 8192.
 - virtual_space_node_default_size: 8388608.
 - enlarge_chunks_in_place: 1.
 - use_allocation_guard: 0.


Internal statistics:

num_allocs_failed_limit: 6.
num_arena_births: 2470.
num_arena_deaths: 0.
num_vsnodes_births: 3.
num_vsnodes_deaths: 0.
num_space_committed: 2138.
num_space_uncommitted: 0.
num_chunks_returned_to_freelist: 6.
num_chunks_taken_from_freelist: 7837.
num_chunk_merges: 6.
num_chunk_splits: 5470.
num_chunks_enlarged: 4096.
num_inconsistent_stats: 0.

CodeHeap 'non-profiled nmethods': size=120000Kb used=16074Kb max_used=16074Kb free=103925Kb
 bounds [0x0000018587ad0000, 0x0000018588a90000, 0x000001858f000000]
CodeHeap 'profiled nmethods': size=120000Kb used=42233Kb max_used=42233Kb free=77766Kb
 bounds [0x0000018580000000, 0x0000018582950000, 0x0000018587530000]
CodeHeap 'non-nmethods': size=5760Kb used=2226Kb max_used=2289Kb free=3533Kb
 bounds [0x0000018587530000, 0x00000185877a0000, 0x0000018587ad0000]
 total_blobs=24052 nmethods=23144 adapters=811
 compilation: enabled
              stopped_count=0, restarted_count=0
 full_count=0

Compilation events (20 events):
Event: 55.669 Thread 0x00000185f94ee750 28210       3       org.springframework.data.mapping.model.AnnotationBasedPersistentProperty::findAnnotation (19 bytes)
Event: 55.669 Thread 0x00000185f94ee750 nmethod 28210 0x0000018582933d10 code [0x0000018582933f00, 0x0000018582934378]
Event: 55.671 Thread 0x00000185f94ee750 28211       2       org.springframework.util.ConcurrentLruCache$EvictionQueue::unlink (55 bytes)
Event: 55.671 Thread 0x00000185f94ee750 nmethod 28211 0x0000018582934510 code [0x00000185829346c0, 0x00000185829349f8]
Event: 55.672 Thread 0x00000185f94ee750 28212       2       org.springframework.beans.PropertyDescriptorUtils$BasicPropertyDescriptor::<init> (25 bytes)
Event: 55.672 Thread 0x00000185f94ee750 nmethod 28212 0x0000018582934b90 code [0x0000018582934d40, 0x0000018582935008]
Event: 55.672 Thread 0x00000185f94ee750 28213       1       org.springframework.beans.PropertyDescriptorUtils$BasicPropertyDescriptor::setWriteMethod (6 bytes)
Event: 55.672 Thread 0x00000185f94ee750 nmethod 28213 0x0000018588a81b10 code [0x0000018588a81ca0, 0x0000018588a81db0]
Event: 55.673 Thread 0x00000185f94ee750 28214   !   2       jdk.proxy2.$Proxy164::annotationType (29 bytes)
Event: 55.674 Thread 0x00000185f94ee750 nmethod 28214 0x0000018582935110 code [0x00000185829352e0, 0x0000018582935570]
Event: 55.675 Thread 0x00000185f94ee750 28215   !   2       jdk.proxy2.$Proxy183::annotationType (29 bytes)
Event: 55.675 Thread 0x00000185f94ee750 nmethod 28215 0x0000018582935710 code [0x00000185829358e0, 0x0000018582935b70]
Event: 55.680 Thread 0x00000185f94ee750 28216       3       java.lang.reflect.Field::equals (53 bytes)
Event: 55.681 Thread 0x00000185f94ee750 nmethod 28216 0x0000018582935d10 code [0x0000018582935ee0, 0x0000018582936398]
Event: 55.686 Thread 0x00000185f94ee750 28219       1       org.springframework.data.mapping.model.Property::getType (5 bytes)
Event: 55.686 Thread 0x00000185f94ee750 nmethod 28219 0x0000018588a81e10 code [0x0000018588a81fa0, 0x0000018588a82068]
Event: 55.687 Thread 0x00000185f94ee750 28220       1       org.springframework.data.mapping.model.AbstractPersistentProperty::getName (5 bytes)
Event: 55.687 Thread 0x00000185f94ee750 nmethod 28220 0x0000018588a82110 code [0x0000018588a822a0, 0x0000018588a82368]
Event: 55.687 Thread 0x00000185f94ee750 28221       1       java.util.Formatter$FixedString::index (3 bytes)
Event: 55.687 Thread 0x00000185f94ee750 nmethod 28221 0x0000018588a82410 code [0x0000018588a825a0, 0x0000018588a82668]

GC Heap History (20 events):
Event: 15.669 GC heap before
{Heap before GC invocations=28 (full 0):
 garbage-first heap   total 126976K, used 95232K [0x0000000083c00000, 0x0000000100000000)
  region size 1024K, 34 young (34816K), 3 survivors (3072K)
 Metaspace       used 87185K, committed 88000K, reserved 1179648K
  class space    used 11802K, committed 12160K, reserved 1048576K
}
Event: 15.687 GC heap after
{Heap after GC invocations=29 (full 0):
 garbage-first heap   total 126976K, used 72704K [0x0000000083c00000, 0x0000000100000000)
  region size 1024K, 5 young (5120K), 5 survivors (5120K)
 Metaspace       used 87185K, committed 88000K, reserved 1179648K
  class space    used 11802K, committed 12160K, reserved 1048576K
}
Event: 15.759 GC heap before
{Heap before GC invocations=29 (full 0):
 garbage-first heap   total 126976K, used 104448K [0x0000000083c00000, 0x0000000100000000)
  region size 1024K, 36 young (36864K), 5 survivors (5120K)
 Metaspace       used 87186K, committed 88000K, reserved 1179648K
  class space    used 11802K, committed 12160K, reserved 1048576K
}
Event: 15.779 GC heap after
{Heap after GC invocations=30 (full 0):
 garbage-first heap   total 126976K, used 83456K [0x0000000083c00000, 0x0000000100000000)
  region size 1024K, 5 young (5120K), 5 survivors (5120K)
 Metaspace       used 87186K, committed 88000K, reserved 1179648K
  class space    used 11802K, committed 12160K, reserved 1048576K
}
Event: 15.801 GC heap before
{Heap before GC invocations=30 (full 0):
 garbage-first heap   total 126976K, used 96768K [0x0000000083c00000, 0x0000000100000000)
  region size 1024K, 19 young (19456K), 5 survivors (5120K)
 Metaspace       used 87187K, committed 88000K, reserved 1179648K
  class space    used 11802K, committed 12160K, reserved 1048576K
}
Event: 15.814 GC heap after
{Heap after GC invocations=31 (full 0):
 garbage-first heap   total 126976K, used 89088K [0x0000000083c00000, 0x0000000100000000)
  region size 1024K, 4 young (4096K), 4 survivors (4096K)
 Metaspace       used 87187K, committed 88000K, reserved 1179648K
  class space    used 11802K, committed 12160K, reserved 1048576K
}
Event: 15.872 GC heap before
{Heap before GC invocations=31 (full 0):
 garbage-first heap   total 183296K, used 111616K [0x0000000083c00000, 0x0000000100000000)
  region size 1024K, 24 young (24576K), 4 survivors (4096K)
 Metaspace       used 87199K, committed 88000K, reserved 1179648K
  class space    used 11802K, committed 12160K, reserved 1048576K
}
Event: 15.878 GC heap after
{Heap after GC invocations=32 (full 0):
 garbage-first heap   total 183296K, used 93116K [0x0000000083c00000, 0x0000000100000000)
  region size 1024K, 2 young (2048K), 2 survivors (2048K)
 Metaspace       used 87199K, committed 88000K, reserved 1179648K
  class space    used 11802K, committed 12160K, reserved 1048576K
}
Event: 16.186 GC heap before
{Heap before GC invocations=33 (full 0):
 garbage-first heap   total 183296K, used 141244K [0x0000000083c00000, 0x0000000100000000)
  region size 1024K, 50 young (51200K), 2 survivors (2048K)
 Metaspace       used 89189K, committed 90048K, reserved 1179648K
  class space    used 12228K, committed 12608K, reserved 1048576K
}
Event: 16.189 GC heap after
{Heap after GC invocations=34 (full 0):
 garbage-first heap   total 183296K, used 94234K [0x0000000083c00000, 0x0000000100000000)
  region size 1024K, 3 young (3072K), 3 survivors (3072K)
 Metaspace       used 89189K, committed 90048K, reserved 1179648K
  class space    used 12228K, committed 12608K, reserved 1048576K
}
Event: 16.270 GC heap before
{Heap before GC invocations=34 (full 0):
 garbage-first heap   total 183296K, used 155674K [0x0000000083c00000, 0x0000000100000000)
  region size 1024K, 63 young (64512K), 3 survivors (3072K)
 Metaspace       used 89219K, committed 90048K, reserved 1179648K
  class space    used 12228K, committed 12608K, reserved 1048576K
}
Event: 16.276 GC heap after
{Heap after GC invocations=35 (full 0):
 garbage-first heap   total 183296K, used 95374K [0x0000000083c00000, 0x0000000100000000)
  region size 1024K, 4 young (4096K), 4 survivors (4096K)
 Metaspace       used 89219K, committed 90048K, reserved 1179648K
  class space    used 12228K, committed 12608K, reserved 1048576K
}
Event: 16.871 GC heap before
{Heap before GC invocations=35 (full 0):
 garbage-first heap   total 183296K, used 157838K [0x0000000083c00000, 0x0000000100000000)
  region size 1024K, 66 young (67584K), 4 survivors (4096K)
 Metaspace       used 93215K, committed 94016K, reserved 1179648K
  class space    used 12706K, committed 13056K, reserved 1048576K
}
Event: 16.876 GC heap after
{Heap after GC invocations=36 (full 0):
 garbage-first heap   total 400384K, used 98090K [0x0000000083c00000, 0x0000000100000000)
  region size 1024K, 7 young (7168K), 7 survivors (7168K)
 Metaspace       used 93215K, committed 94016K, reserved 1179648K
  class space    used 12706K, committed 13056K, reserved 1048576K
}
Event: 28.113 GC heap before
{Heap before GC invocations=37 (full 0):
 garbage-first heap   total 331776K, used 285482K [0x0000000083c00000, 0x0000000100000000)
  region size 1024K, 194 young (198656K), 7 survivors (7168K)
 Metaspace       used 111157K, committed 112384K, reserved 1179648K
  class space    used 15178K, committed 15744K, reserved 1048576K
}
Event: 28.130 GC heap after
{Heap after GC invocations=38 (full 0):
 garbage-first heap   total 331776K, used 105656K [0x0000000083c00000, 0x0000000100000000)
  region size 1024K, 17 young (17408K), 17 survivors (17408K)
 Metaspace       used 111157K, committed 112384K, reserved 1179648K
  class space    used 15178K, committed 15744K, reserved 1048576K
}
Event: 42.360 GC heap before
{Heap before GC invocations=38 (full 0):
 garbage-first heap   total 331776K, used 284856K [0x0000000083c00000, 0x0000000100000000)
  region size 1024K, 193 young (197632K), 17 survivors (17408K)
 Metaspace       used 128077K, committed 129536K, reserved 1179648K
  class space    used 17123K, committed 17792K, reserved 1048576K
}
Event: 42.382 GC heap after
{Heap after GC invocations=39 (full 0):
 garbage-first heap   total 331776K, used 113334K [0x0000000083c00000, 0x0000000100000000)
  region size 1024K, 19 young (19456K), 19 survivors (19456K)
 Metaspace       used 128077K, committed 129536K, reserved 1179648K
  class space    used 17123K, committed 17792K, reserved 1048576K
}
Event: 45.265 GC heap before
{Heap before GC invocations=39 (full 0):
 garbage-first heap   total 331776K, used 153270K [0x0000000083c00000, 0x0000000100000000)
  region size 1024K, 59 young (60416K), 19 survivors (19456K)
 Metaspace       used 134401K, committed 135936K, reserved 1179648K
  class space    used 17828K, committed 18560K, reserved 1048576K
}
Event: 45.295 GC heap after
{Heap after GC invocations=40 (full 0):
 garbage-first heap   total 331776K, used 116351K [0x0000000083c00000, 0x0000000100000000)
  region size 1024K, 11 young (11264K), 11 survivors (11264K)
 Metaspace       used 134401K, committed 135936K, reserved 1179648K
  class space    used 17828K, committed 18560K, reserved 1048576K
}

Dll operation events (13 events):
Event: 0.006 Loaded shared library C:\Program Files\Java\jdk-21.0.12\bin\java.dll
Event: 0.034 Loaded shared library C:\Program Files\Java\jdk-21.0.12\bin\jsvml.dll
Event: 0.051 Loaded shared library C:\Program Files\Java\jdk-21.0.12\bin\net.dll
Event: 0.053 Loaded shared library C:\Program Files\Java\jdk-21.0.12\bin\nio.dll
Event: 0.057 Loaded shared library C:\Program Files\Java\jdk-21.0.12\bin\zip.dll
Event: 0.123 Loaded shared library C:\Program Files\Java\jdk-21.0.12\bin\management.dll
Event: 0.134 Loaded shared library C:\Program Files\Java\jdk-21.0.12\bin\management_ext.dll
Event: 0.152 Loaded shared library C:\Program Files\Java\jdk-21.0.12\bin\jimage.dll
Event: 3.562 Loaded shared library C:\Program Files\Java\jdk-21.0.12\bin\sunmscapi.dll
Event: 7.363 Loaded shared library C:\Program Files\Java\jdk-21.0.12\bin\extnet.dll
Event: 26.196 Loaded shared library C:\Program Files\Java\jdk-21.0.12\bin\instrument.dll
Event: 26.203 Loaded shared library C:\Program Files\Java\jdk-21.0.12\bin\zip.dll
Event: 26.208 Loaded shared library C:\Program Files\Java\jdk-21.0.12\bin\instrument.dll

Deoptimization events (20 events):
Event: 52.935 Thread 0x00000185e9e70aa0 DEOPT PACKING pc=0x00000185824f5579 sp=0x00000005b7bfa850
Event: 52.935 Thread 0x00000185e9e70aa0 DEOPT UNPACKING pc=0x00000185875888e2 sp=0x00000005b7bf9d60 mode 0
Event: 54.210 Thread 0x00000185e9e70aa0 Uncommon trap: trap_request=0xfffffff4 fr.pc=0x00000185889b0568 relative=0x0000000000000968
Event: 54.210 Thread 0x00000185e9e70aa0 Uncommon trap: reason=null_check action=make_not_entrant pc=0x00000185889b0568 method=net.bytebuddy.description.annotation.AnnotationDescription$ForLoadedAnnotation.asValue(Ljava/lang/Object;Ljava/lang/Class;)Lnet/bytebuddy/description/annotation/Annotati
Event: 54.210 Thread 0x00000185e9e70aa0 DEOPT PACKING pc=0x00000185889b0568 sp=0x00000005b7bfa120
Event: 54.210 Thread 0x00000185e9e70aa0 DEOPT UNPACKING pc=0x0000018587587da2 sp=0x00000005b7bfa0d0 mode 2
Event: 54.582 Thread 0x00000185e9e70aa0 DEOPT PACKING pc=0x00000185824f5579 sp=0x00000005b7bfab80
Event: 54.582 Thread 0x00000185e9e70aa0 DEOPT UNPACKING pc=0x00000185875888e2 sp=0x00000005b7bfa090 mode 0
Event: 54.751 Thread 0x00000185e9e70aa0 DEOPT PACKING pc=0x0000018582184330 sp=0x00000005b7bfa2f0
Event: 54.751 Thread 0x00000185e9e70aa0 DEOPT UNPACKING pc=0x00000185875888e2 sp=0x00000005b7bf9828 mode 0
Event: 54.800 Thread 0x00000185e9e70aa0 DEOPT PACKING pc=0x000001858265f65a sp=0x00000005b7bfa450
Event: 54.800 Thread 0x00000185e9e70aa0 DEOPT UNPACKING pc=0x00000185875888e2 sp=0x00000005b7bf9940 mode 0
Event: 55.536 Thread 0x00000185e9e70aa0 Uncommon trap: trap_request=0xffffffbe fr.pc=0x000001858890d1b8 relative=0x0000000000002578
Event: 55.536 Thread 0x00000185e9e70aa0 Uncommon trap: reason=profile_predicate action=maybe_recompile pc=0x000001858890d1b8 method=org.springframework.core.annotation.TypeMappedAnnotation.asMap(Ljava/util/function/Function;[Lorg/springframework/core/annotation/MergedAnnotation$Adapt;)Ljava/uti
Event: 55.536 Thread 0x00000185e9e70aa0 DEOPT PACKING pc=0x000001858890d1b8 sp=0x00000005b7bfac40
Event: 55.536 Thread 0x00000185e9e70aa0 DEOPT UNPACKING pc=0x0000018587587da2 sp=0x00000005b7bfac30 mode 2
Event: 55.549 Thread 0x00000185e9e70aa0 Uncommon trap: trap_request=0xffffff45 fr.pc=0x00000185886d8bb8 relative=0x00000000000000d8
Event: 55.549 Thread 0x00000185e9e70aa0 Uncommon trap: reason=unstable_if action=reinterpret pc=0x00000185886d8bb8 method=java.util.WeakHashMap.expungeStaleEntries()V @ 9 c2
Event: 55.549 Thread 0x00000185e9e70aa0 DEOPT PACKING pc=0x00000185886d8bb8 sp=0x00000005b7bf90e0
Event: 55.549 Thread 0x00000185e9e70aa0 DEOPT UNPACKING pc=0x0000018587587da2 sp=0x00000005b7bf9038 mode 2

Classes loaded (20 events):
Event: 55.428 Loading class com/atomikos/icatch/jta/UserTransactionManager
Event: 55.428 Loading class com/atomikos/icatch/jta/UserTransactionManager done
Event: 55.429 Loading class com/atomikos/icatch/jta/UserTransactionManager
Event: 55.429 Loading class com/atomikos/icatch/jta/UserTransactionManager done
Event: 55.429 Loading class com/atomikos/icatch/jta/UserTransactionManager
Event: 55.429 Loading class com/atomikos/icatch/jta/UserTransactionManager done
Event: 55.429 Loading class com/ibm/tx/jta/TransactionManagerFactory
Event: 55.429 Loading class com/ibm/tx/jta/TransactionManagerFactory done
Event: 55.429 Loading class com/ibm/tx/jta/TransactionManagerFactory
Event: 55.429 Loading class com/ibm/tx/jta/TransactionManagerFactory done
Event: 55.429 Loading class com/ibm/tx/jta/TransactionManagerFactory
Event: 55.429 Loading class com/ibm/tx/jta/TransactionManagerFactory done
Event: 55.429 Loading class com/ibm/tx/jta/TransactionManagerFactory
Event: 55.429 Loading class com/ibm/tx/jta/TransactionManagerFactory done
Event: 55.662 Loading class org/uvo/uvostore/entity/tenant/Store__Accessor_bm5qa1
Event: 55.662 Loading class org/uvo/uvostore/entity/tenant/Store__Accessor_bm5qa1 done
Event: 55.686 Loading class org/uvo/uvostore/entity/catalog/AttributeValue__Accessor_3nnatg
Event: 55.686 Loading class org/uvo/uvostore/entity/catalog/AttributeValue__Accessor_3nnatg done
Event: 55.687 Loading class org/uvo/uvostore/entity/catalog/Attribute__Accessor_cotwx9
Event: 55.687 Loading class org/uvo/uvostore/entity/catalog/Attribute__Accessor_cotwx9 done

Classes unloaded (0 events):
No events

Classes redefined (11 events):
Event: 40.335 Thread 0x00000185f94bc890 redefined class name=org.springframework.data.jpa.repository.JpaSpecificationExecutor, count=1
Event: 40.335 Thread 0x00000185f94bc890 redefined class name=org.springframework.data.repository.CrudRepository, count=1
Event: 40.335 Thread 0x00000185f94bc890 redefined class name=org.springframework.data.repository.ListCrudRepository, count=1
Event: 40.335 Thread 0x00000185f94bc890 redefined class name=org.springframework.data.repository.ListPagingAndSortingRepository, count=1
Event: 40.335 Thread 0x00000185f94bc890 redefined class name=org.springframework.data.repository.query.QueryByExampleExecutor, count=1
Event: 40.335 Thread 0x00000185f94bc890 redefined class name=org.uvo.uvostore.repository.OrderRepository, count=1
Event: 40.335 Thread 0x00000185f94bc890 redefined class name=org.springframework.data.jpa.repository.JpaRepository, count=1
Event: 40.335 Thread 0x00000185f94bc890 redefined class name=org.springframework.data.repository.PagingAndSortingRepository, count=1
Event: 40.335 Thread 0x00000185f94bc890 redefined class name=org.springframework.data.repository.Repository, count=1
Event: 40.850 Thread 0x00000185f94bc890 redefined class name=org.uvo.uvostore.repository.SettingRepository, count=1
Event: 41.004 Thread 0x00000185f94bc890 redefined class name=org.uvo.uvostore.service.order.OrderStatusService, count=1

Internal exceptions (20 events):
Event: 41.177 Thread 0x00000185e9e70aa0 Exception <a 'java/lang/IncompatibleClassChangeError'{0x000000008dc8f830}: Found class java.lang.Object, but interface was expected> (0x000000008dc8f830) 
thrown [s\open\src\hotspot\share\interpreter\linkResolver.cpp, line 840]
Event: 41.984 Thread 0x00000185e9e70aa0 Exception <a 'java/net/UnknownHostException'{0x000000008d291308}> (0x000000008d291308) 
thrown [s\open\src\hotspot\share\prims\jni.cpp, line 520]
Event: 42.465 Thread 0x00000185e9e70aa0 Exception <a 'java/lang/NoSuchMethodError'{0x000000009bf56808}: 'java.lang.Object java.lang.invoke.DirectMethodHandle$Holder.invokeSpecialIFC(java.lang.Object, java.lang.Object)'> (0x000000009bf56808) 
thrown [s\open\src\hotspot\share\interpreter\linkResolver.cpp, line 773]
Event: 42.568 Thread 0x00000185e9e70aa0 Exception <a 'sun/nio/fs/WindowsException'{0x000000009bfad568}> (0x000000009bfad568) 
thrown [s\open\src\hotspot\share\prims\jni.cpp, line 520]
Event: 42.573 Thread 0x00000185e9e70aa0 Exception <a 'sun/nio/fs/WindowsException'{0x000000009bfb6858}> (0x000000009bfb6858) 
thrown [s\open\src\hotspot\share\prims\jni.cpp, line 520]
Event: 42.744 Thread 0x00000185e9e70aa0 Exception <a 'java/lang/NoSuchMethodError'{0x0000000097973ea0}: 'java.lang.Object java.lang.invoke.DirectMethodHandle$Holder.invokeStatic(java.lang.Object, int, java.lang.Object, int)'> (0x0000000097973ea0) 
thrown [s\open\src\hotspot\share\interpreter\linkResolver.cpp, line 773]
Event: 42.745 Thread 0x00000185e9e70aa0 Exception <a 'java/lang/NoSuchMethodError'{0x0000000097977ac0}: 'java.lang.Object java.lang.invoke.DirectMethodHandle$Holder.invokeStaticInit(java.lang.Object, int, java.lang.Object, int)'> (0x0000000097977ac0) 
thrown [s\open\src\hotspot\share\interpreter\linkResolver.cpp, line 773]
Event: 42.746 Thread 0x00000185e9e70aa0 Exception <a 'java/lang/NoSuchMethodError'{0x000000009797e768}: 'java.lang.Object java.lang.invoke.DirectMethodHandle$Holder.newInvokeSpecial(java.lang.Object, int, java.lang.Object, int)'> (0x000000009797e768) 
thrown [s\open\src\hotspot\share\interpreter\linkResolver.cpp, line 773]
Event: 43.655 Thread 0x00000185e9e70aa0 Exception <a 'java/lang/IncompatibleClassChangeError'{0x0000000096b523a8}: Found class java.lang.Object, but interface was expected> (0x0000000096b523a8) 
thrown [s\open\src\hotspot\share\interpreter\linkResolver.cpp, line 840]
Event: 43.818 Thread 0x00000185e9e70aa0 Exception <a 'java/lang/IncompatibleClassChangeError'{0x0000000096604b78}: Found class java.lang.Object, but interface was expected> (0x0000000096604b78) 
thrown [s\open\src\hotspot\share\interpreter\linkResolver.cpp, line 840]
Event: 43.908 Thread 0x00000185e9e70aa0 Implicit null exception at 0x00000185886e09fd to 0x00000185886e0ba4
Event: 44.364 Thread 0x00000185e9e70aa0 Exception <a 'java/lang/IncompatibleClassChangeError'{0x0000000096017ee0}: Found class java.lang.Object, but interface was expected> (0x0000000096017ee0) 
thrown [s\open\src\hotspot\share\interpreter\linkResolver.cpp, line 840]
Event: 45.067 Thread 0x00000185e9e70aa0 Exception <a 'java/lang/NoSuchMethodError'{0x00000000957481f8}: 'float java.lang.invoke.DirectMethodHandle$Holder.invokeStatic(java.lang.Object, java.lang.Object)'> (0x00000000957481f8) 
thrown [s\open\src\hotspot\share\interpreter\linkResolver.cpp, line 773]
Event: 45.696 Thread 0x00000185e9e70aa0 Exception <a 'sun/nio/fs/WindowsException'{0x000000009c0e0700}> (0x000000009c0e0700) 
thrown [s\open\src\hotspot\share\prims\jni.cpp, line 520]
Event: 45.697 Thread 0x00000185e9e70aa0 Exception <a 'sun/nio/fs/WindowsException'{0x000000009c0e16e0}> (0x000000009c0e16e0) 
thrown [s\open\src\hotspot\share\prims\jni.cpp, line 520]
Event: 45.764 Thread 0x00000185e9e70aa0 Exception <a 'sun/nio/fs/WindowsException'{0x00000000fff71888}> (0x00000000fff71888) 
thrown [s\open\src\hotspot\share\prims\jni.cpp, line 520]
Event: 45.765 Thread 0x00000185e9e70aa0 Exception <a 'sun/nio/fs/WindowsException'{0x00000000fff72868}> (0x00000000fff72868) 
thrown [s\open\src\hotspot\share\prims\jni.cpp, line 520]
Event: 45.797 Thread 0x00000185e9e70aa0 Exception <a 'sun/nio/fs/WindowsException'{0x00000000fffa5fd8}> (0x00000000fffa5fd8) 
thrown [s\open\src\hotspot\share\prims\jni.cpp, line 520]
Event: 45.797 Thread 0x00000185e9e70aa0 Exception <a 'sun/nio/fs/WindowsException'{0x00000000fffa6fb8}> (0x00000000fffa6fb8) 
thrown [s\open\src\hotspot\share\prims\jni.cpp, line 520]
Event: 54.209 Thread 0x00000185e9e70aa0 Implicit null exception at 0x00000185889afc2c to 0x00000185889b0554

ZGC Phase Switch (0 events):
No events

VM Operations (20 events):
Event: 50.702 Executing VM operation: ICBufferFull
Event: 50.702 Executing VM operation: ICBufferFull done
Event: 51.708 Executing VM operation: Cleanup
Event: 52.192 Executing VM operation: Cleanup done
Event: 53.194 Executing VM operation: Cleanup
Event: 53.195 Executing VM operation: Cleanup done
Event: 53.581 Executing VM operation: ICBufferFull
Event: 53.581 Executing VM operation: ICBufferFull done
Event: 53.976 Executing VM operation: ICBufferFull
Event: 53.976 Executing VM operation: ICBufferFull done
Event: 54.268 Executing VM operation: ICBufferFull
Event: 54.268 Executing VM operation: ICBufferFull done
Event: 54.607 Executing VM operation: ICBufferFull
Event: 54.607 Executing VM operation: ICBufferFull done
Event: 55.084 Executing VM operation: ICBufferFull
Event: 55.084 Executing VM operation: ICBufferFull done
Event: 55.226 Executing VM operation: ICBufferFull
Event: 55.226 Executing VM operation: ICBufferFull done
Event: 55.367 Executing VM operation: ICBufferFull
Event: 55.367 Executing VM operation: ICBufferFull done

Events (20 events):
Event: 45.512 Thread 0x00000185f94bc890 flushing nmethod 0x0000018580f4eb10
Event: 45.512 Thread 0x00000185f94bc890 flushing nmethod 0x0000018580f4ef90
Event: 45.512 Thread 0x00000185f94bc890 flushing nmethod 0x0000018580f4f410
Event: 45.512 Thread 0x00000185f94bc890 flushing nmethod 0x0000018580f50090
Event: 45.512 Thread 0x00000185f94bc890 flushing nmethod 0x0000018580f73210
Event: 45.512 Thread 0x00000185f94bc890 flushing nmethod 0x0000018580f73710
Event: 45.512 Thread 0x00000185f94bc890 flushing nmethod 0x0000018580f74290
Event: 45.512 Thread 0x00000185f94bc890 flushing nmethod 0x0000018580f74c90
Event: 45.512 Thread 0x00000185f94bc890 flushing nmethod 0x0000018580f76190
Event: 45.512 Thread 0x00000185f94bc890 flushing nmethod 0x0000018580f7ae90
Event: 45.512 Thread 0x00000185f94bc890 flushing nmethod 0x0000018580f83390
Event: 45.512 Thread 0x00000185f94bc890 flushing nmethod 0x0000018580fef210
Event: 45.512 Thread 0x00000185f94bc890 flushing nmethod 0x0000018580fef710
Event: 45.512 Thread 0x00000185f94bc890 flushing nmethod 0x0000018580fefd10
Event: 45.512 Thread 0x00000185f94bc890 flushing nmethod 0x0000018580ff4990
Event: 45.512 Thread 0x00000185f94bc890 flushing nmethod 0x0000018581015710
Event: 47.814 Thread 0x00000185d2b3cf70 Thread added: 0x00000185d2b3cf70
Event: 47.821 Thread 0x00000185d2b3cf70 Thread exited: 0x00000185d2b3cf70
Event: 51.436 Thread 0x00000185d2b3c250 Thread added: 0x00000185d2b3c250
Event: 51.553 Thread 0x00000185d2b3fd60 Thread added: 0x00000185d2b3fd60


Dynamic libraries:
0x00007ff728540000 - 0x00007ff728550000 	C:\Program Files\Java\jdk-21.0.12\bin\java.exe
0x00007ffd6e600000 - 0x00007ffd6e866000 	C:\WINDOWS\SYSTEM32\ntdll.dll
0x00007ffd6d070000 - 0x00007ffd6d139000 	C:\WINDOWS\System32\KERNEL32.DLL
0x00007ffd6b850000 - 0x00007ffd6bc4e000 	C:\WINDOWS\System32\KERNELBASE.dll
0x00007ffd6be40000 - 0x00007ffd6bf8c000 	C:\WINDOWS\System32\ucrtbase.dll
0x00007ffd5fd20000 - 0x00007ffd5fd3e000 	C:\Program Files\Java\jdk-21.0.12\bin\VCRUNTIME140.dll
0x00007ffd5fd60000 - 0x00007ffd5fd79000 	C:\Program Files\Java\jdk-21.0.12\bin\jli.dll
0x00007ffd6cc70000 - 0x00007ffd6cd27000 	C:\WINDOWS\System32\ADVAPI32.dll
0x00007ffd6c330000 - 0x00007ffd6c3d9000 	C:\WINDOWS\System32\msvcrt.dll
0x00007ffd6d330000 - 0x00007ffd6d3da000 	C:\WINDOWS\System32\sechost.dll
0x00007ffd6cd30000 - 0x00007ffd6ce48000 	C:\WINDOWS\System32\RPCRT4.dll
0x00007ffd6caa0000 - 0x00007ffd6cc67000 	C:\WINDOWS\System32\USER32.dll
0x00007ffd6b820000 - 0x00007ffd6b847000 	C:\WINDOWS\System32\win32u.dll
0x00007ffd51510000 - 0x00007ffd517a2000 	C:\WINDOWS\WinSxS\amd64_microsoft.windows.common-controls_6595b64144ccf1df_6.0.26100.8875_none_3e0d5d42e32fe9dd\COMCTL32.dll
0x00007ffd6ce60000 - 0x00007ffd6ce8b000 	C:\WINDOWS\System32\GDI32.dll
0x00007ffd6bc60000 - 0x00007ffd6bd8a000 	C:\WINDOWS\System32\gdi32full.dll
0x00007ffd6bd90000 - 0x00007ffd6be33000 	C:\WINDOWS\System32\msvcp_win.dll
0x00007ffd5d920000 - 0x00007ffd5d92b000 	C:\WINDOWS\SYSTEM32\VERSION.dll
0x00007ffd6c3e0000 - 0x00007ffd6c412000 	C:\WINDOWS\System32\IMM32.DLL
0x00007ffd5fe10000 - 0x00007ffd5fe1c000 	C:\Program Files\Java\jdk-21.0.12\bin\vcruntime140_1.dll
0x00007ffd43cc0000 - 0x00007ffd43d4d000 	C:\Program Files\Java\jdk-21.0.12\bin\msvcp140.dll
0x00007ffcd3340000 - 0x00007ffcd4068000 	C:\Program Files\Java\jdk-21.0.12\bin\server\jvm.dll
0x00007ffd6ca10000 - 0x00007ffd6ca90000 	C:\WINDOWS\System32\WS2_32.dll
0x00007ffd6a380000 - 0x00007ffd6a3de000 	C:\WINDOWS\SYSTEM32\POWRPROF.dll
0x00007ffd5dc40000 - 0x00007ffd5dc76000 	C:\WINDOWS\SYSTEM32\WINMM.dll
0x00007ffd6a360000 - 0x00007ffd6a374000 	C:\WINDOWS\SYSTEM32\UMPDC.dll
0x00007ffd6a620000 - 0x00007ffd6a63b000 	C:\WINDOWS\SYSTEM32\kernel.appcore.dll
0x00007ffd5fd00000 - 0x00007ffd5fd0a000 	C:\Program Files\Java\jdk-21.0.12\bin\jimage.dll
0x00007ffd68de0000 - 0x00007ffd69022000 	C:\WINDOWS\SYSTEM32\DBGHELP.DLL
0x00007ffd6c660000 - 0x00007ffd6c9e3000 	C:\WINDOWS\System32\combase.dll
0x00007ffd6d140000 - 0x00007ffd6d219000 	C:\WINDOWS\System32\OLEAUT32.dll
0x00007ffd41490000 - 0x00007ffd414cb000 	C:\WINDOWS\SYSTEM32\dbgcore.DLL
0x00007ffd6c1e0000 - 0x00007ffd6c28c000 	C:\WINDOWS\System32\bcryptPrimitives.dll
0x00007ffd5faa0000 - 0x00007ffd5fac1000 	C:\Program Files\Java\jdk-21.0.12\bin\java.dll
0x00007ffd6da60000 - 0x00007ffd6e1f2000 	C:\WINDOWS\System32\SHELL32.dll
0x00007ffd69300000 - 0x00007ffd69b92000 	C:\WINDOWS\SYSTEM32\windows.storage.dll
0x00007ffd6e2d0000 - 0x00007ffd6e3c7000 	C:\WINDOWS\System32\SHCORE.dll
0x00007ffd6e200000 - 0x00007ffd6e267000 	C:\WINDOWS\System32\shlwapi.dll
0x00007ffd6b740000 - 0x00007ffd6b769000 	C:\WINDOWS\SYSTEM32\profapi.dll
0x00007ffd32bd0000 - 0x00007ffd32ca7000 	C:\Program Files\Java\jdk-21.0.12\bin\jsvml.dll
0x00007ffd5fce0000 - 0x00007ffd5fcf1000 	C:\Program Files\Java\jdk-21.0.12\bin\net.dll
0x00007ffd60640000 - 0x00007ffd60767000 	C:\WINDOWS\SYSTEM32\WINHTTP.dll
0x00007ffd6abd0000 - 0x00007ffd6ac3c000 	C:\WINDOWS\system32\mswsock.dll
0x00007ffd577b0000 - 0x00007ffd577c6000 	C:\Program Files\Java\jdk-21.0.12\bin\nio.dll
0x00007ffd54640000 - 0x00007ffd54658000 	C:\Program Files\Java\jdk-21.0.12\bin\zip.dll
0x00007ffd5fae0000 - 0x00007ffd5faea000 	C:\Program Files\Java\jdk-21.0.12\bin\management.dll
0x00007ffd59410000 - 0x00007ffd5941c000 	C:\Program Files\Java\jdk-21.0.12\bin\management_ext.dll
0x00007ffd6ce50000 - 0x00007ffd6ce58000 	C:\WINDOWS\System32\PSAPI.DLL
0x00007ffd577a0000 - 0x00007ffd577ae000 	C:\Program Files\Java\jdk-21.0.12\bin\sunmscapi.dll
0x00007ffd6c060000 - 0x00007ffd6c1d8000 	C:\WINDOWS\System32\CRYPT32.dll
0x00007ffd6b110000 - 0x00007ffd6b140000 	C:\WINDOWS\SYSTEM32\ncrypt.dll
0x00007ffd6b0c0000 - 0x00007ffd6b0ff000 	C:\WINDOWS\SYSTEM32\NTASN1.dll
0x00007ffd6aed0000 - 0x00007ffd6aeeb000 	C:\WINDOWS\SYSTEM32\CRYPTSP.dll
0x00007ffd6a580000 - 0x00007ffd6a5b9000 	C:\WINDOWS\system32\rsaenh.dll
0x00007ffd6ac90000 - 0x00007ffd6acc2000 	C:\WINDOWS\SYSTEM32\USERENV.dll
0x00007ffd6b710000 - 0x00007ffd6b73a000 	C:\WINDOWS\SYSTEM32\bcrypt.dll
0x00007ffd6aef0000 - 0x00007ffd6aefc000 	C:\WINDOWS\SYSTEM32\CRYPTBASE.dll
0x00007ffd6a010000 - 0x00007ffd6a043000 	C:\WINDOWS\SYSTEM32\IPHLPAPI.DLL
0x00007ffd6c650000 - 0x00007ffd6c65a000 	C:\WINDOWS\System32\NSI.dll
0x00007ffd6a050000 - 0x00007ffd6a1a6000 	C:\WINDOWS\SYSTEM32\DNSAPI.dll
0x00007ffd6a9b0000 - 0x00007ffd6a9bd000 	C:\WINDOWS\SYSTEM32\DSPARSE.dll
0x00007ffd60810000 - 0x00007ffd6081b000 	C:\Windows\System32\rasadhlp.dll
0x00007ffd621e0000 - 0x00007ffd62266000 	C:\WINDOWS\System32\fwpuclnt.dll
0x00007ffd56ab0000 - 0x00007ffd56ab9000 	C:\Program Files\Java\jdk-21.0.12\bin\extnet.dll
0x00007ffd4eb60000 - 0x00007ffd4eb70000 	C:\Program Files\Java\jdk-21.0.12\bin\instrument.dll

dbghelp: loaded successfully - version: 4.0.5 - missing functions: none
symbol engine: initialized successfully - sym options: 0x614 - pdb path: .;C:\Program Files\Java\jdk-21.0.12\bin;C:\WINDOWS\SYSTEM32;C:\WINDOWS\WinSxS\amd64_microsoft.windows.common-controls_6595b64144ccf1df_6.0.26100.8875_none_3e0d5d42e32fe9dd;C:\Program Files\Java\jdk-21.0.12\bin\server

VM Arguments:
java_command: C:\Users\jorgemc\AppData\Local\Temp\surefire10142639858844188260\surefirebooter-20260831130630019_3.jar C:\Users\jorgemc\AppData\Local\Temp\surefire10142639858844188260 2026-08-31T13-06-29_816-jvmRun1 surefire-20260831130630019_1tmp surefire_0-20260831130630019_2tmp
java_class_path (initial): C:\Users\jorgemc\AppData\Local\Temp\surefire10142639858844188260\surefirebooter-20260831130630019_3.jar
Launcher Type: SUN_STANDARD

[Global flags]
     intx CICompilerCount                          = 3                                         {product} {ergonomic}
     uint ConcGCThreads                            = 2                                         {product} {ergonomic}
     uint G1ConcRefinementThreads                  = 6                                         {product} {ergonomic}
   size_t G1HeapRegionSize                         = 1048576                                   {product} {ergonomic}
    uintx GCDrainStackTargetSize                   = 64                                        {product} {ergonomic}
   size_t InitialHeapSize                          = 132120576                                 {product} {ergonomic}
   size_t MarkStackSize                            = 4194304                                   {product} {ergonomic}
   size_t MaxHeapSize                              = 2084569088                                {product} {ergonomic}
   size_t MaxNewSize                               = 1249902592                                {product} {ergonomic}
   size_t MinHeapDeltaBytes                        = 1048576                                   {product} {ergonomic}
   size_t MinHeapSize                              = 8388608                                   {product} {ergonomic}
    uintx NonNMethodCodeHeapSize                   = 5832780                                {pd product} {ergonomic}
    uintx NonProfiledCodeHeapSize                  = 122912730                              {pd product} {ergonomic}
    uintx ProfiledCodeHeapSize                     = 122912730                              {pd product} {ergonomic}
    uintx ReservedCodeCacheSize                    = 251658240                              {pd product} {ergonomic}
     bool SegmentedCodeCache                       = true                                      {product} {ergonomic}
   size_t SoftMaxHeapSize                          = 2084569088                             {manageable} {ergonomic}
     bool UseCompressedOops                        = true                           {product lp64_product} {ergonomic}
     bool UseG1GC                                  = true                                      {product} {ergonomic}
     bool UseLargePagesIndividualAllocation        = false                                  {pd product} {ergonomic}

Logging:
Log output configuration:
 #0: stdout all=warning uptime,level,tags foldmultilines=false
 #1: stderr all=off uptime,level,tags foldmultilines=false

Environment Variables:
JAVA_HOME=C:/Program Files/Java/jdk-21.0.12
PATH='C;C:\WINDOWS\system32\drivers\etc\hosts' -> '\etc\hosts'
'C;C:\WINDOWS\system32\drivers\etc\protocol' -> '\etc\protocols'
'C;C:\WINDOWS\system32\drivers\etc\services' -> '\etc\services'
'C;C:\WINDOWS\system32\drivers\etc\networks' -> '\etc\networks'
\c\Users\jorgemc\bin;C:\Program Files\Git\mingw64\bin;C:\Program Files\Git\usr\local\bin;C:\Program Files\Git\usr\bin;C:\Program Files\Git\usr\bin;C:\Program Files\Git\mingw64\bin;C:\Program Files\Git\usr\bin;C:\Users\jorgemc\bin;C:\Program Files\Common Files\Oracle\Java\javapath;C:\Windows\system32;C:\Windows;C:\Windows\System32\Wbem;C:\Windows\System32\WindowsPowerShell\v1.0;C:\Windows\System32\OpenSSH;C:\Program Files (x86)\NVIDIA Corporation\PhysX\Common;C:\Program Files\NVIDIA Corporation\NVIDIA NvDLISR;C:\WINDOWS\system32;C:\WINDOWS;C:\WINDOWS\System32\Wbem;C:\WINDOWS\System32\WindowsPowerShell\v1.0;C:\WINDOWS\System32\OpenSSH;C:\php;C:\Program Files\Git\cmd;C:\Users\jorgemc\.local\bin;C:\Users\jorgemc\AppData\Local\agy\bin;C:\Program Files\nodejs;C:\Program Files\dotnet;C:\Users\jorgemc\AppData\Local\Programs\Python\Python314\Scripts;C:\Users\jorgemc\AppData\Local\Programs\Python\Python314;C:\Program Files\MySQL\MySQL Shell 8.0\bin;C:\Users\jorgemc\AppData\Local\agy\bin;C:\Users\jorgemc\AppData\Local\Microsoft\WindowsApps;C:\Users\jorgemc\AppData\Local\Programs\Antigravity IDE\bin;C:\Program Files\JetBrains\IntelliJ IDEA 2026.2.0.1\bin;C:\Users\jorgemc\AppData\Roaming\npm;C:\Users\jorgemc\.dotnet\tools;C:\Program Files\Git\usr\bin\vendor_perl;C:\Program Files\Git\usr\bin\core_perl
USERNAME=jorgemc
SHELL=C:\Program Files\Git\usr\bin\bash.exe
LANG=en_US.UTF-8
TERM=xterm-256color
OS=Windows_NT
PROCESSOR_IDENTIFIER=Intel64 Family 6 Model 141 Stepping 1, GenuineIntel
TMP=C:\Users\jorgemc\AppData\Local\Temp
TEMP=C:\Users\jorgemc\AppData\Local\Temp




Periodic native trim disabled

---------------  S Y S T E M  ---------------

OS:
 Windows 11 , 64 bit Build 26100 (10.0.26100.8875)
OS uptime: 20 days 22:40 hours

CPU: total 6 (initial active 6) (6 cores per cpu, 2 threads per core) family 6 model 141 stepping 1 microcode 0x34, cx8, cmov, fxsr, ht, mmx, 3dnowpref, sse, sse2, sse3, ssse3, sse4.1, sse4.2, popcnt, lzcnt, tsc, tscinvbit, avx, avx2, erms, clmul, bmi1, bmi2, adx, avx512f, avx512dq, avx512cd, avx512bw, avx512vl, sha, fma, vzeroupper, avx512_vpopcntdq, avx512_vpclmulqdq, avx512_vnni, clflush, clflushopt, clwb, avx512_vbmi2, avx512_vbmi, rdtscp, rdpid, fsrm, gfni, avx512_bitalg, f16c, pku, cet_ibt, cet_ss, avx512_ifma
Processor Information for all 6 processors :
  Max Mhz: 2688, Current Mhz: 2688, Mhz Limit: 2688

Memory: 4k page, system-wide physical 7946M (135M free)
TotalPageFile size 32522M (AvailPageFile size 21M)
current process WorkingSet (physical memory assigned to process): 370M, peak: 580M
current process commit charge ("private bytes"): 698M, peak: 714M

vm_info: Java HotSpot(TM) 64-Bit Server VM (21.0.12+7-LTS-205) for windows-amd64 JRE (21.0.12+7-LTS-205), built on 2026-06-02T04:23:32Z by "mach5run" with MS VC++ 17.13 (VS2022)

END.
