#
# There is insufficient memory for the Java Runtime Environment to continue.
# Native memory allocation (mmap) failed to map 132120576 bytes for G1 virtual space
# Possible reasons:
#   The system is out of physical RAM or swap space
#   The process is running with CompressedOops enabled, and the Java Heap may be blocking the growth of the native heap
# Possible solutions:
#   Reduce memory load on the system
#   Increase physical memory or swap space
#   Check if swap backing store is full
#   Decrease Java heap size (-Xmx/-Xms)
#   Decrease number of Java threads
#   Decrease Java thread stack sizes (-Xss)
#   Set larger code cache with -XX:ReservedCodeCacheSize=
#   JVM is running with Unscaled Compressed Oops mode in which the Java heap is
#     placed in the first 4GB address space. The Java Heap base address is the
#     maximum limit for the native heap growth. Please use -XX:HeapBaseMinAddress
#     to set the Java Heap base and to place the Java Heap above 4GB virtual address.
# This output file may be truncated or incomplete.
#
#  Out of Memory Error (os_windows.cpp:3621), pid=6476, tid=28908
#
# JRE version:  (21.0.12+7) (build )
# Java VM: Java HotSpot(TM) 64-Bit Server VM (21.0.12+7-LTS-205, mixed mode, sharing, tiered, compressed oops, compressed class ptrs, g1 gc, windows-amd64)
# No core dump will be written. Minidumps are not enabled by default on client versions of Windows
#

---------------  S U M M A R Y ------------

Command Line: -Dnet.bytebuddy.agent.attacher.dump= net.bytebuddy.agent.Attacher com.sun.tools.attach.VirtualMachine 11700 C:\Users\jorgemc\.m2\repository\net\bytebuddy\byte-buddy-agent\1.18.10\byte-buddy-agent-1.18.10.jar false 

Host: 11th Gen Intel(R) Core(TM) i5-11400H @ 2.70GHz, 6 cores, 7G,  Windows 11 , 64 bit Build 26100 (10.0.26100.9444)
Time: Thu Oct  1 15:42:06 2026 Hora verano Sudamérica Pacífico elapsed time: 0.088797 seconds (0d 0h 0m 0s)

---------------  T H R E A D  ---------------

Current thread (0x000002ccdacbeb70):  JavaThread "Unknown thread" [_thread_in_vm, id=28908, stack(0x000000d2b6300000,0x000000d2b6400000) (1024K)]

Stack: [0x000000d2b6300000,0x000000d2b6400000]
Native frames: (J=compiled Java code, j=interpreted, Vv=VM code, C=native code)
V  [jvm.dll+0x6d1079]
V  [jvm.dll+0x860376]
V  [jvm.dll+0x86286e]
V  [jvm.dll+0x862f43]
V  [jvm.dll+0x282bd6]
V  [jvm.dll+0x6cd925]
V  [jvm.dll+0x6c241a]
V  [jvm.dll+0x35c038]
V  [jvm.dll+0x363d06]
V  [jvm.dll+0x3b4e1e]
V  [jvm.dll+0x3b50c8]
V  [jvm.dll+0x32faec]
V  [jvm.dll+0x330641]
V  [jvm.dll+0x82a35e]
V  [jvm.dll+0x3c1db1]
V  [jvm.dll+0x81320a]
V  [jvm.dll+0x4547a1]
V  [jvm.dll+0x4561f1]
C  [jli.dll+0x531c]
C  [ucrtbase.dll+0x2cd30]
C  [KERNEL32.DLL+0x2cd87]
C  [ntdll.dll+0xacaec]


---------------  P R O C E S S  ---------------

Threads class SMR info:
_java_thread_list=0x00007ffbc2899c88, length=0, elements={
}

Java Threads: ( => current thread )
Total: 0

Other Threads:
  0x000002ccdad10780 WorkerThread "GC Thread#0"                     [id=18692, stack(0x000000d2b6400000,0x000000d2b6500000) (1024K)]
  0x000002ccdad21400 ConcurrentGCThread "G1 Main Marker"            [id=24572, stack(0x000000d2b6500000,0x000000d2b6600000) (1024K)]
  0x000002ccdad21f10 WorkerThread "G1 Conc#0"                       [id=972, stack(0x000000d2b6600000,0x000000d2b6700000) (1024K)]

[error occurred during error reporting (printing all threads), id 0xc0000005, EXCEPTION_ACCESS_VIOLATION (0xc0000005) at pc=0x00007ffbc2002777]
VM state: not at safepoint (not fully initialized)

VM Mutex/Monitor currently owned by a thread:  ([mutex/lock_event])
[0x00007ffbc290b050] Heap_lock - owner thread: 0x000002ccdacbeb70

Heap address: 0x0000000083c00000, size: 1988 MB, Compressed Oops mode: 32-bit

CDS archive(s) mapped at: [0x0000000000000000-0x0000000000000000-0x0000000000000000), size 0, SharedBaseAddress: 0x0000000800000000, ArchiveRelocationMode: 1.
Narrow klass base: 0x0000000000000000, Narrow klass shift: 0, Narrow klass range: 0x0

GC Precious Log:
 CardTable entry size: 512
 Card Set container configuration: InlinePtr #cards 5 size 8 Array Of Cards #cards 12 size 40 Howl #buckets 4 coarsen threshold 1843 Howl Bitmap #cards 512 size 80 coarsen threshold 460 Card regions per heap region 1 cards per card region 2048

Heap:
 garbage-first heap   total 0K, used 0K [0x0000000083c00000, 0x0000000100000000)
  region size 1024K, 0 young (0K), 0 survivors (0K)

[error occurred during error reporting (printing heap information), id 0xc0000005, EXCEPTION_ACCESS_VIOLATION (0xc0000005) at pc=0x00007ffbc23eb159]
GC Heap History (0 events):
No events

Dll operation events (1 events):
Event: 0.014 Loaded shared library C:\Program Files\Java\jdk-21.0.12\bin\java.dll

Deoptimization events (0 events):
No events

Classes loaded (0 events):
No events

Classes unloaded (0 events):
No events

Classes redefined (0 events):
No events

Internal exceptions (0 events):
No events

ZGC Phase Switch (0 events):
No events

VM Operations (0 events):
No events

Events (0 events):
No events


Dynamic libraries:
0x00007ff7a0fb0000 - 0x00007ff7a0fc0000 	C:\Program Files\Java\jdk-21.0.12\bin\java.exe
0x00007ffc4b4a0000 - 0x00007ffc4b707000 	C:\WINDOWS\SYSTEM32\ntdll.dll
0x00007ffc49b20000 - 0x00007ffc49beb000 	C:\WINDOWS\System32\KERNEL32.DLL
0x00007ffc48db0000 - 0x00007ffc491b2000 	C:\WINDOWS\System32\KERNELBASE.dll
0x00007ffc48750000 - 0x00007ffc4889c000 	C:\WINDOWS\System32\ucrtbase.dll
0x00007ffc3d390000 - 0x00007ffc3d3a9000 	C:\Program Files\Java\jdk-21.0.12\bin\jli.dll
0x00007ffc4ab20000 - 0x00007ffc4abdc000 	C:\WINDOWS\System32\ADVAPI32.dll
0x00007ffc41070000 - 0x00007ffc4108e000 	C:\Program Files\Java\jdk-21.0.12\bin\VCRUNTIME140.dll
0x00007ffc49980000 - 0x00007ffc49a29000 	C:\WINDOWS\System32\msvcrt.dll
0x00007ffc49a70000 - 0x00007ffc49b19000 	C:\WINDOWS\System32\sechost.dll
0x00007ffc49d80000 - 0x00007ffc49e98000 	C:\WINDOWS\System32\RPCRT4.dll
0x00007ffc4a330000 - 0x00007ffc4a4ff000 	C:\WINDOWS\System32\USER32.dll
0x00007ffc48d80000 - 0x00007ffc48da7000 	C:\WINDOWS\System32\win32u.dll
0x00007ffc49a40000 - 0x00007ffc49a6b000 	C:\WINDOWS\System32\GDI32.dll
0x00007ffc48a30000 - 0x00007ffc48b59000 	C:\WINDOWS\System32\gdi32full.dll
0x00007ffc486a0000 - 0x00007ffc48743000 	C:\WINDOWS\System32\msvcp_win.dll
0x00007ffc477e0000 - 0x00007ffc47a70000 	C:\WINDOWS\WinSxS\amd64_microsoft.windows.common-controls_6595b64144ccf1df_6.0.26100.9278_none_3e0d1ba8e3303201\COMCTL32.dll
0x00007ffc461d0000 - 0x00007ffc461db000 	C:\WINDOWS\SYSTEM32\VERSION.dll
0x00007ffc4a940000 - 0x00007ffc4a971000 	C:\WINDOWS\System32\IMM32.DLL
0x00007ffc3f930000 - 0x00007ffc3f93c000 	C:\Program Files\Java\jdk-21.0.12\bin\vcruntime140_1.dll
0x00007ffc1b1c0000 - 0x00007ffc1b24d000 	C:\Program Files\Java\jdk-21.0.12\bin\msvcp140.dll
0x00007ffbc1cc0000 - 0x00007ffbc29e8000 	C:\Program Files\Java\jdk-21.0.12\bin\server\jvm.dll
0x00007ffc4b070000 - 0x00007ffc4b0f0000 	C:\WINDOWS\System32\WS2_32.dll
0x00007ffc3a3d0000 - 0x00007ffc3a406000 	C:\WINDOWS\SYSTEM32\WINMM.dll
0x00007ffc48230000 - 0x00007ffc4828e000 	C:\WINDOWS\SYSTEM32\POWRPROF.dll
0x00007ffc47b80000 - 0x00007ffc47b95000 	C:\WINDOWS\SYSTEM32\UMPDC.dll
0x00007ffc46a80000 - 0x00007ffc46a9b000 	C:\WINDOWS\SYSTEM32\kernel.appcore.dll
0x00007ffc34b80000 - 0x00007ffc34b8a000 	C:\Program Files\Java\jdk-21.0.12\bin\jimage.dll
0x00007ffc47e90000 - 0x00007ffc480dc000 	C:\WINDOWS\SYSTEM32\DBGHELP.DLL
0x00007ffc4ace0000 - 0x00007ffc4b065000 	C:\WINDOWS\System32\combase.dll
0x00007ffc4a790000 - 0x00007ffc4a869000 	C:\WINDOWS\System32\OLEAUT32.dll
0x00007ffc47dc0000 - 0x00007ffc47dfb000 	C:\WINDOWS\SYSTEM32\dbgcore.DLL
0x00007ffc488b0000 - 0x00007ffc4895c000 	C:\WINDOWS\System32\bcryptPrimitives.dll
0x00007ffc347f0000 - 0x00007ffc34811000 	C:\Program Files\Java\jdk-21.0.12\bin\java.dll

dbghelp: loaded successfully - version: 4.0.5 - missing functions: none
symbol engine: initialized successfully - sym options: 0x614 - pdb path: .;C:\Program Files\Java\jdk-21.0.12\bin;C:\WINDOWS\SYSTEM32;C:\WINDOWS\WinSxS\amd64_microsoft.windows.common-controls_6595b64144ccf1df_6.0.26100.9278_none_3e0d1ba8e3303201;C:\Program Files\Java\jdk-21.0.12\bin\server

VM Arguments:
jvm_args: -Dnet.bytebuddy.agent.attacher.dump= 
java_command: net.bytebuddy.agent.Attacher com.sun.tools.attach.VirtualMachine 11700 C:\Users\jorgemc\.m2\repository\net\bytebuddy\byte-buddy-agent\1.18.10\byte-buddy-agent-1.18.10.jar false 
java_class_path (initial): C:\Users\jorgemc\.m2\repository\net\bytebuddy\byte-buddy-agent\1.18.10\byte-buddy-agent-1.18.10.jar
Launcher Type: SUN_STANDARD

[Global flags]
     intx CICompilerCount                          = 3                                         {product} {ergonomic}
     uint ConcGCThreads                            = 2                                         {product} {ergonomic}
     uint G1ConcRefinementThreads                  = 6                                         {product} {ergonomic}
   size_t G1HeapRegionSize                         = 1048576                                   {product} {ergonomic}
    uintx GCDrainStackTargetSize                   = 64                                        {product} {ergonomic}
   size_t InitialHeapSize                          = 132120576                                 {product} {ergonomic}
   size_t MarkStackSize                            = 4194304                                   {product} {ergonomic}
   size_t MaxHeapSize                              = 2084569088                                {product} {ergonomic}
   size_t MinHeapDeltaBytes                        = 1048576                                   {product} {ergonomic}
   size_t MinHeapSize                              = 8388608                                   {product} {ergonomic}
    uintx NonNMethodCodeHeapSize                   = 5832780                                {pd product} {ergonomic}
    uintx NonProfiledCodeHeapSize                  = 122912730                              {pd product} {ergonomic}
    uintx ProfiledCodeHeapSize                     = 122912730                              {pd product} {ergonomic}
    uintx ReservedCodeCacheSize                    = 251658240                              {pd product} {ergonomic}
     bool SegmentedCodeCache                       = true                                      {product} {ergonomic}
   size_t SoftMaxHeapSize                          = 2084569088                             {manageable} {ergonomic}
     bool UseCompressedOops                        = true                           {product lp64_product} {ergonomic}
     bool UseG1GC                                  = true                                      {product} {ergonomic}
     bool UseLargePagesIndividualAllocation        = false                                  {pd product} {ergonomic}

Logging:
Log output configuration:
 #0: stdout all=warning uptime,level,tags foldmultilines=false
 #1: stderr all=off uptime,level,tags foldmultilines=false

Environment Variables:
JAVA_HOME=C:\Program Files\Java\jdk-21.0.12
PATH='C;C:\WINDOWS\system32\drivers\etc\hosts' -> '\etc\hosts'
'C;C:\WINDOWS\system32\drivers\etc\protocol' -> '\etc\protocols'
'C;C:\WINDOWS\system32\drivers\etc\services' -> '\etc\services'
'C;C:\WINDOWS\system32\drivers\etc\networks' -> '\etc\networks'
\c\Users\jorgemc\bin;C:\Program Files\Git\mingw64\bin;C:\Program Files\Git\usr\local\bin;C:\Program Files\Git\usr\bin;C:\Program Files\Git\usr\bin;C:\Program Files\Git\mingw64\bin;C:\Program Files\Git\usr\bin;C:\Users\jorgemc\bin;C:\Program Files\Common Files\Oracle\Java\javapath;C:\Windows\system32;C:\Windows;C:\Windows\System32\Wbem;C:\Windows\System32\WindowsPowerShell\v1.0;C:\Windows\System32\OpenSSH;C:\Program Files (x86)\NVIDIA Corporation\PhysX\Common;C:\Program Files\NVIDIA Corporation\NVIDIA NvDLISR;C:\WINDOWS\system32;C:\WINDOWS;C:\WINDOWS\System32\Wbem;C:\WINDOWS\System32\WindowsPowerShell\v1.0;C:\WINDOWS\System32\OpenSSH;C:\php;C:\Program Files\Git\cmd;C:\Users\jorgemc\.local\bin;C:\Users\jorgemc\AppData\Local\agy\bin;C:\Program Files\nodejs;C:\Program Files\dotnet;C:\Program Files\PostgreSQL\18\bin;C:\Users\jorgemc\AppData\Local\Programs\Python\Python314\Scripts;C:\Users\jorgemc\AppData\Local\Programs\Python\Python314;C:\Program Files\MySQL\MySQL Shell 8.0\bin;C:\Users\jorgemc\AppData\Local\agy\bin;C:\Users\jorgemc\AppData\Local\Microsoft\WindowsApps;C:\Users\jorgemc\AppData\Local\Programs\Antigravity IDE\bin;C:\Program Files\JetBrains\IntelliJ IDEA 2026.2.0.1\bin;C:\Users\jorgemc\AppData\Roaming\npm;C:\Users\jorgemc\.dotnet\tools;C:\Program Files\Git\usr\bin\vendor_perl;C:\Program Files\Git\usr\bin\core_perl
USERNAME=jorgemc
SHELL=C:\Program Files\Git\bin\bash.exe
LANG=en_US.UTF-8
TERM=xterm-256color
OS=Windows_NT
PROCESSOR_IDENTIFIER=Intel64 Family 6 Model 141 Stepping 1, GenuineIntel
TMP=C:\Users\jorgemc\AppData\Local\Temp
TEMP=C:\Users\jorgemc\AppData\Local\Temp




Periodic native trim disabled

---------------  S Y S T E M  ---------------

OS:
 Windows 11 , 64 bit Build 26100 (10.0.26100.9444)
OS uptime: 17 days 17:50 hours

CPU: total 6 (initial active 6) (6 cores per cpu, 2 threads per core) family 6 model 141 stepping 1 microcode 0x34, cx8, cmov, fxsr, ht, mmx, 3dnowpref, sse, sse2, sse3, ssse3, sse4.1, sse4.2, popcnt, lzcnt, tsc, tscinvbit, avx, avx2, erms, clmul, bmi1, bmi2, adx, avx512f, avx512dq, avx512cd, avx512bw, avx512vl, sha, fma, vzeroupper, avx512_vpopcntdq, avx512_vpclmulqdq, avx512_vnni, clflush, clflushopt, clwb, avx512_vbmi2, avx512_vbmi, rdtscp, rdpid, fsrm, gfni, avx512_bitalg, f16c, pku, cet_ibt, cet_ss, avx512_ifma
Processor Information for all 6 processors :
  Max Mhz: 2688, Current Mhz: 2688, Mhz Limit: 2688

Memory: 4k page, system-wide physical 7946M (153M free)
TotalPageFile size 32522M (AvailPageFile size 96M)
current process WorkingSet (physical memory assigned to process): 12M, peak: 12M
current process commit charge ("private bytes"): 56M, peak: 182M

vm_info: Java HotSpot(TM) 64-Bit Server VM (21.0.12+7-LTS-205) for windows-amd64 JRE (21.0.12+7-LTS-205), built on 2026-06-02T04:23:32Z by "mach5run" with MS VC++ 17.13 (VS2022)

END.
