#
# There is insufficient memory for the Java Runtime Environment to continue.
# Native memory allocation (malloc) failed to allocate 985088 bytes for Chunk::new
# Possible reasons:
#   The system is out of physical RAM or swap space
#   The process is running with CompressedOops enabled, and the Java Heap may be blocking the growth of the native heap
# Possible solutions:
#   Reduce memory load on the system
#   Increase physical memory or swap space
#   Check if swap backing store is full
#   Decrease Java heap size (-Xmx/-Xms)
#   Decrease number of Java threads
#   Decrease Java thread stack sizes (-Xss)
#   Set larger code cache with -XX:ReservedCodeCacheSize=
#   JVM is running with Unscaled Compressed Oops mode in which the Java heap is
#     placed in the first 4GB address space. The Java Heap base address is the
#     maximum limit for the native heap growth. Please use -XX:HeapBaseMinAddress
#     to set the Java Heap base and to place the Java Heap above 4GB virtual address.
# This output file may be truncated or incomplete.
#
#  Out of Memory Error (arena.cpp:168), pid=29056, tid=6040
#
# JRE version: Java(TM) SE Runtime Environment (21.0.12+7) (build 21.0.12+7-LTS-205)
# Java VM: Java HotSpot(TM) 64-Bit Server VM (21.0.12+7-LTS-205, mixed mode, sharing, tiered, compressed oops, compressed class ptrs, g1 gc, windows-amd64)
# No core dump will be written. Minidumps are not enabled by default on client versions of Windows
#

---------------  S U M M A R Y ------------

Command Line: -javaagent:C:\\Users\\jorgemc\\.m2\\repository\\org\\jacoco\\org.jacoco.agent\\0.8.13\\org.jacoco.agent-0.8.13-runtime.jar=destfile=C:\\Users\\jorgemc\\IdeaProjects\\uvo-store\\target\\jacoco.exec C:\Users\jorgemc\AppData\Local\Temp\surefire7647848790749738396\surefirebooter-20261001154433757_3.jar C:\Users\jorgemc\AppData\Local\Temp\surefire7647848790749738396 2026-10-01T15-44-33_551-jvmRun1 surefire-20261001154433757_1tmp surefire_0-20261001154433757_2tmp

Host: 11th Gen Intel(R) Core(TM) i5-11400H @ 2.70GHz, 6 cores, 7G,  Windows 11 , 64 bit Build 26100 (10.0.26100.9444)
Time: Thu Oct  1 15:45:24 2026 Hora verano Sudamérica Pacífico elapsed time: 51.028003 seconds (0d 0h 0m 51s)

---------------  T H R E A D  ---------------

Current thread (0x0000012065a6f520):  JavaThread "C2 CompilerThread0" daemon [_thread_in_native, id=6040, stack(0x00000001b2e00000,0x00000001b2f00000) (1024K)]


Current CompileTask:
C2:  51029 23940       4       org.springframework.core.type.classreading.SimpleAnnotationMetadata::getAnnotatedMethods (122 bytes)

Stack: [0x00000001b2e00000,0x00000001b2f00000]
Native frames: (J=compiled Java code, j=interpreted, Vv=VM code, C=native code)
V  [jvm.dll+0x6d1079]
V  [jvm.dll+0x860376]
V  [jvm.dll+0x86286e]
V  [jvm.dll+0x862f43]
V  [jvm.dll+0x282bd6]
V  [jvm.dll+0xc67ad]
V  [jvm.dll+0xc6cf1]
V  [jvm.dll+0x3bbf3b]
V  [jvm.dll+0x3883b2]
V  [jvm.dll+0x3877fa]
V  [jvm.dll+0x24b530]
V  [jvm.dll+0x24ab0f]
V  [jvm.dll+0x1cae8e]
V  [jvm.dll+0x25a7e9]
V  [jvm.dll+0x258d75]
V  [jvm.dll+0x3f5161]
V  [jvm.dll+0x80ad8d]
V  [jvm.dll+0x6cf91d]
C  [ucrtbase.dll+0x2cd30]
C  [KERNEL32.DLL+0x2cd87]
C  [ntdll.dll+0xacaec]


---------------  P R O C E S S  ---------------

Threads class SMR info:
_java_thread_list=0x000001206bcab540, length=18, elements={
0x0000012047459490, 0x0000012065a59ec0, 0x0000012065a5a730, 0x0000012065a5f160,
0x0000012065a5fa30, 0x0000012065a62580, 0x0000012065a60700, 0x0000012065a6f520,
0x0000012065a6fbd0, 0x0000012065d70a90, 0x000001206a3d34c0, 0x000001206aff3c20,
0x000001206afd5130, 0x000001206bc843e0, 0x000001206bc836c0, 0x000001206ad42400,
0x000001206ad42a90, 0x000001206ad43120
}

Java Threads: ( => current thread )
  0x0000012047459490 JavaThread "main"                              [_thread_in_Java, id=24484, stack(0x00000001b2000000,0x00000001b2100000) (1024K)]
  0x0000012065a59ec0 JavaThread "Reference Handler"          daemon [_thread_blocked, id=27416, stack(0x00000001b2800000,0x00000001b2900000) (1024K)]
  0x0000012065a5a730 JavaThread "Finalizer"                  daemon [_thread_blocked, id=19268, stack(0x00000001b2900000,0x00000001b2a00000) (1024K)]
  0x0000012065a5f160 JavaThread "Signal Dispatcher"          daemon [_thread_blocked, id=7928, stack(0x00000001b2a00000,0x00000001b2b00000) (1024K)]
  0x0000012065a5fa30 JavaThread "Attach Listener"            daemon [_thread_blocked, id=26956, stack(0x00000001b2b00000,0x00000001b2c00000) (1024K)]
  0x0000012065a62580 JavaThread "Service Thread"             daemon [_thread_blocked, id=24352, stack(0x00000001b2c00000,0x00000001b2d00000) (1024K)]
  0x0000012065a60700 JavaThread "Monitor Deflation Thread"   daemon [_thread_blocked, id=16676, stack(0x00000001b2d00000,0x00000001b2e00000) (1024K)]
=>0x0000012065a6f520 JavaThread "C2 CompilerThread0"         daemon [_thread_in_native, id=6040, stack(0x00000001b2e00000,0x00000001b2f00000) (1024K)]
  0x0000012065a6fbd0 JavaThread "C1 CompilerThread0"         daemon [_thread_blocked, id=27280, stack(0x00000001b2f00000,0x00000001b3000000) (1024K)]
  0x0000012065d70a90 JavaThread "Common-Cleaner"             daemon [_thread_blocked, id=23124, stack(0x00000001b3000000,0x00000001b3100000) (1024K)]
  0x000001206a3d34c0 JavaThread "Notification Thread"        daemon [_thread_blocked, id=13812, stack(0x00000001b3100000,0x00000001b3200000) (1024K)]
  0x000001206aff3c20 JavaThread "surefire-forkedjvm-stream-flusher" daemon [_thread_blocked, id=8052, stack(0x00000001b3500000,0x00000001b3600000) (1024K)]
  0x000001206afd5130 JavaThread "surefire-forkedjvm-command-thread" daemon [_thread_in_native, id=18220, stack(0x00000001b3600000,0x00000001b3700000) (1024K)]
  0x000001206bc843e0 JavaThread "Cleaner-0"                  daemon [_thread_blocked, id=25972, stack(0x00000001b3b00000,0x00000001b3c00000) (1024K)]
  0x000001206bc836c0 JavaThread "HikariPool-1:housekeeper"   daemon [_thread_blocked, id=14856, stack(0x00000001b3c00000,0x00000001b3d00000) (1024K)]
  0x000001206ad42400 JavaThread "scheduling-1"                      [_thread_blocked, id=13280, stack(0x00000001b3e00000,0x00000001b3f00000) (1024K)]
  0x000001206ad42a90 JavaThread "scheduling-2"                      [_thread_blocked, id=9304, stack(0x00000001b3f00000,0x00000001b4000000) (1024K)]
  0x000001206ad43120 JavaThread "ForkJoinPool.commonPool-worker-1" daemon [_thread_blocked, id=22500, stack(0x00000001b4000000,0x00000001b4100000) (1024K)]
Total: 18

Other Threads:
  0x0000012065a32410 VMThread "VM Thread"                           [id=27032, stack(0x00000001b2700000,0x00000001b2800000) (1024K)]
  0x0000012065a21230 WatcherThread "VM Periodic Task Thread"        [id=27600, stack(0x00000001b2600000,0x00000001b2700000) (1024K)]
  0x0000012047851840 WorkerThread "GC Thread#0"                     [id=4976, stack(0x00000001b2100000,0x00000001b2200000) (1024K)]
  0x0000012065a31cb0 WorkerThread "GC Thread#1"                     [id=33308, stack(0x00000001b3200000,0x00000001b3300000) (1024K)]
  0x0000012065a31550 WorkerThread "GC Thread#2"                     [id=26428, stack(0x00000001b3300000,0x00000001b3400000) (1024K)]
  0x0000012065a32060 WorkerThread "GC Thread#3"                     [id=11160, stack(0x00000001b3400000,0x00000001b3500000) (1024K)]
  0x0000012065a327c0 WorkerThread "GC Thread#4"                     [id=20160, stack(0x00000001b3700000,0x00000001b3800000) (1024K)]
  0x0000012065a311a0 WorkerThread "GC Thread#5"                     [id=32460, stack(0x00000001b3800000,0x00000001b3900000) (1024K)]
  0x0000012047862e40 ConcurrentGCThread "G1 Main Marker"            [id=19316, stack(0x00000001b2200000,0x00000001b2300000) (1024K)]
  0x0000012047864000 WorkerThread "G1 Conc#0"                       [id=10916, stack(0x00000001b2300000,0x00000001b2400000) (1024K)]
  0x000001206b101a20 WorkerThread "G1 Conc#1"                       [id=26892, stack(0x00000001b3900000,0x00000001b3a00000) (1024K)]
  0x00000120478beaf0 ConcurrentGCThread "G1 Refine#0"               [id=12628, stack(0x00000001b2400000,0x00000001b2500000) (1024K)]
  0x00000120658f6290 ConcurrentGCThread "G1 Service"                [id=34436, stack(0x00000001b2500000,0x00000001b2600000) (1024K)]
Total: 13

Threads with active compile tasks:
C2 CompilerThread0    51110 23940       4       org.springframework.core.type.classreading.SimpleAnnotationMetadata::getAnnotatedMethods (122 bytes)
Total: 1

VM state: not at safepoint (normal execution)

VM Mutex/Monitor currently owned by a thread: None

Heap address: 0x0000000083c00000, size: 1988 MB, Compressed Oops mode: 32-bit

CDS archive(s) mapped at: [0x0000012000000000-0x0000012000c90000-0x0000012000c90000), size 13172736, SharedBaseAddress: 0x0000012000000000, ArchiveRelocationMode: 1.
Compressed class space mapped at: 0x0000012001000000-0x0000012041000000, reserved size: 1073741824
Narrow klass base: 0x0000012000000000, Narrow klass shift: 0, Narrow klass range: 0x100000000

GC Precious Log:
 CardTable entry size: 512
 Card Set container configuration: InlinePtr #cards 5 size 8 Array Of Cards #cards 12 size 40 Howl #buckets 4 coarsen threshold 1843 Howl Bitmap #cards 512 size 80 coarsen threshold 460 Card regions per heap region 1 cards per card region 2048
 CPUs: 6 total, 6 available
 Memory: 7946M
 Large Page Support: Disabled
 NUMA Support: Disabled
 Compressed Oops: Enabled (32-bit)
 Heap Region Size: 1M
 Heap Min Capacity: 8M
 Heap Initial Capacity: 126M
 Heap Max Capacity: 1988M
 Pre-touch: Disabled
 Parallel Workers: 6
 Concurrent Workers: 2
 Concurrent Refinement Workers: 6
 Periodic GC: Disabled

Heap:
 garbage-first heap   total 285696K, used 155236K [0x0000000083c00000, 0x0000000100000000)
  region size 1024K, 72 young (73728K), 13 survivors (13312K)
 Metaspace       used 148814K, committed 150400K, reserved 1245184K
  class space    used 17608K, committed 18368K, reserved 1048576K

Heap Regions: E=young(eden), S=young(survivor), O=old, HS=humongous(starts), HC=humongous(continues), CS=collection set, F=free, TAMS=top-at-mark-start, PB=parsable bottom
|   0|0x0000000083c00000, 0x0000000083d00000, 0x0000000083d00000|100%|HS|  |TAMS 0x0000000083c00000| PB 0x0000000083c00000| Complete 
|   1|0x0000000083d00000, 0x0000000083e00000, 0x0000000083e00000|100%|HS|  |TAMS 0x0000000083d00000| PB 0x0000000083d00000| Complete 
|   2|0x0000000083e00000, 0x0000000083f00000, 0x0000000083f00000|100%|HC|  |TAMS 0x0000000083e00000| PB 0x0000000083e00000| Complete 
|   3|0x0000000083f00000, 0x0000000084000000, 0x0000000084000000|100%| O|  |TAMS 0x0000000083f00000| PB 0x0000000083f00000| Untracked 
|   4|0x0000000084000000, 0x0000000084100000, 0x0000000084100000|100%| O|  |TAMS 0x0000000084000000| PB 0x0000000084000000| Untracked 
|   5|0x0000000084100000, 0x0000000084200000, 0x0000000084200000|100%| O|  |TAMS 0x0000000084100000| PB 0x0000000084100000| Untracked 
|   6|0x0000000084200000, 0x0000000084300000, 0x0000000084300000|100%| O|  |TAMS 0x0000000084200000| PB 0x0000000084200000| Untracked 
|   7|0x0000000084300000, 0x0000000084400000, 0x0000000084400000|100%| O|  |TAMS 0x0000000084300000| PB 0x0000000084300000| Untracked 
|   8|0x0000000084400000, 0x0000000084500000, 0x0000000084500000|100%| O|  |TAMS 0x0000000084400000| PB 0x0000000084400000| Untracked 
|   9|0x0000000084500000, 0x0000000084600000, 0x0000000084600000|100%| O|  |TAMS 0x0000000084500000| PB 0x0000000084500000| Untracked 
|  10|0x0000000084600000, 0x0000000084700000, 0x0000000084700000|100%| O|  |TAMS 0x0000000084600000| PB 0x0000000084600000| Untracked 
|  11|0x0000000084700000, 0x0000000084800000, 0x0000000084800000|100%| O|  |TAMS 0x0000000084700000| PB 0x0000000084700000| Untracked 
|  12|0x0000000084800000, 0x0000000084900000, 0x0000000084900000|100%| O|  |TAMS 0x0000000084800000| PB 0x0000000084800000| Untracked 
|  13|0x0000000084900000, 0x0000000084a00000, 0x0000000084a00000|100%| O|  |TAMS 0x0000000084900000| PB 0x0000000084900000| Untracked 
|  14|0x0000000084a00000, 0x0000000084b00000, 0x0000000084b00000|100%| O|  |TAMS 0x0000000084a00000| PB 0x0000000084a00000| Untracked 
|  15|0x0000000084b00000, 0x0000000084c00000, 0x0000000084c00000|100%| O|  |TAMS 0x0000000084b00000| PB 0x0000000084b00000| Untracked 
|  16|0x0000000084c00000, 0x0000000084d00000, 0x0000000084d00000|100%| O|  |TAMS 0x0000000084c00000| PB 0x0000000084c00000| Untracked 
|  17|0x0000000084d00000, 0x0000000084e00000, 0x0000000084e00000|100%| O|  |TAMS 0x0000000084d00000| PB 0x0000000084d00000| Untracked 
|  18|0x0000000084e00000, 0x0000000084f00000, 0x0000000084f00000|100%| O|  |TAMS 0x0000000084e00000| PB 0x0000000084e00000| Untracked 
|  19|0x0000000084f00000, 0x0000000085000000, 0x0000000085000000|100%| O|  |TAMS 0x0000000084f00000| PB 0x0000000084f00000| Untracked 
|  20|0x0000000085000000, 0x0000000085100000, 0x0000000085100000|100%| O|  |TAMS 0x0000000085000000| PB 0x0000000085000000| Untracked 
|  21|0x0000000085100000, 0x0000000085200000, 0x0000000085200000|100%| O|  |TAMS 0x0000000085100000| PB 0x0000000085100000| Untracked 
|  22|0x0000000085200000, 0x0000000085300000, 0x0000000085300000|100%| O|  |TAMS 0x0000000085200000| PB 0x0000000085200000| Untracked 
|  23|0x0000000085300000, 0x0000000085400000, 0x0000000085400000|100%| O|  |TAMS 0x0000000085300000| PB 0x0000000085300000| Untracked 
|  24|0x0000000085400000, 0x0000000085500000, 0x0000000085500000|100%| O|  |TAMS 0x0000000085400000| PB 0x0000000085400000| Untracked 
|  25|0x0000000085500000, 0x0000000085600000, 0x0000000085600000|100%| O|  |TAMS 0x0000000085500000| PB 0x0000000085500000| Untracked 
|  26|0x0000000085600000, 0x0000000085700000, 0x0000000085700000|100%| O|  |TAMS 0x0000000085600000| PB 0x0000000085600000| Untracked 
|  27|0x0000000085700000, 0x0000000085800000, 0x0000000085800000|100%| O|  |TAMS 0x0000000085700000| PB 0x0000000085700000| Untracked 
|  28|0x0000000085800000, 0x0000000085900000, 0x0000000085900000|100%| O|  |TAMS 0x0000000085800000| PB 0x0000000085800000| Untracked 
|  29|0x0000000085900000, 0x0000000085a00000, 0x0000000085a00000|100%| O|  |TAMS 0x0000000085900000| PB 0x0000000085900000| Untracked 
|  30|0x0000000085a00000, 0x0000000085b00000, 0x0000000085b00000|100%| O|  |TAMS 0x0000000085a00000| PB 0x0000000085a00000| Untracked 
|  31|0x0000000085b00000, 0x0000000085c00000, 0x0000000085c00000|100%| O|  |TAMS 0x0000000085b00000| PB 0x0000000085b00000| Untracked 
|  32|0x0000000085c00000, 0x0000000085d00000, 0x0000000085d00000|100%| O|  |TAMS 0x0000000085c00000| PB 0x0000000085c00000| Untracked 
|  33|0x0000000085d00000, 0x0000000085e00000, 0x0000000085e00000|100%| O|  |TAMS 0x0000000085d00000| PB 0x0000000085d00000| Untracked 
|  34|0x0000000085e00000, 0x0000000085f00000, 0x0000000085f00000|100%| O|  |TAMS 0x0000000085e00000| PB 0x0000000085e00000| Untracked 
|  35|0x0000000085f00000, 0x0000000086000000, 0x0000000086000000|100%| O|  |TAMS 0x0000000085f00000| PB 0x0000000085f00000| Untracked 
|  36|0x0000000086000000, 0x0000000086100000, 0x0000000086100000|100%| O|  |TAMS 0x0000000086000000| PB 0x0000000086000000| Untracked 
|  37|0x0000000086100000, 0x0000000086200000, 0x0000000086200000|100%| O|  |TAMS 0x0000000086100000| PB 0x0000000086100000| Untracked 
|  38|0x0000000086200000, 0x0000000086300000, 0x0000000086300000|100%| O|  |TAMS 0x0000000086200000| PB 0x0000000086200000| Untracked 
|  39|0x0000000086300000, 0x0000000086400000, 0x0000000086400000|100%| O|  |TAMS 0x0000000086300000| PB 0x0000000086300000| Untracked 
|  40|0x0000000086400000, 0x0000000086500000, 0x0000000086500000|100%| O|  |TAMS 0x0000000086400000| PB 0x0000000086400000| Untracked 
|  41|0x0000000086500000, 0x0000000086600000, 0x0000000086600000|100%| O|  |TAMS 0x0000000086500000| PB 0x0000000086500000| Untracked 
|  42|0x0000000086600000, 0x0000000086700000, 0x0000000086700000|100%| O|  |TAMS 0x0000000086600000| PB 0x0000000086600000| Untracked 
|  43|0x0000000086700000, 0x0000000086800000, 0x0000000086800000|100%| O|  |TAMS 0x0000000086700000| PB 0x0000000086700000| Untracked 
|  44|0x0000000086800000, 0x0000000086900000, 0x0000000086900000|100%| O|  |TAMS 0x0000000086800000| PB 0x0000000086800000| Untracked 
|  45|0x0000000086900000, 0x0000000086a00000, 0x0000000086a00000|100%| O|  |TAMS 0x0000000086900000| PB 0x0000000086900000| Untracked 
|  46|0x0000000086a00000, 0x0000000086b00000, 0x0000000086b00000|100%| O|  |TAMS 0x0000000086a00000| PB 0x0000000086a00000| Untracked 
|  47|0x0000000086b00000, 0x0000000086c00000, 0x0000000086c00000|100%| O|  |TAMS 0x0000000086b00000| PB 0x0000000086b00000| Untracked 
|  48|0x0000000086c00000, 0x0000000086d00000, 0x0000000086d00000|100%| O|  |TAMS 0x0000000086c00000| PB 0x0000000086c00000| Untracked 
|  49|0x0000000086d00000, 0x0000000086e00000, 0x0000000086e00000|100%| O|  |TAMS 0x0000000086d00000| PB 0x0000000086d00000| Untracked 
|  50|0x0000000086e00000, 0x0000000086f00000, 0x0000000086f00000|100%| O|  |TAMS 0x0000000086e00000| PB 0x0000000086e00000| Untracked 
|  51|0x0000000086f00000, 0x0000000087000000, 0x0000000087000000|100%| O|  |TAMS 0x0000000086f00000| PB 0x0000000086f00000| Untracked 
|  52|0x0000000087000000, 0x0000000087100000, 0x0000000087100000|100%| O|  |TAMS 0x0000000087000000| PB 0x0000000087000000| Untracked 
|  53|0x0000000087100000, 0x0000000087200000, 0x0000000087200000|100%| O|  |TAMS 0x0000000087100000| PB 0x0000000087100000| Untracked 
|  54|0x0000000087200000, 0x0000000087300000, 0x0000000087300000|100%| O|  |TAMS 0x0000000087200000| PB 0x0000000087200000| Untracked 
|  55|0x0000000087300000, 0x0000000087400000, 0x0000000087400000|100%| O|  |TAMS 0x0000000087300000| PB 0x0000000087300000| Untracked 
|  56|0x0000000087400000, 0x0000000087500000, 0x0000000087500000|100%| O|  |TAMS 0x0000000087400000| PB 0x0000000087400000| Untracked 
|  57|0x0000000087500000, 0x0000000087600000, 0x0000000087600000|100%| O|  |TAMS 0x0000000087500000| PB 0x0000000087500000| Untracked 
|  58|0x0000000087600000, 0x0000000087700000, 0x0000000087700000|100%| O|  |TAMS 0x0000000087600000| PB 0x0000000087600000| Untracked 
|  59|0x0000000087700000, 0x0000000087800000, 0x0000000087800000|100%| O|  |TAMS 0x0000000087700000| PB 0x0000000087700000| Untracked 
|  60|0x0000000087800000, 0x0000000087900000, 0x0000000087900000|100%| O|  |TAMS 0x0000000087800000| PB 0x0000000087800000| Untracked 
|  61|0x0000000087900000, 0x0000000087a00000, 0x0000000087a00000|100%| O|  |TAMS 0x0000000087900000| PB 0x0000000087900000| Untracked 
|  62|0x0000000087a00000, 0x0000000087b00000, 0x0000000087b00000|100%| O|  |TAMS 0x0000000087a00000| PB 0x0000000087a00000| Untracked 
|  63|0x0000000087b00000, 0x0000000087c00000, 0x0000000087c00000|100%| O|  |TAMS 0x0000000087b00000| PB 0x0000000087b00000| Untracked 
|  64|0x0000000087c00000, 0x0000000087d00000, 0x0000000087d00000|100%| O|  |TAMS 0x0000000087c00000| PB 0x0000000087c00000| Untracked 
|  65|0x0000000087d00000, 0x0000000087e00000, 0x0000000087e00000|100%| O|  |TAMS 0x0000000087d00000| PB 0x0000000087d00000| Untracked 
|  66|0x0000000087e00000, 0x0000000087f00000, 0x0000000087f00000|100%| O|  |TAMS 0x0000000087e00000| PB 0x0000000087e00000| Untracked 
|  67|0x0000000087f00000, 0x0000000088000000, 0x0000000088000000|100%| O|  |TAMS 0x0000000087f00000| PB 0x0000000087f00000| Untracked 
|  68|0x0000000088000000, 0x0000000088100000, 0x0000000088100000|100%| O|  |TAMS 0x0000000088000000| PB 0x0000000088000000| Untracked 
|  69|0x0000000088100000, 0x0000000088200000, 0x0000000088200000|100%| O|  |TAMS 0x0000000088100000| PB 0x0000000088100000| Untracked 
|  70|0x0000000088200000, 0x0000000088300000, 0x0000000088300000|100%| O|  |TAMS 0x0000000088200000| PB 0x0000000088200000| Untracked 
|  71|0x0000000088300000, 0x0000000088400000, 0x0000000088400000|100%| O|  |TAMS 0x0000000088300000| PB 0x0000000088300000| Untracked 
|  72|0x0000000088400000, 0x0000000088500000, 0x0000000088500000|100%| O|  |TAMS 0x0000000088400000| PB 0x0000000088400000| Untracked 
|  73|0x0000000088500000, 0x0000000088600000, 0x0000000088600000|100%| O|  |TAMS 0x0000000088500000| PB 0x0000000088500000| Untracked 
|  74|0x0000000088600000, 0x0000000088700000, 0x0000000088700000|100%| O|  |TAMS 0x0000000088600000| PB 0x0000000088600000| Untracked 
|  75|0x0000000088700000, 0x0000000088800000, 0x0000000088800000|100%| O|  |TAMS 0x0000000088700000| PB 0x0000000088700000| Untracked 
|  76|0x0000000088800000, 0x0000000088900000, 0x0000000088900000|100%| O|  |TAMS 0x0000000088800000| PB 0x0000000088800000| Untracked 
|  77|0x0000000088900000, 0x00000000889991b0, 0x0000000088a00000| 59%| O|  |TAMS 0x0000000088900000| PB 0x0000000088900000| Untracked 
|  78|0x0000000088a00000, 0x0000000088a00000, 0x0000000088b00000|  0%| F|  |TAMS 0x0000000088a00000| PB 0x0000000088a00000| Untracked 
|  79|0x0000000088b00000, 0x0000000088c00000, 0x0000000088c00000|100%| O|  |TAMS 0x0000000088b00000| PB 0x0000000088b00000| Untracked 
|  80|0x0000000088c00000, 0x0000000088c00000, 0x0000000088d00000|  0%| F|  |TAMS 0x0000000088c00000| PB 0x0000000088c00000| Untracked 
|  81|0x0000000088d00000, 0x0000000088d00000, 0x0000000088e00000|  0%| F|  |TAMS 0x0000000088d00000| PB 0x0000000088d00000| Untracked 
|  82|0x0000000088e00000, 0x0000000088e00000, 0x0000000088f00000|  0%| F|  |TAMS 0x0000000088e00000| PB 0x0000000088e00000| Untracked 
|  83|0x0000000088f00000, 0x0000000089000000, 0x0000000089000000|100%| O|  |TAMS 0x0000000088f00000| PB 0x0000000088f00000| Untracked 
|  84|0x0000000089000000, 0x0000000089100000, 0x0000000089100000|100%| O|  |TAMS 0x0000000089000000| PB 0x0000000089000000| Untracked 
|  85|0x0000000089100000, 0x0000000089100000, 0x0000000089200000|  0%| F|  |TAMS 0x0000000089100000| PB 0x0000000089100000| Untracked 
|  86|0x0000000089200000, 0x0000000089200000, 0x0000000089300000|  0%| F|  |TAMS 0x0000000089200000| PB 0x0000000089200000| Untracked 
|  87|0x0000000089300000, 0x0000000089300000, 0x0000000089400000|  0%| F|  |TAMS 0x0000000089300000| PB 0x0000000089300000| Untracked 
|  88|0x0000000089400000, 0x0000000089400000, 0x0000000089500000|  0%| F|  |TAMS 0x0000000089400000| PB 0x0000000089400000| Untracked 
|  89|0x0000000089500000, 0x0000000089500000, 0x0000000089600000|  0%| F|  |TAMS 0x0000000089500000| PB 0x0000000089500000| Untracked 
|  90|0x0000000089600000, 0x0000000089600000, 0x0000000089700000|  0%| F|  |TAMS 0x0000000089600000| PB 0x0000000089600000| Untracked 
|  91|0x0000000089700000, 0x0000000089700000, 0x0000000089800000|  0%| F|  |TAMS 0x0000000089700000| PB 0x0000000089700000| Untracked 
|  92|0x0000000089800000, 0x0000000089800000, 0x0000000089900000|  0%| F|  |TAMS 0x0000000089800000| PB 0x0000000089800000| Untracked 
|  93|0x0000000089900000, 0x0000000089900000, 0x0000000089a00000|  0%| F|  |TAMS 0x0000000089900000| PB 0x0000000089900000| Untracked 
|  94|0x0000000089a00000, 0x0000000089a00000, 0x0000000089b00000|  0%| F|  |TAMS 0x0000000089a00000| PB 0x0000000089a00000| Untracked 
|  95|0x0000000089b00000, 0x0000000089b00000, 0x0000000089c00000|  0%| F|  |TAMS 0x0000000089b00000| PB 0x0000000089b00000| Untracked 
|  96|0x0000000089c00000, 0x0000000089c00000, 0x0000000089d00000|  0%| F|  |TAMS 0x0000000089c00000| PB 0x0000000089c00000| Untracked 
|  97|0x0000000089d00000, 0x0000000089d00000, 0x0000000089e00000|  0%| F|  |TAMS 0x0000000089d00000| PB 0x0000000089d00000| Untracked 
|  98|0x0000000089e00000, 0x0000000089e00000, 0x0000000089f00000|  0%| F|  |TAMS 0x0000000089e00000| PB 0x0000000089e00000| Untracked 
|  99|0x0000000089f00000, 0x000000008a000000, 0x000000008a000000|100%| S|CS|TAMS 0x0000000089f00000| PB 0x0000000089f00000| Complete 
| 100|0x000000008a000000, 0x000000008a100000, 0x000000008a100000|100%| S|CS|TAMS 0x000000008a000000| PB 0x000000008a000000| Complete 
| 101|0x000000008a100000, 0x000000008a200000, 0x000000008a200000|100%| S|CS|TAMS 0x000000008a100000| PB 0x000000008a100000| Complete 
| 102|0x000000008a200000, 0x000000008a300000, 0x000000008a300000|100%| S|CS|TAMS 0x000000008a200000| PB 0x000000008a200000| Complete 
| 103|0x000000008a300000, 0x000000008a300000, 0x000000008a400000|  0%| F|  |TAMS 0x000000008a300000| PB 0x000000008a300000| Untracked 
| 104|0x000000008a400000, 0x000000008a400000, 0x000000008a500000|  0%| F|  |TAMS 0x000000008a400000| PB 0x000000008a400000| Untracked 
| 105|0x000000008a500000, 0x000000008a500000, 0x000000008a600000|  0%| F|  |TAMS 0x000000008a500000| PB 0x000000008a500000| Untracked 
| 106|0x000000008a600000, 0x000000008a600000, 0x000000008a700000|  0%| F|  |TAMS 0x000000008a600000| PB 0x000000008a600000| Untracked 
| 107|0x000000008a700000, 0x000000008a700000, 0x000000008a800000|  0%| F|  |TAMS 0x000000008a700000| PB 0x000000008a700000| Untracked 
| 108|0x000000008a800000, 0x000000008a900000, 0x000000008a900000|100%| S|CS|TAMS 0x000000008a800000| PB 0x000000008a800000| Complete 
| 109|0x000000008a900000, 0x000000008aa00000, 0x000000008aa00000|100%| S|CS|TAMS 0x000000008a900000| PB 0x000000008a900000| Complete 
| 110|0x000000008aa00000, 0x000000008ab00000, 0x000000008ab00000|100%| S|CS|TAMS 0x000000008aa00000| PB 0x000000008aa00000| Complete 
| 111|0x000000008ab00000, 0x000000008ac00000, 0x000000008ac00000|100%| S|CS|TAMS 0x000000008ab00000| PB 0x000000008ab00000| Complete 
| 112|0x000000008ac00000, 0x000000008ad00000, 0x000000008ad00000|100%| S|CS|TAMS 0x000000008ac00000| PB 0x000000008ac00000| Complete 
| 113|0x000000008ad00000, 0x000000008ae00000, 0x000000008ae00000|100%| S|CS|TAMS 0x000000008ad00000| PB 0x000000008ad00000| Complete 
| 114|0x000000008ae00000, 0x000000008af00000, 0x000000008af00000|100%| S|CS|TAMS 0x000000008ae00000| PB 0x000000008ae00000| Complete 
| 115|0x000000008af00000, 0x000000008af00000, 0x000000008b000000|  0%| F|  |TAMS 0x000000008af00000| PB 0x000000008af00000| Untracked 
| 116|0x000000008b000000, 0x000000008b000000, 0x000000008b100000|  0%| F|  |TAMS 0x000000008b000000| PB 0x000000008b000000| Untracked 
| 117|0x000000008b100000, 0x000000008b100000, 0x000000008b200000|  0%| F|  |TAMS 0x000000008b100000| PB 0x000000008b100000| Untracked 
| 118|0x000000008b200000, 0x000000008b200000, 0x000000008b300000|  0%| F|  |TAMS 0x000000008b200000| PB 0x000000008b200000| Untracked 
| 119|0x000000008b300000, 0x000000008b400000, 0x000000008b400000|100%| S|CS|TAMS 0x000000008b300000| PB 0x000000008b300000| Complete 
| 120|0x000000008b400000, 0x000000008b500000, 0x000000008b500000|100%| S|CS|TAMS 0x000000008b400000| PB 0x000000008b400000| Complete 
| 121|0x000000008b500000, 0x000000008b500000, 0x000000008b600000|  0%| F|  |TAMS 0x000000008b500000| PB 0x000000008b500000| Untracked 
| 122|0x000000008b600000, 0x000000008b600000, 0x000000008b700000|  0%| F|  |TAMS 0x000000008b600000| PB 0x000000008b600000| Untracked 
| 123|0x000000008b700000, 0x000000008b700000, 0x000000008b800000|  0%| F|  |TAMS 0x000000008b700000| PB 0x000000008b700000| Untracked 
| 124|0x000000008b800000, 0x000000008b800000, 0x000000008b900000|  0%| F|  |TAMS 0x000000008b800000| PB 0x000000008b800000| Untracked 
| 125|0x000000008b900000, 0x000000008b900000, 0x000000008ba00000|  0%| F|  |TAMS 0x000000008b900000| PB 0x000000008b900000| Untracked 
| 126|0x000000008ba00000, 0x000000008ba00000, 0x000000008bb00000|  0%| F|  |TAMS 0x000000008ba00000| PB 0x000000008ba00000| Untracked 
| 127|0x000000008bb00000, 0x000000008bb00000, 0x000000008bc00000|  0%| F|  |TAMS 0x000000008bb00000| PB 0x000000008bb00000| Untracked 
| 128|0x000000008bc00000, 0x000000008bc00000, 0x000000008bd00000|  0%| F|  |TAMS 0x000000008bc00000| PB 0x000000008bc00000| Untracked 
| 129|0x000000008bd00000, 0x000000008bd00000, 0x000000008be00000|  0%| F|  |TAMS 0x000000008bd00000| PB 0x000000008bd00000| Untracked 
| 130|0x000000008be00000, 0x000000008be00000, 0x000000008bf00000|  0%| F|  |TAMS 0x000000008be00000| PB 0x000000008be00000| Untracked 
| 131|0x000000008bf00000, 0x000000008bf00000, 0x000000008c000000|  0%| F|  |TAMS 0x000000008bf00000| PB 0x000000008bf00000| Untracked 
| 132|0x000000008c000000, 0x000000008c000000, 0x000000008c100000|  0%| F|  |TAMS 0x000000008c000000| PB 0x000000008c000000| Untracked 
| 133|0x000000008c100000, 0x000000008c100000, 0x000000008c200000|  0%| F|  |TAMS 0x000000008c100000| PB 0x000000008c100000| Untracked 
| 134|0x000000008c200000, 0x000000008c200000, 0x000000008c300000|  0%| F|  |TAMS 0x000000008c200000| PB 0x000000008c200000| Untracked 
| 135|0x000000008c300000, 0x000000008c300000, 0x000000008c400000|  0%| F|  |TAMS 0x000000008c300000| PB 0x000000008c300000| Untracked 
| 136|0x000000008c400000, 0x000000008c400000, 0x000000008c500000|  0%| F|  |TAMS 0x000000008c400000| PB 0x000000008c400000| Untracked 
| 137|0x000000008c500000, 0x000000008c500000, 0x000000008c600000|  0%| F|  |TAMS 0x000000008c500000| PB 0x000000008c500000| Untracked 
| 138|0x000000008c600000, 0x000000008c600000, 0x000000008c700000|  0%| F|  |TAMS 0x000000008c600000| PB 0x000000008c600000| Untracked 
| 139|0x000000008c700000, 0x000000008c700000, 0x000000008c800000|  0%| F|  |TAMS 0x000000008c700000| PB 0x000000008c700000| Untracked 
| 140|0x000000008c800000, 0x000000008c800000, 0x000000008c900000|  0%| F|  |TAMS 0x000000008c800000| PB 0x000000008c800000| Untracked 
| 141|0x000000008c900000, 0x000000008c900000, 0x000000008ca00000|  0%| F|  |TAMS 0x000000008c900000| PB 0x000000008c900000| Untracked 
| 142|0x000000008ca00000, 0x000000008ca00000, 0x000000008cb00000|  0%| F|  |TAMS 0x000000008ca00000| PB 0x000000008ca00000| Untracked 
| 143|0x000000008cb00000, 0x000000008cb00000, 0x000000008cc00000|  0%| F|  |TAMS 0x000000008cb00000| PB 0x000000008cb00000| Untracked 
| 144|0x000000008cc00000, 0x000000008cc00000, 0x000000008cd00000|  0%| F|  |TAMS 0x000000008cc00000| PB 0x000000008cc00000| Untracked 
| 145|0x000000008cd00000, 0x000000008cd00000, 0x000000008ce00000|  0%| F|  |TAMS 0x000000008cd00000| PB 0x000000008cd00000| Untracked 
| 146|0x000000008ce00000, 0x000000008ce00000, 0x000000008cf00000|  0%| F|  |TAMS 0x000000008ce00000| PB 0x000000008ce00000| Untracked 
| 147|0x000000008cf00000, 0x000000008cf00000, 0x000000008d000000|  0%| F|  |TAMS 0x000000008cf00000| PB 0x000000008cf00000| Untracked 
| 148|0x000000008d000000, 0x000000008d000000, 0x000000008d100000|  0%| F|  |TAMS 0x000000008d000000| PB 0x000000008d000000| Untracked 
| 149|0x000000008d100000, 0x000000008d100000, 0x000000008d200000|  0%| F|  |TAMS 0x000000008d100000| PB 0x000000008d100000| Untracked 
| 150|0x000000008d200000, 0x000000008d200000, 0x000000008d300000|  0%| F|  |TAMS 0x000000008d200000| PB 0x000000008d200000| Untracked 
| 151|0x000000008d300000, 0x000000008d300000, 0x000000008d400000|  0%| F|  |TAMS 0x000000008d300000| PB 0x000000008d300000| Untracked 
| 152|0x000000008d400000, 0x000000008d400000, 0x000000008d500000|  0%| F|  |TAMS 0x000000008d400000| PB 0x000000008d400000| Untracked 
| 153|0x000000008d500000, 0x000000008d500000, 0x000000008d600000|  0%| F|  |TAMS 0x000000008d500000| PB 0x000000008d500000| Untracked 
| 154|0x000000008d600000, 0x000000008d600000, 0x000000008d700000|  0%| F|  |TAMS 0x000000008d600000| PB 0x000000008d600000| Untracked 
| 155|0x000000008d700000, 0x000000008d700000, 0x000000008d800000|  0%| F|  |TAMS 0x000000008d700000| PB 0x000000008d700000| Untracked 
| 156|0x000000008d800000, 0x000000008d800000, 0x000000008d900000|  0%| F|  |TAMS 0x000000008d800000| PB 0x000000008d800000| Untracked 
| 157|0x000000008d900000, 0x000000008d900000, 0x000000008da00000|  0%| F|  |TAMS 0x000000008d900000| PB 0x000000008d900000| Untracked 
| 158|0x000000008da00000, 0x000000008da00000, 0x000000008db00000|  0%| F|  |TAMS 0x000000008da00000| PB 0x000000008da00000| Untracked 
| 159|0x000000008db00000, 0x000000008db00000, 0x000000008dc00000|  0%| F|  |TAMS 0x000000008db00000| PB 0x000000008db00000| Untracked 
| 160|0x000000008dc00000, 0x000000008dc00000, 0x000000008dd00000|  0%| F|  |TAMS 0x000000008dc00000| PB 0x000000008dc00000| Untracked 
| 161|0x000000008dd00000, 0x000000008dd00000, 0x000000008de00000|  0%| F|  |TAMS 0x000000008dd00000| PB 0x000000008dd00000| Untracked 
| 162|0x000000008de00000, 0x000000008de00000, 0x000000008df00000|  0%| F|  |TAMS 0x000000008de00000| PB 0x000000008de00000| Untracked 
| 163|0x000000008df00000, 0x000000008df00000, 0x000000008e000000|  0%| F|  |TAMS 0x000000008df00000| PB 0x000000008df00000| Untracked 
| 164|0x000000008e000000, 0x000000008e000000, 0x000000008e100000|  0%| F|  |TAMS 0x000000008e000000| PB 0x000000008e000000| Untracked 
| 165|0x000000008e100000, 0x000000008e100000, 0x000000008e200000|  0%| F|  |TAMS 0x000000008e100000| PB 0x000000008e100000| Untracked 
| 166|0x000000008e200000, 0x000000008e200000, 0x000000008e300000|  0%| F|  |TAMS 0x000000008e200000| PB 0x000000008e200000| Untracked 
| 167|0x000000008e300000, 0x000000008e300000, 0x000000008e400000|  0%| F|  |TAMS 0x000000008e300000| PB 0x000000008e300000| Untracked 
| 168|0x000000008e400000, 0x000000008e400000, 0x000000008e500000|  0%| F|  |TAMS 0x000000008e400000| PB 0x000000008e400000| Untracked 
| 169|0x000000008e500000, 0x000000008e500000, 0x000000008e600000|  0%| F|  |TAMS 0x000000008e500000| PB 0x000000008e500000| Untracked 
| 170|0x000000008e600000, 0x000000008e600000, 0x000000008e700000|  0%| F|  |TAMS 0x000000008e600000| PB 0x000000008e600000| Untracked 
| 171|0x000000008e700000, 0x000000008e700000, 0x000000008e800000|  0%| F|  |TAMS 0x000000008e700000| PB 0x000000008e700000| Untracked 
| 172|0x000000008e800000, 0x000000008e800000, 0x000000008e900000|  0%| F|  |TAMS 0x000000008e800000| PB 0x000000008e800000| Untracked 
| 173|0x000000008e900000, 0x000000008e900000, 0x000000008ea00000|  0%| F|  |TAMS 0x000000008e900000| PB 0x000000008e900000| Untracked 
| 174|0x000000008ea00000, 0x000000008ea00000, 0x000000008eb00000|  0%| F|  |TAMS 0x000000008ea00000| PB 0x000000008ea00000| Untracked 
| 175|0x000000008eb00000, 0x000000008eb00000, 0x000000008ec00000|  0%| F|  |TAMS 0x000000008eb00000| PB 0x000000008eb00000| Untracked 
| 176|0x000000008ec00000, 0x000000008ec00000, 0x000000008ed00000|  0%| F|  |TAMS 0x000000008ec00000| PB 0x000000008ec00000| Untracked 
| 177|0x000000008ed00000, 0x000000008ed00000, 0x000000008ee00000|  0%| F|  |TAMS 0x000000008ed00000| PB 0x000000008ed00000| Untracked 
| 178|0x000000008ee00000, 0x000000008ee00000, 0x000000008ef00000|  0%| F|  |TAMS 0x000000008ee00000| PB 0x000000008ee00000| Untracked 
| 179|0x000000008ef00000, 0x000000008ef00000, 0x000000008f000000|  0%| F|  |TAMS 0x000000008ef00000| PB 0x000000008ef00000| Untracked 
| 180|0x000000008f000000, 0x000000008f000000, 0x000000008f100000|  0%| F|  |TAMS 0x000000008f000000| PB 0x000000008f000000| Untracked 
| 181|0x000000008f100000, 0x000000008f100000, 0x000000008f200000|  0%| F|  |TAMS 0x000000008f100000| PB 0x000000008f100000| Untracked 
| 182|0x000000008f200000, 0x000000008f200000, 0x000000008f300000|  0%| F|  |TAMS 0x000000008f200000| PB 0x000000008f200000| Untracked 
| 183|0x000000008f300000, 0x000000008f300000, 0x000000008f400000|  0%| F|  |TAMS 0x000000008f300000| PB 0x000000008f300000| Untracked 
| 184|0x000000008f400000, 0x000000008f400000, 0x000000008f500000|  0%| F|  |TAMS 0x000000008f400000| PB 0x000000008f400000| Untracked 
| 185|0x000000008f500000, 0x000000008f500000, 0x000000008f600000|  0%| F|  |TAMS 0x000000008f500000| PB 0x000000008f500000| Untracked 
| 186|0x000000008f600000, 0x000000008f600000, 0x000000008f700000|  0%| F|  |TAMS 0x000000008f600000| PB 0x000000008f600000| Untracked 
| 187|0x000000008f700000, 0x000000008f700000, 0x000000008f800000|  0%| F|  |TAMS 0x000000008f700000| PB 0x000000008f700000| Untracked 
| 188|0x000000008f800000, 0x000000008f800000, 0x000000008f900000|  0%| F|  |TAMS 0x000000008f800000| PB 0x000000008f800000| Untracked 
| 189|0x000000008f900000, 0x000000008f900000, 0x000000008fa00000|  0%| F|  |TAMS 0x000000008f900000| PB 0x000000008f900000| Untracked 
| 190|0x000000008fa00000, 0x000000008fa00000, 0x000000008fb00000|  0%| F|  |TAMS 0x000000008fa00000| PB 0x000000008fa00000| Untracked 
| 191|0x000000008fb00000, 0x000000008fb00000, 0x000000008fc00000|  0%| F|  |TAMS 0x000000008fb00000| PB 0x000000008fb00000| Untracked 
| 192|0x000000008fc00000, 0x000000008fc00000, 0x000000008fd00000|  0%| F|  |TAMS 0x000000008fc00000| PB 0x000000008fc00000| Untracked 
| 193|0x000000008fd00000, 0x000000008fd00000, 0x000000008fe00000|  0%| F|  |TAMS 0x000000008fd00000| PB 0x000000008fd00000| Untracked 
| 194|0x000000008fe00000, 0x000000008fe00000, 0x000000008ff00000|  0%| F|  |TAMS 0x000000008fe00000| PB 0x000000008fe00000| Untracked 
| 195|0x000000008ff00000, 0x000000008ff00000, 0x0000000090000000|  0%| F|  |TAMS 0x000000008ff00000| PB 0x000000008ff00000| Untracked 
| 196|0x0000000090000000, 0x0000000090000000, 0x0000000090100000|  0%| F|  |TAMS 0x0000000090000000| PB 0x0000000090000000| Untracked 
| 197|0x0000000090100000, 0x0000000090100000, 0x0000000090200000|  0%| F|  |TAMS 0x0000000090100000| PB 0x0000000090100000| Untracked 
| 198|0x0000000090200000, 0x0000000090200000, 0x0000000090300000|  0%| F|  |TAMS 0x0000000090200000| PB 0x0000000090200000| Untracked 
| 199|0x0000000090300000, 0x0000000090300000, 0x0000000090400000|  0%| F|  |TAMS 0x0000000090300000| PB 0x0000000090300000| Untracked 
| 200|0x0000000090400000, 0x0000000090400000, 0x0000000090500000|  0%| F|  |TAMS 0x0000000090400000| PB 0x0000000090400000| Untracked 
| 201|0x0000000090500000, 0x0000000090500000, 0x0000000090600000|  0%| F|  |TAMS 0x0000000090500000| PB 0x0000000090500000| Untracked 
| 202|0x0000000090600000, 0x0000000090600000, 0x0000000090700000|  0%| F|  |TAMS 0x0000000090600000| PB 0x0000000090600000| Untracked 
| 203|0x0000000090700000, 0x0000000090700000, 0x0000000090800000|  0%| F|  |TAMS 0x0000000090700000| PB 0x0000000090700000| Untracked 
| 204|0x0000000090800000, 0x0000000090800000, 0x0000000090900000|  0%| F|  |TAMS 0x0000000090800000| PB 0x0000000090800000| Untracked 
| 205|0x0000000090900000, 0x0000000090900000, 0x0000000090a00000|  0%| F|  |TAMS 0x0000000090900000| PB 0x0000000090900000| Untracked 
| 206|0x0000000090a00000, 0x0000000090a00000, 0x0000000090b00000|  0%| F|  |TAMS 0x0000000090a00000| PB 0x0000000090a00000| Untracked 
| 207|0x0000000090b00000, 0x0000000090b00000, 0x0000000090c00000|  0%| F|  |TAMS 0x0000000090b00000| PB 0x0000000090b00000| Untracked 
| 208|0x0000000090c00000, 0x0000000090c00000, 0x0000000090d00000|  0%| F|  |TAMS 0x0000000090c00000| PB 0x0000000090c00000| Untracked 
| 209|0x0000000090d00000, 0x0000000090d00000, 0x0000000090e00000|  0%| F|  |TAMS 0x0000000090d00000| PB 0x0000000090d00000| Untracked 
| 210|0x0000000090e00000, 0x0000000090e00000, 0x0000000090f00000|  0%| F|  |TAMS 0x0000000090e00000| PB 0x0000000090e00000| Untracked 
| 211|0x0000000090f00000, 0x0000000090f00000, 0x0000000091000000|  0%| F|  |TAMS 0x0000000090f00000| PB 0x0000000090f00000| Untracked 
| 212|0x0000000091000000, 0x0000000091000000, 0x0000000091100000|  0%| F|  |TAMS 0x0000000091000000| PB 0x0000000091000000| Untracked 
| 213|0x0000000091100000, 0x0000000091100000, 0x0000000091200000|  0%| F|  |TAMS 0x0000000091100000| PB 0x0000000091100000| Untracked 
| 214|0x0000000091200000, 0x0000000091200000, 0x0000000091300000|  0%| F|  |TAMS 0x0000000091200000| PB 0x0000000091200000| Untracked 
| 215|0x0000000091300000, 0x0000000091300000, 0x0000000091400000|  0%| F|  |TAMS 0x0000000091300000| PB 0x0000000091300000| Untracked 
| 216|0x0000000091400000, 0x0000000091400000, 0x0000000091500000|  0%| F|  |TAMS 0x0000000091400000| PB 0x0000000091400000| Untracked 
| 217|0x0000000091500000, 0x0000000091500000, 0x0000000091600000|  0%| F|  |TAMS 0x0000000091500000| PB 0x0000000091500000| Untracked 
| 218|0x0000000091600000, 0x0000000091600000, 0x0000000091700000|  0%| F|  |TAMS 0x0000000091600000| PB 0x0000000091600000| Untracked 
| 219|0x0000000091700000, 0x0000000091700000, 0x0000000091800000|  0%| F|  |TAMS 0x0000000091700000| PB 0x0000000091700000| Untracked 
| 220|0x0000000091800000, 0x0000000091900000, 0x0000000091900000|100%| E|  |TAMS 0x0000000091800000| PB 0x0000000091800000| Complete 
| 221|0x0000000091900000, 0x0000000091a00000, 0x0000000091a00000|100%| E|CS|TAMS 0x0000000091900000| PB 0x0000000091900000| Complete 
| 222|0x0000000091a00000, 0x0000000091b00000, 0x0000000091b00000|100%| E|CS|TAMS 0x0000000091a00000| PB 0x0000000091a00000| Complete 
| 223|0x0000000091b00000, 0x0000000091c00000, 0x0000000091c00000|100%| E|CS|TAMS 0x0000000091b00000| PB 0x0000000091b00000| Complete 
| 224|0x0000000091c00000, 0x0000000091d00000, 0x0000000091d00000|100%| E|CS|TAMS 0x0000000091c00000| PB 0x0000000091c00000| Complete 
| 225|0x0000000091d00000, 0x0000000091e00000, 0x0000000091e00000|100%| E|CS|TAMS 0x0000000091d00000| PB 0x0000000091d00000| Complete 
| 226|0x0000000091e00000, 0x0000000091f00000, 0x0000000091f00000|100%| E|CS|TAMS 0x0000000091e00000| PB 0x0000000091e00000| Complete 
| 227|0x0000000091f00000, 0x0000000092000000, 0x0000000092000000|100%| E|CS|TAMS 0x0000000091f00000| PB 0x0000000091f00000| Complete 
| 228|0x0000000092000000, 0x0000000092100000, 0x0000000092100000|100%| E|CS|TAMS 0x0000000092000000| PB 0x0000000092000000| Complete 
| 229|0x0000000092100000, 0x0000000092200000, 0x0000000092200000|100%| E|CS|TAMS 0x0000000092100000| PB 0x0000000092100000| Complete 
| 230|0x0000000092200000, 0x0000000092300000, 0x0000000092300000|100%| E|CS|TAMS 0x0000000092200000| PB 0x0000000092200000| Complete 
| 231|0x0000000092300000, 0x0000000092400000, 0x0000000092400000|100%| E|CS|TAMS 0x0000000092300000| PB 0x0000000092300000| Complete 
| 232|0x0000000092400000, 0x0000000092500000, 0x0000000092500000|100%| E|CS|TAMS 0x0000000092400000| PB 0x0000000092400000| Complete 
| 233|0x0000000092500000, 0x0000000092600000, 0x0000000092600000|100%| E|CS|TAMS 0x0000000092500000| PB 0x0000000092500000| Complete 
| 234|0x0000000092600000, 0x0000000092700000, 0x0000000092700000|100%| E|CS|TAMS 0x0000000092600000| PB 0x0000000092600000| Complete 
| 235|0x0000000092700000, 0x0000000092800000, 0x0000000092800000|100%| E|CS|TAMS 0x0000000092700000| PB 0x0000000092700000| Complete 
| 236|0x0000000092800000, 0x0000000092900000, 0x0000000092900000|100%| E|CS|TAMS 0x0000000092800000| PB 0x0000000092800000| Complete 
| 237|0x0000000092900000, 0x0000000092a00000, 0x0000000092a00000|100%| E|CS|TAMS 0x0000000092900000| PB 0x0000000092900000| Complete 
| 238|0x0000000092a00000, 0x0000000092b00000, 0x0000000092b00000|100%| E|CS|TAMS 0x0000000092a00000| PB 0x0000000092a00000| Complete 
| 239|0x0000000092b00000, 0x0000000092c00000, 0x0000000092c00000|100%| E|CS|TAMS 0x0000000092b00000| PB 0x0000000092b00000| Complete 
| 240|0x0000000092c00000, 0x0000000092d00000, 0x0000000092d00000|100%| E|CS|TAMS 0x0000000092c00000| PB 0x0000000092c00000| Complete 
| 241|0x0000000092d00000, 0x0000000092e00000, 0x0000000092e00000|100%| E|CS|TAMS 0x0000000092d00000| PB 0x0000000092d00000| Complete 
| 242|0x0000000092e00000, 0x0000000092f00000, 0x0000000092f00000|100%| E|CS|TAMS 0x0000000092e00000| PB 0x0000000092e00000| Complete 
| 243|0x0000000092f00000, 0x0000000093000000, 0x0000000093000000|100%| E|CS|TAMS 0x0000000092f00000| PB 0x0000000092f00000| Complete 
| 244|0x0000000093000000, 0x0000000093100000, 0x0000000093100000|100%| E|CS|TAMS 0x0000000093000000| PB 0x0000000093000000| Complete 
| 245|0x0000000093100000, 0x0000000093200000, 0x0000000093200000|100%| E|CS|TAMS 0x0000000093100000| PB 0x0000000093100000| Complete 
| 246|0x0000000093200000, 0x0000000093300000, 0x0000000093300000|100%| E|CS|TAMS 0x0000000093200000| PB 0x0000000093200000| Complete 
| 247|0x0000000093300000, 0x0000000093400000, 0x0000000093400000|100%| E|CS|TAMS 0x0000000093300000| PB 0x0000000093300000| Complete 
| 248|0x0000000093400000, 0x0000000093500000, 0x0000000093500000|100%| E|CS|TAMS 0x0000000093400000| PB 0x0000000093400000| Complete 
| 249|0x0000000093500000, 0x0000000093600000, 0x0000000093600000|100%| E|CS|TAMS 0x0000000093500000| PB 0x0000000093500000| Complete 
| 250|0x0000000093600000, 0x0000000093700000, 0x0000000093700000|100%| E|CS|TAMS 0x0000000093600000| PB 0x0000000093600000| Complete 
| 251|0x0000000093700000, 0x0000000093800000, 0x0000000093800000|100%| E|CS|TAMS 0x0000000093700000| PB 0x0000000093700000| Complete 
| 252|0x0000000093800000, 0x0000000093900000, 0x0000000093900000|100%| E|CS|TAMS 0x0000000093800000| PB 0x0000000093800000| Complete 
| 253|0x0000000093900000, 0x0000000093a00000, 0x0000000093a00000|100%| E|CS|TAMS 0x0000000093900000| PB 0x0000000093900000| Complete 
| 254|0x0000000093a00000, 0x0000000093b00000, 0x0000000093b00000|100%| E|CS|TAMS 0x0000000093a00000| PB 0x0000000093a00000| Complete 
| 255|0x0000000093b00000, 0x0000000093c00000, 0x0000000093c00000|100%| E|CS|TAMS 0x0000000093b00000| PB 0x0000000093b00000| Complete 
| 256|0x0000000093c00000, 0x0000000093d00000, 0x0000000093d00000|100%| E|CS|TAMS 0x0000000093c00000| PB 0x0000000093c00000| Complete 
| 257|0x0000000093d00000, 0x0000000093e00000, 0x0000000093e00000|100%| E|CS|TAMS 0x0000000093d00000| PB 0x0000000093d00000| Complete 
| 258|0x0000000093e00000, 0x0000000093f00000, 0x0000000093f00000|100%| E|CS|TAMS 0x0000000093e00000| PB 0x0000000093e00000| Complete 
| 259|0x0000000093f00000, 0x0000000094000000, 0x0000000094000000|100%| E|CS|TAMS 0x0000000093f00000| PB 0x0000000093f00000| Complete 
| 260|0x0000000094000000, 0x0000000094100000, 0x0000000094100000|100%| E|CS|TAMS 0x0000000094000000| PB 0x0000000094000000| Complete 
| 261|0x0000000094100000, 0x0000000094200000, 0x0000000094200000|100%| E|CS|TAMS 0x0000000094100000| PB 0x0000000094100000| Complete 
| 262|0x0000000094200000, 0x0000000094300000, 0x0000000094300000|100%| E|CS|TAMS 0x0000000094200000| PB 0x0000000094200000| Complete 
| 263|0x0000000094300000, 0x0000000094400000, 0x0000000094400000|100%| E|CS|TAMS 0x0000000094300000| PB 0x0000000094300000| Complete 
| 264|0x0000000094400000, 0x0000000094500000, 0x0000000094500000|100%| E|CS|TAMS 0x0000000094400000| PB 0x0000000094400000| Complete 
|1974|0x00000000ff200000, 0x00000000ff300000, 0x00000000ff300000|100%| E|CS|TAMS 0x00000000ff200000| PB 0x00000000ff200000| Complete 
|1975|0x00000000ff300000, 0x00000000ff400000, 0x00000000ff400000|100%| E|CS|TAMS 0x00000000ff300000| PB 0x00000000ff300000| Complete 
|1976|0x00000000ff400000, 0x00000000ff500000, 0x00000000ff500000|100%| E|CS|TAMS 0x00000000ff400000| PB 0x00000000ff400000| Complete 
|1977|0x00000000ff500000, 0x00000000ff600000, 0x00000000ff600000|100%| E|CS|TAMS 0x00000000ff500000| PB 0x00000000ff500000| Complete 
|1978|0x00000000ff600000, 0x00000000ff700000, 0x00000000ff700000|100%| E|CS|TAMS 0x00000000ff600000| PB 0x00000000ff600000| Complete 
|1979|0x00000000ff700000, 0x00000000ff800000, 0x00000000ff800000|100%| E|CS|TAMS 0x00000000ff700000| PB 0x00000000ff700000| Complete 
|1980|0x00000000ff800000, 0x00000000ff900000, 0x00000000ff900000|100%| E|CS|TAMS 0x00000000ff800000| PB 0x00000000ff800000| Complete 
|1981|0x00000000ff900000, 0x00000000ffa00000, 0x00000000ffa00000|100%| E|CS|TAMS 0x00000000ff900000| PB 0x00000000ff900000| Complete 
|1982|0x00000000ffa00000, 0x00000000ffb00000, 0x00000000ffb00000|100%| E|CS|TAMS 0x00000000ffa00000| PB 0x00000000ffa00000| Complete 
|1983|0x00000000ffb00000, 0x00000000ffc00000, 0x00000000ffc00000|100%| E|CS|TAMS 0x00000000ffb00000| PB 0x00000000ffb00000| Complete 
|1984|0x00000000ffc00000, 0x00000000ffd00000, 0x00000000ffd00000|100%| E|CS|TAMS 0x00000000ffc00000| PB 0x00000000ffc00000| Complete 
|1985|0x00000000ffd00000, 0x00000000ffe00000, 0x00000000ffe00000|100%| E|CS|TAMS 0x00000000ffd00000| PB 0x00000000ffd00000| Complete 
|1986|0x00000000ffe00000, 0x00000000fff00000, 0x00000000fff00000|100%| E|CS|TAMS 0x00000000ffe00000| PB 0x00000000ffe00000| Complete 
|1987|0x00000000fff00000, 0x0000000100000000, 0x0000000100000000|100%| E|CS|TAMS 0x00000000fff00000| PB 0x00000000fff00000| Complete 

Card table byte_map: [0x0000012060ec0000,0x00000120612b0000] _byte_map_base: 0x0000012060aa2000

Marking Bits: (CMBitMap*) 0x0000012047851e60
 Bits: [0x00000120612b0000, 0x00000120631c0000)

Polling page: 0x00000120478c0000

Metaspace:

Usage:
  Non-class:    128.13 MB used.
      Class:     17.20 MB used.
       Both:    145.33 MB used.

Virtual space:
  Non-class space:      192.00 MB reserved,     128.94 MB ( 67%) committed,  3 nodes.
      Class space:        1.00 GB reserved,      17.94 MB (  2%) committed,  1 nodes.
             Both:        1.19 GB reserved,     146.88 MB ( 12%) committed. 

Chunk freelists:
   Non-Class:  14.64 MB
       Class:  14.00 MB
        Both:  28.64 MB

MaxMetaspaceSize: unlimited
CompressedClassSpaceSize: 1.00 GB
Initial GC threshold: 21.00 MB
Current GC threshold: 177.94 MB
CDS: on
 - commit_granule_bytes: 65536.
 - commit_granule_words: 8192.
 - virtual_space_node_default_size: 8388608.
 - enlarge_chunks_in_place: 1.
 - use_allocation_guard: 0.


Internal statistics:

num_allocs_failed_limit: 9.
num_arena_births: 2852.
num_arena_deaths: 0.
num_vsnodes_births: 4.
num_vsnodes_deaths: 0.
num_space_committed: 2350.
num_space_uncommitted: 0.
num_chunks_returned_to_freelist: 9.
num_chunks_taken_from_freelist: 8748.
num_chunk_merges: 9.
num_chunk_splits: 6180.
num_chunks_enlarged: 4627.
num_inconsistent_stats: 0.

CodeHeap 'non-profiled nmethods': size=120000Kb used=11686Kb max_used=11686Kb free=108313Kb
 bounds [0x0000012058d50000, 0x00000120598c0000, 0x0000012060280000]
CodeHeap 'profiled nmethods': size=120000Kb used=39832Kb max_used=39832Kb free=80167Kb
 bounds [0x0000012051280000, 0x0000012053970000, 0x00000120587b0000]
CodeHeap 'non-nmethods': size=5760Kb used=2223Kb max_used=2254Kb free=3536Kb
 bounds [0x00000120587b0000, 0x0000012058a20000, 0x0000012058d50000]
 total_blobs=20656 nmethods=19745 adapters=812
 compilation: enabled
              stopped_count=0, restarted_count=0
 full_count=0

Compilation events (20 events):
Event: 50.646 Thread 0x0000012065a6f520 23934       4       org.springframework.context.support.GenericApplicationContext::getClassLoader (67 bytes)
Event: 50.647 Thread 0x0000012065a6f520 nmethod 23934 0x00000120598b8410 code [0x00000120598b85a0, 0x00000120598b86d0]
Event: 50.649 Thread 0x0000012065a6fbd0 23935       3       org.springframework.context.annotation.ScannedGenericBeanDefinition::<init> (70 bytes)
Event: 50.650 Thread 0x0000012065a6fbd0 nmethod 23935 0x000001205395e290 code [0x000001205395e4c0, 0x000001205395eb20]
Event: 50.676 Thread 0x0000012065a6f520 23936       4       jdk.internal.misc.Unsafe::checkSize (32 bytes)
Event: 50.676 Thread 0x0000012065a6f520 nmethod 23936 0x00000120598b8810 code [0x00000120598b89a0, 0x00000120598b8a58]
Event: 50.678 Thread 0x0000012065a6f520 23937       4       jdk.internal.misc.Unsafe::checkNativeAddress (28 bytes)
Event: 50.678 Thread 0x0000012065a6f520 nmethod 23937 0x00000120598b8b10 code [0x00000120598b8ca0, 0x00000120598b8d28]
Event: 50.695 Thread 0x0000012065a6f520 23938       4       jdk.internal.misc.Unsafe::checkOffset (32 bytes)
Event: 50.695 Thread 0x0000012065a6f520 nmethod 23938 0x00000120598b8e10 code [0x00000120598b8fa0, 0x00000120598b9058]
Event: 50.695 Thread 0x0000012065a6f520 23939       4       jdk.internal.misc.Unsafe::copyMemory (33 bytes)
Event: 50.698 Thread 0x0000012065a6f520 nmethod 23939 0x00000120598b9110 code [0x00000120598b92c0, 0x00000120598b9610]
Event: 50.804 Thread 0x0000012065a6f520 23940       4       org.springframework.core.type.classreading.SimpleAnnotationMetadata::getAnnotatedMethods (122 bytes)
Event: 50.813 Thread 0x0000012065a6fbd0 23941   !   3       org.springframework.boot.context.properties.source.ConfigurationPropertySourcesPropertyResolver::getProperty (173 bytes)
Event: 50.825 Thread 0x0000012065a6fbd0 nmethod 23941 0x000001205395ed90 code [0x000001205395f060, 0x000001205395ffe0]
Event: 50.825 Thread 0x0000012065a6fbd0 23942   !   3       org.springframework.boot.context.properties.source.ConfigurationPropertySourcesPropertyResolver::findPropertyValue (123 bytes)
Event: 50.825 Thread 0x0000012065a6fbd0 nmethod 23942 0x0000012053960510 code [0x0000012053960740, 0x0000012053960d50]
Event: 50.886 Thread 0x0000012065a6fbd0 23944       3       org.springframework.core.type.filter.AbstractTypeHierarchyTraversingFilter::matchSelf (13 bytes)
Event: 50.886 Thread 0x0000012065a6fbd0 nmethod 23944 0x0000012053960f90 code [0x0000012053961120, 0x0000012053961270]
Event: 50.926 Thread 0x0000012065a6fbd0 23945       3       org.springframework.context.annotation.ClassPathScanningCandidateComponentProvider::isCandidateComponent (139 bytes)

GC Heap History (20 events):
Event: 25.209 GC heap before
{Heap before GC invocations=50 (full 0):
 garbage-first heap   total 184320K, used 153786K [0x0000000083c00000, 0x0000000100000000)
  region size 1024K, 55 young (56320K), 2 survivors (2048K)
 Metaspace       used 105708K, committed 106560K, reserved 1179648K
  class space    used 12713K, committed 13120K, reserved 1048576K
}
Event: 25.213 GC heap after
{Heap after GC invocations=51 (full 0):
 garbage-first heap   total 184320K, used 100429K [0x0000000083c00000, 0x0000000100000000)
  region size 1024K, 3 young (3072K), 3 survivors (3072K)
 Metaspace       used 105708K, committed 106560K, reserved 1179648K
  class space    used 12713K, committed 13120K, reserved 1048576K
}
Event: 25.444 GC heap before
{Heap before GC invocations=51 (full 0):
 garbage-first heap   total 184320K, used 158797K [0x0000000083c00000, 0x0000000100000000)
  region size 1024K, 61 young (62464K), 3 survivors (3072K)
 Metaspace       used 108090K, committed 108928K, reserved 1179648K
  class space    used 13061K, committed 13440K, reserved 1048576K
}
Event: 25.447 GC heap after
{Heap after GC invocations=52 (full 0):
 garbage-first heap   total 184320K, used 99559K [0x0000000083c00000, 0x0000000100000000)
  region size 1024K, 4 young (4096K), 4 survivors (4096K)
 Metaspace       used 108090K, committed 108928K, reserved 1179648K
  class space    used 13061K, committed 13440K, reserved 1048576K
}
Event: 25.595 GC heap before
{Heap before GC invocations=52 (full 0):
 garbage-first heap   total 184320K, used 162023K [0x0000000083c00000, 0x0000000100000000)
  region size 1024K, 65 young (66560K), 4 survivors (4096K)
 Metaspace       used 108451K, committed 109312K, reserved 1179648K
  class space    used 13107K, committed 13504K, reserved 1048576K
}
Event: 25.599 GC heap after
{Heap after GC invocations=53 (full 0):
 garbage-first heap   total 184320K, used 104796K [0x0000000083c00000, 0x0000000100000000)
  region size 1024K, 9 young (9216K), 9 survivors (9216K)
 Metaspace       used 108451K, committed 109312K, reserved 1179648K
  class space    used 13107K, committed 13504K, reserved 1048576K
}
Event: 25.710 GC heap before
{Heap before GC invocations=54 (full 0):
 garbage-first heap   total 184320K, used 141660K [0x0000000083c00000, 0x0000000100000000)
  region size 1024K, 67 young (68608K), 9 survivors (9216K)
 Metaspace       used 108451K, committed 109312K, reserved 1179648K
  class space    used 13107K, committed 13504K, reserved 1048576K
}
Event: 25.714 GC heap after
{Heap after GC invocations=55 (full 0):
 garbage-first heap   total 184320K, used 80347K [0x0000000083c00000, 0x0000000100000000)
  region size 1024K, 3 young (3072K), 3 survivors (3072K)
 Metaspace       used 108451K, committed 109312K, reserved 1179648K
  class space    used 13107K, committed 13504K, reserved 1048576K
}
Event: 26.073 GC heap before
{Heap before GC invocations=55 (full 0):
 garbage-first heap   total 184320K, used 161243K [0x0000000083c00000, 0x0000000100000000)
  region size 1024K, 82 young (83968K), 3 survivors (3072K)
 Metaspace       used 109288K, committed 110144K, reserved 1179648K
  class space    used 13234K, committed 13632K, reserved 1048576K
}
Event: 26.077 GC heap after
{Heap after GC invocations=56 (full 0):
 garbage-first heap   total 285696K, used 73240K [0x0000000083c00000, 0x0000000100000000)
  region size 1024K, 3 young (3072K), 3 survivors (3072K)
 Metaspace       used 109288K, committed 110144K, reserved 1179648K
  class space    used 13234K, committed 13632K, reserved 1048576K
}
Event: 27.875 GC heap before
{Heap before GC invocations=56 (full 0):
 garbage-first heap   total 285696K, used 241176K [0x0000000083c00000, 0x0000000100000000)
  region size 1024K, 167 young (171008K), 3 survivors (3072K)
 Metaspace       used 114151K, committed 115200K, reserved 1179648K
  class space    used 13640K, committed 14144K, reserved 1048576K
}
Event: 27.885 GC heap after
{Heap after GC invocations=57 (full 0):
 garbage-first heap   total 285696K, used 77634K [0x0000000083c00000, 0x0000000100000000)
  region size 1024K, 7 young (7168K), 7 survivors (7168K)
 Metaspace       used 114151K, committed 115200K, reserved 1179648K
  class space    used 13640K, committed 14144K, reserved 1048576K
}
Event: 29.809 GC heap before
{Heap before GC invocations=57 (full 0):
 garbage-first heap   total 285696K, used 241474K [0x0000000083c00000, 0x0000000100000000)
  region size 1024K, 167 young (171008K), 7 survivors (7168K)
 Metaspace       used 120172K, committed 121280K, reserved 1179648K
  class space    used 14390K, committed 14912K, reserved 1048576K
}
Event: 29.825 GC heap after
{Heap after GC invocations=58 (full 0):
 garbage-first heap   total 285696K, used 82922K [0x0000000083c00000, 0x0000000100000000)
  region size 1024K, 12 young (12288K), 12 survivors (12288K)
 Metaspace       used 120172K, committed 121280K, reserved 1179648K
  class space    used 14390K, committed 14912K, reserved 1048576K
}
Event: 33.248 GC heap before
{Heap before GC invocations=58 (full 0):
 garbage-first heap   total 285696K, used 241642K [0x0000000083c00000, 0x0000000100000000)
  region size 1024K, 167 young (171008K), 12 survivors (12288K)
 Metaspace       used 127790K, committed 129024K, reserved 1179648K
  class space    used 15373K, committed 15936K, reserved 1048576K
}
Event: 33.258 GC heap after
{Heap after GC invocations=59 (full 0):
 garbage-first heap   total 285696K, used 87949K [0x0000000083c00000, 0x0000000100000000)
  region size 1024K, 15 young (15360K), 15 survivors (15360K)
 Metaspace       used 127790K, committed 129024K, reserved 1179648K
  class space    used 15373K, committed 15936K, reserved 1048576K
}
Event: 36.364 GC heap before
{Heap before GC invocations=59 (full 0):
 garbage-first heap   total 285696K, used 242573K [0x0000000083c00000, 0x0000000100000000)
  region size 1024K, 167 young (171008K), 15 survivors (15360K)
 Metaspace       used 136624K, committed 137920K, reserved 1179648K
  class space    used 16452K, committed 17024K, reserved 1048576K
}
Event: 36.378 GC heap after
{Heap after GC invocations=60 (full 0):
 garbage-first heap   total 285696K, used 89843K [0x0000000083c00000, 0x0000000100000000)
  region size 1024K, 12 young (12288K), 12 survivors (12288K)
 Metaspace       used 136624K, committed 137920K, reserved 1179648K
  class space    used 16452K, committed 17024K, reserved 1048576K
}
Event: 45.464 GC heap before
{Heap before GC invocations=60 (full 0):
 garbage-first heap   total 285696K, used 248563K [0x0000000083c00000, 0x0000000100000000)
  region size 1024K, 167 young (171008K), 12 survivors (12288K)
 Metaspace       used 147448K, committed 149056K, reserved 1245184K
  class space    used 17502K, committed 18240K, reserved 1048576K
}
Event: 45.483 GC heap after
{Heap after GC invocations=61 (full 0):
 garbage-first heap   total 285696K, used 95844K [0x0000000083c00000, 0x0000000100000000)
  region size 1024K, 13 young (13312K), 13 survivors (13312K)
 Metaspace       used 147448K, committed 149056K, reserved 1245184K
  class space    used 17502K, committed 18240K, reserved 1048576K
}

Dll operation events (14 events):
Event: 0.011 Loaded shared library C:\Program Files\Java\jdk-21.0.12\bin\java.dll
Event: 0.035 Loaded shared library C:\Program Files\Java\jdk-21.0.12\bin\jsvml.dll
Event: 0.057 Loaded shared library C:\Program Files\Java\jdk-21.0.12\bin\zip.dll
Event: 0.060 Loaded shared library C:\Program Files\Java\jdk-21.0.12\bin\instrument.dll
Event: 0.067 Loaded shared library C:\Program Files\Java\jdk-21.0.12\bin\net.dll
Event: 0.072 Loaded shared library C:\Program Files\Java\jdk-21.0.12\bin\nio.dll
Event: 0.074 Loaded shared library C:\Program Files\Java\jdk-21.0.12\bin\zip.dll
Event: 0.219 Loaded shared library C:\Program Files\Java\jdk-21.0.12\bin\verify.dll
Event: 0.263 Loaded shared library C:\Program Files\Java\jdk-21.0.12\bin\jimage.dll
Event: 0.480 Loaded shared library C:\Program Files\Java\jdk-21.0.12\bin\management.dll
Event: 0.487 Loaded shared library C:\Program Files\Java\jdk-21.0.12\bin\management_ext.dll
Event: 4.477 Loaded shared library C:\Program Files\Java\jdk-21.0.12\bin\sunmscapi.dll
Event: 10.145 Loaded shared library C:\Program Files\Java\jdk-21.0.12\bin\extnet.dll
Event: 41.122 Loaded shared library C:\Program Files\Java\jdk-21.0.12\bin\awt.dll

Deoptimization events (20 events):
Event: 50.362 Thread 0x0000012047459490 Uncommon trap: trap_request=0xffffff45 fr.pc=0x000001205981ae10 relative=0x0000000000000790
Event: 50.363 Thread 0x0000012047459490 Uncommon trap: reason=unstable_if action=reinterpret pc=0x000001205981ae10 method=org.springframework.core.annotation.AnnotationTypeMapping.areEquivalent(Ljava/lang/Object;Ljava/lang/Object;Lorg/springframework/core/annotation/ValueExtractor;)Z @ 120 c2
Event: 50.363 Thread 0x0000012047459490 DEOPT PACKING pc=0x000001205981ae10 sp=0x00000001b20fa670
Event: 50.363 Thread 0x0000012047459490 DEOPT UNPACKING pc=0x0000012058807da2 sp=0x00000001b20fa4f8 mode 2
Event: 50.363 Thread 0x0000012047459490 Uncommon trap: trap_request=0xffffff45 fr.pc=0x00000120597134dc relative=0x00000000000002dc
Event: 50.363 Thread 0x0000012047459490 Uncommon trap: reason=unstable_if action=reinterpret pc=0x00000120597134dc method=org.springframework.core.annotation.AnnotationTypeMapping.areEquivalent(Ljava/lang/Object;Ljava/lang/Object;Lorg/springframework/core/annotation/ValueExtractor;)Z @ 120 c2
Event: 50.363 Thread 0x0000012047459490 DEOPT PACKING pc=0x00000120597134dc sp=0x00000001b20fa5d0
Event: 50.363 Thread 0x0000012047459490 DEOPT UNPACKING pc=0x0000012058807da2 sp=0x00000001b20fa4f0 mode 2
Event: 50.363 Thread 0x0000012047459490 Uncommon trap: trap_request=0xffffff45 fr.pc=0x0000012059567f10 relative=0x0000000000000290
Event: 50.363 Thread 0x0000012047459490 Uncommon trap: reason=unstable_if action=reinterpret pc=0x0000012059567f10 method=org.springframework.core.annotation.AnnotationTypeMapping.areEquivalent(Ljava/lang/Object;Ljava/lang/Object;Lorg/springframework/core/annotation/ValueExtractor;)Z @ 120 c2
Event: 50.363 Thread 0x0000012047459490 DEOPT PACKING pc=0x0000012059567f10 sp=0x00000001b20fa550
Event: 50.363 Thread 0x0000012047459490 DEOPT UNPACKING pc=0x0000012058807da2 sp=0x00000001b20fa4f0 mode 2
Event: 50.478 Thread 0x0000012047459490 Uncommon trap: trap_request=0xffffffc6 fr.pc=0x00000120598a2754 relative=0x00000000000013d4
Event: 50.478 Thread 0x0000012047459490 Uncommon trap: reason=bimorphic_or_optimized_type_check action=maybe_recompile pc=0x00000120598a2754 method=org.springframework.core.type.classreading.MergedAnnotationReadingVisitor.visitEnd()V @ 73 c2
Event: 50.478 Thread 0x0000012047459490 DEOPT PACKING pc=0x00000120598a2754 sp=0x00000001b20fa060
Event: 50.478 Thread 0x0000012047459490 DEOPT UNPACKING pc=0x0000012058807da2 sp=0x00000001b20f9f88 mode 2
Event: 50.478 Thread 0x0000012047459490 Uncommon trap: trap_request=0xffffffc6 fr.pc=0x00000120598a2754 relative=0x00000000000013d4
Event: 50.478 Thread 0x0000012047459490 Uncommon trap: reason=bimorphic_or_optimized_type_check action=maybe_recompile pc=0x00000120598a2754 method=org.springframework.core.type.classreading.MergedAnnotationReadingVisitor.visitEnd()V @ 73 c2
Event: 50.478 Thread 0x0000012047459490 DEOPT PACKING pc=0x00000120598a2754 sp=0x00000001b20fa450
Event: 50.478 Thread 0x0000012047459490 DEOPT UNPACKING pc=0x0000012058807da2 sp=0x00000001b20fa378 mode 2

Classes loaded (20 events):
Event: 43.955 Loading class com/sun/crypto/provider/GaloisCounterMode$GCMEngine done
Event: 43.955 Loading class com/sun/crypto/provider/GaloisCounterMode$GCMEncrypt done
Event: 43.955 Loading class com/sun/crypto/provider/GCTR
Event: 43.956 Loading class com/sun/crypto/provider/GCM
Event: 43.956 Loading class com/sun/crypto/provider/GCM done
Event: 43.956 Loading class com/sun/crypto/provider/CounterMode
Event: 43.956 Loading class com/sun/crypto/provider/FeedbackCipher
Event: 43.956 Loading class com/sun/crypto/provider/FeedbackCipher done
Event: 43.956 Loading class com/sun/crypto/provider/CounterMode done
Event: 43.956 Loading class com/sun/crypto/provider/GCTR done
Event: 43.956 Loading class com/sun/crypto/provider/GHASH
Event: 43.957 Loading class com/sun/crypto/provider/GHASH done
Event: 43.957 Loading class com/sun/crypto/provider/GaloisCounterMode$EncryptOp
Event: 43.957 Loading class com/sun/crypto/provider/GaloisCounterMode$GCMOperation
Event: 43.957 Loading class com/sun/crypto/provider/GaloisCounterMode$GCMOperation done
Event: 43.957 Loading class com/sun/crypto/provider/GaloisCounterMode$EncryptOp done
Event: 44.713 Loading class com/sun/crypto/provider/GaloisCounterMode$GCMDecrypt
Event: 44.714 Loading class com/sun/crypto/provider/GaloisCounterMode$GCMDecrypt done
Event: 44.714 Loading class com/sun/crypto/provider/GaloisCounterMode$DecryptOp
Event: 44.714 Loading class com/sun/crypto/provider/GaloisCounterMode$DecryptOp done

Classes unloaded (0 events):
No events

Classes redefined (0 events):
No events

Internal exceptions (20 events):
Event: 42.113 Thread 0x0000012047459490 Exception <a 'sun/nio/fs/WindowsException'{0x000000008d5b8d00}> (0x000000008d5b8d00) 
thrown [s\open\src\hotspot\share\prims\jni.cpp, line 520]
Event: 42.286 Thread 0x0000012047459490 Exception <a 'sun/nio/fs/WindowsException'{0x000000008d477bb8}> (0x000000008d477bb8) 
thrown [s\open\src\hotspot\share\prims\jni.cpp, line 520]
Event: 42.536 Thread 0x0000012047459490 Exception <a 'java/lang/NoSuchMethodError'{0x000000008d221220}: 'java.lang.Object java.lang.invoke.Invokers$Holder.invoker(java.lang.Object, java.lang.Object, java.lang.Object, java.lang.Object, java.lang.Object, java.lang.Object, java.lang.Object, java.lang.Object, java.lang.Object, java.lang.Object, java.lang.Object, java.lang.Object, java.lang.Object, java.lang.Object, java.lang.Object, java.lang.Object, java.lang.Object, java.lang.Object, java.lang.Object, java.lang.Object, java.lang.Object, java.lang.
Event: 42.537 Thread 0x0000012047459490 Exception <a 'java/lang/NoSuchMethodError'{0x000000008d230888}: 'java.lang.Object java.lang.invoke.DelegatingMethodHandle$Holder.delegate(java.lang.Object, java.lang.Object, java.lang.Object, java.lang.Object, java.lang.Object, java.lang.Object, java.lang.Object, java.lang.Object, java.lang.Object, java.lang.Object, java.lang.Object, java.lang.Object, java.lang.Object, java.lang.Object, java.lang.Object, java.lang.Object, java.lang.Object, java.lang.Object, java.lang.Object, java.lang.Object, java.lang.Obj
Event: 42.538 Thread 0x0000012047459490 Exception <a 'java/lang/NoSuchMethodError'{0x000000008d244150}: 'java.lang.Object java.lang.invoke.DelegatingMethodHandle$Holder.reinvoke_L(java.lang.Object, java.lang.Object, java.lang.Object, java.lang.Object, java.lang.Object, java.lang.Object, java.lang.Object, java.lang.Object, int, int, java.lang.Object, int, java.lang.Object, int, int, int, java.lang.Object, java.lang.Object, int, java.lang.Object, java.lang.Object, java.lang.Object, int, java.lang.Object, java.lang.Object, java.lang.Object, java.la
Event: 42.810 Thread 0x0000012047459490 Exception <a 'java/lang/NoSuchMethodError'{0x000000008cf23cf0}: 'java.lang.Object java.lang.invoke.DelegatingMethodHandle$Holder.reinvoke_L(java.lang.Object, java.lang.Object, java.lang.Object, java.lang.Object, java.lang.Object, java.lang.Object, int, java.lang.Object, java.lang.Object, java.lang.Object, java.lang.Object, java.lang.Object, int, int, int, java.lang.Object, java.lang.Object)'> (0x000000008cf23cf0) 
thrown [s\open\src\hotspot\share\interpreter\linkResolver.cpp, line 773]
Event: 43.719 Thread 0x0000012047459490 Exception <a 'sun/nio/fs/WindowsException'{0x000000008ca21298}> (0x000000008ca21298) 
thrown [s\open\src\hotspot\share\prims\jni.cpp, line 520]
Event: 44.171 Thread 0x0000012047459490 Exception <a 'java/lang/NoSuchMethodError'{0x000000008c776f10}: 'java.lang.Object java.lang.invoke.DelegatingMethodHandle$Holder.reinvoke_L(java.lang.Object, java.lang.Object, java.lang.Object, java.lang.Object, java.lang.Object, java.lang.Object, java.lang.Object, int, int, int, java.lang.Object, int, int, java.lang.Object, int, int, int, java.lang.Object, int, int, java.lang.Object, int, int, java.lang.Object, java.lang.Object, java.lang.Object, java.lang.Object, java.lang.Object, java.lang.Object, java.
Event: 44.173 Thread 0x0000012047459490 Exception <a 'java/lang/NoSuchMethodError'{0x000000008c7b0f48}: 'java.lang.Object java.lang.invoke.DelegatingMethodHandle$Holder.reinvoke_L(java.lang.Object, java.lang.Object, java.lang.Object, java.lang.Object, java.lang.Object, java.lang.Object, java.lang.Object, java.lang.Object, java.lang.Object, java.lang.Object, java.lang.Object, java.lang.Object, java.lang.Object, java.lang.Object, java.lang.Object, java.lang.Object, java.lang.Object, java.lang.Object, java.lang.Object, java.lang.Object, java.lang.O
Event: 44.701 Thread 0x0000012047459490 Exception <a 'java/lang/NoSuchMethodError'{0x000000008c3f9338}: 'java.lang.Object java.lang.invoke.Invokers$Holder.invoker(java.lang.Object, java.lang.Object, java.lang.Object, java.lang.Object, java.lang.Object, java.lang.Object, java.lang.Object, java.lang.Object, java.lang.Object, java.lang.Object, java.lang.Object, java.lang.Object)'> (0x000000008c3f9338) 
thrown [s\open\src\hotspot\share\interpreter\linkResolver.cpp, line 773]
Event: 44.702 Thread 0x0000012047459490 Exception <a 'java/lang/NoSuchMethodError'{0x000000008c2086b0}: 'java.lang.Object java.lang.invoke.DelegatingMethodHandle$Holder.reinvoke_L(java.lang.Object, java.lang.Object, java.lang.Object, java.lang.Object, java.lang.Object, int, java.lang.Object, java.lang.Object, java.lang.Object, int, int)'> (0x000000008c2086b0) 
thrown [s\open\src\hotspot\share\interpreter\linkResolver.cpp, line 773]
Event: 45.573 Thread 0x0000012047459490 Exception <a 'java/lang/NoSuchMethodError'{0x00000000ff829830}: 'java.lang.Object java.lang.invoke.DirectMethodHandle$Holder.invokeInterface(java.lang.Object, java.lang.Object, int)'> (0x00000000ff829830) 
thrown [s\open\src\hotspot\share\interpreter\linkResolver.cpp, line 773]
Event: 45.753 Thread 0x0000012047459490 Exception <a 'java/lang/NoSuchMethodError'{0x00000000ff7fa298}: 'java.lang.Object java.lang.invoke.DirectMethodHandle$Holder.newInvokeSpecial(java.lang.Object, java.lang.Object, java.lang.Object, java.lang.Object, java.lang.Object, int, int)'> (0x00000000ff7fa298) 
thrown [s\open\src\hotspot\share\interpreter\linkResolver.cpp, line 773]
Event: 45.754 Thread 0x0000012047459490 Exception <a 'java/lang/NoSuchMethodError'{0x00000000ff7ff3a0}: 'java.lang.Object java.lang.invoke.DirectMethodHandle$Holder.invokeSpecial(java.lang.Object, java.lang.Object, java.lang.Object, java.lang.Object, java.lang.Object, java.lang.Object, int, int)'> (0x00000000ff7ff3a0) 
thrown [s\open\src\hotspot\share\interpreter\linkResolver.cpp, line 773]
Event: 45.754 Thread 0x0000012047459490 Exception <a 'java/lang/NoSuchMethodError'{0x00000000ff604350}: 'java.lang.Object java.lang.invoke.DelegatingMethodHandle$Holder.reinvoke_L(java.lang.Object, java.lang.Object, java.lang.Object, java.lang.Object, java.lang.Object, int, int)'> (0x00000000ff604350) 
thrown [s\open\src\hotspot\share\interpreter\linkResolver.cpp, line 773]
Event: 45.804 Thread 0x0000012047459490 Exception <a 'java/lang/NoSuchMethodError'{0x00000000ff6c5978}: 'java.lang.Object java.lang.invoke.DirectMethodHandle$Holder.invokeSpecial(java.lang.Object, java.lang.Object, java.lang.Object, java.lang.Object, java.lang.Object, java.lang.Object, java.lang.Object, java.lang.Object, java.lang.Object, java.lang.Object, java.lang.Object, java.lang.Object, java.lang.Object, java.lang.Object, java.lang.Object, java.lang.Object)'> (0x00000000ff6c5978) 
thrown [s\open\src\hotspot\share\interpreter\linkResolver.cp
Event: 45.805 Thread 0x0000012047459490 Exception <a 'java/lang/NoSuchMethodError'{0x00000000ff6cb160}: 'java.lang.Object java.lang.invoke.Invokers$Holder.invoker(java.lang.Object, java.lang.Object, java.lang.Object, java.lang.Object, java.lang.Object, java.lang.Object, java.lang.Object, java.lang.Object, java.lang.Object, java.lang.Object, java.lang.Object, java.lang.Object, java.lang.Object, java.lang.Object, java.lang.Object, java.lang.Object)'> (0x00000000ff6cb160) 
thrown [s\open\src\hotspot\share\interpreter\linkResolver.cpp, line 773]
Event: 45.805 Thread 0x0000012047459490 Exception <a 'java/lang/NoSuchMethodError'{0x00000000ff6d1530}: 'java.lang.Object java.lang.invoke.DirectMethodHandle$Holder.invokeSpecial(java.lang.Object, java.lang.Object, java.lang.Object, java.lang.Object, java.lang.Object, java.lang.Object, java.lang.Object, java.lang.Object, java.lang.Object, java.lang.Object, java.lang.Object, java.lang.Object, java.lang.Object, java.lang.Object, java.lang.Object, java.lang.Object, java.lang.Object)'> (0x00000000ff6d1530) 
thrown [s\open\src\hotspot\share\interpret
Event: 45.805 Thread 0x0000012047459490 Exception <a 'java/lang/NoSuchMethodError'{0x00000000ff6d6e38}: 'java.lang.Object java.lang.invoke.DelegatingMethodHandle$Holder.delegate(java.lang.Object, java.lang.Object, java.lang.Object, java.lang.Object, java.lang.Object, java.lang.Object, java.lang.Object, java.lang.Object, java.lang.Object, java.lang.Object, java.lang.Object, java.lang.Object, java.lang.Object, java.lang.Object, java.lang.Object, java.lang.Object)'> (0x00000000ff6d6e38) 
thrown [s\open\src\hotspot\share\interpreter\linkResolver.cpp
Event: 45.805 Thread 0x0000012047459490 Exception <a 'java/lang/NoSuchMethodError'{0x00000000ff6e5f28}: 'java.lang.Object java.lang.invoke.DelegatingMethodHandle$Holder.reinvoke_L(java.lang.Object, java.lang.Object, java.lang.Object, java.lang.Object, java.lang.Object, java.lang.Object, java.lang.Object, java.lang.Object, java.lang.Object, java.lang.Object, java.lang.Object, java.lang.Object, java.lang.Object, int, int)'> (0x00000000ff6e5f28) 
thrown [s\open\src\hotspot\share\interpreter\linkResolver.cpp, line 773]

ZGC Phase Switch (0 events):
No events

VM Operations (20 events):
Event: 44.747 Executing VM operation: Cleanup
Event: 44.747 Executing VM operation: Cleanup done
Event: 45.464 Executing VM operation: G1CollectForAllocation (G1 Evacuation Pause)
Event: 45.486 Executing VM operation: G1CollectForAllocation (G1 Evacuation Pause) done
Event: 45.516 Executing VM operation: HandshakeAllThreads (Deoptimize)
Event: 45.517 Executing VM operation: HandshakeAllThreads (Deoptimize) done
Event: 45.525 Executing VM operation: HandshakeAllThreads (Deoptimize)
Event: 45.525 Executing VM operation: HandshakeAllThreads (Deoptimize) done
Event: 45.537 Executing VM operation: HandshakeAllThreads (Deoptimize)
Event: 45.537 Executing VM operation: HandshakeAllThreads (Deoptimize) done
Event: 46.545 Executing VM operation: Cleanup
Event: 46.545 Executing VM operation: Cleanup done
Event: 47.550 Executing VM operation: Cleanup
Event: 47.550 Executing VM operation: Cleanup done
Event: 48.558 Executing VM operation: Cleanup
Event: 48.558 Executing VM operation: Cleanup done
Event: 49.569 Executing VM operation: Cleanup
Event: 49.569 Executing VM operation: Cleanup done
Event: 50.569 Executing VM operation: Cleanup
Event: 50.570 Executing VM operation: Cleanup done

Events (20 events):
Event: 25.641 Thread 0x0000012065a32410 flushing nmethod 0x0000012051ad9a90
Event: 25.641 Thread 0x0000012065a32410 flushing nmethod 0x0000012051b37e90
Event: 25.641 Thread 0x0000012065a32410 flushing nmethod 0x0000012051b3dd10
Event: 25.641 Thread 0x0000012065a32410 flushing nmethod 0x0000012051b77e90
Event: 25.641 Thread 0x0000012065a32410 flushing nmethod 0x0000012051d71210
Event: 25.641 Thread 0x0000012065a32410 flushing nmethod 0x0000012051dd3910
Event: 25.641 Thread 0x0000012065a32410 flushing nmethod 0x0000012051de0090
Event: 25.641 Thread 0x0000012065a32410 flushing nmethod 0x0000012051e23590
Event: 25.641 Thread 0x0000012065a32410 flushing nmethod 0x0000012051f32510
Event: 25.641 Thread 0x0000012065a32410 flushing nmethod 0x0000012051f56110
Event: 25.641 Thread 0x0000012065a32410 flushing nmethod 0x0000012051f58410
Event: 25.641 Thread 0x0000012065a32410 flushing nmethod 0x0000012051f59890
Event: 25.641 Thread 0x0000012065a32410 flushing nmethod 0x0000012051fcb410
Event: 25.641 Thread 0x0000012065a32410 flushing nmethod 0x0000012051fd1110
Event: 25.641 Thread 0x0000012065a32410 flushing nmethod 0x0000012052125a10
Event: 25.641 Thread 0x0000012065a32410 flushing nmethod 0x0000012052126e10
Event: 25.641 Thread 0x0000012065a32410 flushing nmethod 0x0000012052421f90
Event: 33.033 Thread 0x000001206ad42400 Thread added: 0x000001206ad42400
Event: 33.034 Thread 0x000001206ad42a90 Thread added: 0x000001206ad42a90
Event: 34.303 Thread 0x000001206ad43120 Thread added: 0x000001206ad43120


Dynamic libraries:
0x00007ff7a0fb0000 - 0x00007ff7a0fc0000 	C:\Program Files\Java\jdk-21.0.12\bin\java.exe
0x00007ffc4b4a0000 - 0x00007ffc4b707000 	C:\WINDOWS\SYSTEM32\ntdll.dll
0x00007ffc49b20000 - 0x00007ffc49beb000 	C:\WINDOWS\System32\KERNEL32.DLL
0x00007ffc48db0000 - 0x00007ffc491b2000 	C:\WINDOWS\System32\KERNELBASE.dll
0x00007ffc48750000 - 0x00007ffc4889c000 	C:\WINDOWS\System32\ucrtbase.dll
0x00007ffc3d390000 - 0x00007ffc3d3a9000 	C:\Program Files\Java\jdk-21.0.12\bin\jli.dll
0x00007ffc41070000 - 0x00007ffc4108e000 	C:\Program Files\Java\jdk-21.0.12\bin\VCRUNTIME140.dll
0x00007ffc4ab20000 - 0x00007ffc4abdc000 	C:\WINDOWS\System32\ADVAPI32.dll
0x00007ffc49980000 - 0x00007ffc49a29000 	C:\WINDOWS\System32\msvcrt.dll
0x00007ffc49a70000 - 0x00007ffc49b19000 	C:\WINDOWS\System32\sechost.dll
0x00007ffc49d80000 - 0x00007ffc49e98000 	C:\WINDOWS\System32\RPCRT4.dll
0x00007ffc4a330000 - 0x00007ffc4a4ff000 	C:\WINDOWS\System32\USER32.dll
0x00007ffc48d80000 - 0x00007ffc48da7000 	C:\WINDOWS\System32\win32u.dll
0x00007ffc477e0000 - 0x00007ffc47a70000 	C:\WINDOWS\WinSxS\amd64_microsoft.windows.common-controls_6595b64144ccf1df_6.0.26100.9278_none_3e0d1ba8e3303201\COMCTL32.dll
0x00007ffc49a40000 - 0x00007ffc49a6b000 	C:\WINDOWS\System32\GDI32.dll
0x00007ffc48a30000 - 0x00007ffc48b59000 	C:\WINDOWS\System32\gdi32full.dll
0x00007ffc486a0000 - 0x00007ffc48743000 	C:\WINDOWS\System32\msvcp_win.dll
0x00007ffc461d0000 - 0x00007ffc461db000 	C:\WINDOWS\SYSTEM32\VERSION.dll
0x00007ffc4a940000 - 0x00007ffc4a971000 	C:\WINDOWS\System32\IMM32.DLL
0x00007ffc3f930000 - 0x00007ffc3f93c000 	C:\Program Files\Java\jdk-21.0.12\bin\vcruntime140_1.dll
0x00007ffc1b1c0000 - 0x00007ffc1b24d000 	C:\Program Files\Java\jdk-21.0.12\bin\msvcp140.dll
0x00007ffbc1cc0000 - 0x00007ffbc29e8000 	C:\Program Files\Java\jdk-21.0.12\bin\server\jvm.dll
0x00007ffc4b070000 - 0x00007ffc4b0f0000 	C:\WINDOWS\System32\WS2_32.dll
0x00007ffc48230000 - 0x00007ffc4828e000 	C:\WINDOWS\SYSTEM32\POWRPROF.dll
0x00007ffc3a3d0000 - 0x00007ffc3a406000 	C:\WINDOWS\SYSTEM32\WINMM.dll
0x00007ffc47b80000 - 0x00007ffc47b95000 	C:\WINDOWS\SYSTEM32\UMPDC.dll
0x00007ffc46a80000 - 0x00007ffc46a9b000 	C:\WINDOWS\SYSTEM32\kernel.appcore.dll
0x00007ffc34b80000 - 0x00007ffc34b8a000 	C:\Program Files\Java\jdk-21.0.12\bin\jimage.dll
0x00007ffc47e90000 - 0x00007ffc480dc000 	C:\WINDOWS\SYSTEM32\DBGHELP.DLL
0x00007ffc4ace0000 - 0x00007ffc4b065000 	C:\WINDOWS\System32\combase.dll
0x00007ffc4a790000 - 0x00007ffc4a869000 	C:\WINDOWS\System32\OLEAUT32.dll
0x00007ffc47dc0000 - 0x00007ffc47dfb000 	C:\WINDOWS\SYSTEM32\dbgcore.DLL
0x00007ffc488b0000 - 0x00007ffc4895c000 	C:\WINDOWS\System32\bcryptPrimitives.dll
0x00007ffc410e0000 - 0x00007ffc410f0000 	C:\Program Files\Java\jdk-21.0.12\bin\instrument.dll
0x00007ffc347f0000 - 0x00007ffc34811000 	C:\Program Files\Java\jdk-21.0.12\bin\java.dll
0x00007ffc491e0000 - 0x00007ffc49978000 	C:\WINDOWS\System32\SHELL32.dll
0x00007ffc45140000 - 0x00007ffc459ee000 	C:\WINDOWS\SYSTEM32\windows.storage.dll
0x00007ffc49c80000 - 0x00007ffc49d7b000 	C:\WINDOWS\System32\SHCORE.dll
0x00007ffc4a610000 - 0x00007ffc4a676000 	C:\WINDOWS\System32\shlwapi.dll
0x00007ffc485c0000 - 0x00007ffc485e9000 	C:\WINDOWS\SYSTEM32\profapi.dll
0x00007ffc09d20000 - 0x00007ffc09df7000 	C:\Program Files\Java\jdk-21.0.12\bin\jsvml.dll
0x00007ffc31750000 - 0x00007ffc31768000 	C:\Program Files\Java\jdk-21.0.12\bin\zip.dll
0x00007ffc32250000 - 0x00007ffc32261000 	C:\Program Files\Java\jdk-21.0.12\bin\net.dll
0x00007ffc3da80000 - 0x00007ffc3dbaa000 	C:\WINDOWS\SYSTEM32\WINHTTP.dll
0x00007ffc46990000 - 0x00007ffc469fc000 	C:\WINDOWS\system32\mswsock.dll
0x00007ffc31770000 - 0x00007ffc31786000 	C:\Program Files\Java\jdk-21.0.12\bin\nio.dll
0x00007ffc30da0000 - 0x00007ffc30db0000 	C:\Program Files\Java\jdk-21.0.12\bin\verify.dll
0x00007ffc1ae20000 - 0x00007ffc1ae38000 	C:\WINDOWS\system32\napinsp.dll
0x00007ffc45f60000 - 0x00007ffc460b8000 	C:\WINDOWS\SYSTEM32\DNSAPI.dll
0x00007ffc46770000 - 0x00007ffc4677d000 	C:\WINDOWS\SYSTEM32\DSPARSE.dll
0x00007ffc45e80000 - 0x00007ffc45eb3000 	C:\WINDOWS\SYSTEM32\IPHLPAPI.DLL
0x00007ffc4b450000 - 0x00007ffc4b45a000 	C:\WINDOWS\System32\NSI.dll
0x00007ffc15a80000 - 0x00007ffc15a93000 	C:\WINDOWS\System32\winrnr.dll
0x00007ffc15ac0000 - 0x00007ffc15ad6000 	C:\WINDOWS\system32\wshbth.dll
0x00007ffc13f10000 - 0x00007ffc13f37000 	C:\WINDOWS\system32\nlansp_c.dll
0x00007ffc44510000 - 0x00007ffc4451b000 	C:\Windows\System32\rasadhlp.dll
0x00007ffc3f1a0000 - 0x00007ffc3f226000 	C:\WINDOWS\System32\fwpuclnt.dll
0x00007ffc31820000 - 0x00007ffc3182a000 	C:\Program Files\Java\jdk-21.0.12\bin\management.dll
0x00007ffc31810000 - 0x00007ffc3181c000 	C:\Program Files\Java\jdk-21.0.12\bin\management_ext.dll
0x00007ffc49a30000 - 0x00007ffc49a38000 	C:\WINDOWS\System32\PSAPI.DLL
0x00007ffc317a0000 - 0x00007ffc317ae000 	C:\Program Files\Java\jdk-21.0.12\bin\sunmscapi.dll
0x00007ffc48bf0000 - 0x00007ffc48d6e000 	C:\WINDOWS\System32\CRYPT32.dll
0x00007ffc477a0000 - 0x00007ffc477d0000 	C:\WINDOWS\SYSTEM32\ncrypt.dll
0x00007ffc47750000 - 0x00007ffc4778f000 	C:\WINDOWS\SYSTEM32\NTASN1.dll
0x00007ffc482c0000 - 0x00007ffc482db000 	C:\WINDOWS\SYSTEM32\CRYPTSP.dll
0x00007ffc46390000 - 0x00007ffc463c9000 	C:\WINDOWS\system32\rsaenh.dll
0x00007ffc46a40000 - 0x00007ffc46a74000 	C:\WINDOWS\SYSTEM32\USERENV.dll
0x00007ffc48590000 - 0x00007ffc485ba000 	C:\WINDOWS\SYSTEM32\bcrypt.dll
0x00007ffc475f0000 - 0x00007ffc475fc000 	C:\WINDOWS\SYSTEM32\CRYPTBASE.dll
0x00007ffc31730000 - 0x00007ffc31739000 	C:\Program Files\Java\jdk-21.0.12\bin\extnet.dll
0x00007ffbf0ce0000 - 0x00007ffbf0e74000 	C:\Program Files\Java\jdk-21.0.12\bin\awt.dll
0x00007ffc41af0000 - 0x00007ffc41b8f000 	C:\WINDOWS\SYSTEM32\apphelp.dll

dbghelp: loaded successfully - version: 4.0.5 - missing functions: none
symbol engine: initialized successfully - sym options: 0x614 - pdb path: .;C:\Program Files\Java\jdk-21.0.12\bin;C:\WINDOWS\SYSTEM32;C:\WINDOWS\WinSxS\amd64_microsoft.windows.common-controls_6595b64144ccf1df_6.0.26100.9278_none_3e0d1ba8e3303201;C:\Program Files\Java\jdk-21.0.12\bin\server

VM Arguments:
jvm_args: -javaagent:C:\\Users\\jorgemc\\.m2\\repository\\org\\jacoco\\org.jacoco.agent\\0.8.13\\org.jacoco.agent-0.8.13-runtime.jar=destfile=C:\\Users\\jorgemc\\IdeaProjects\\uvo-store\\target\\jacoco.exec 
java_command: C:\Users\jorgemc\AppData\Local\Temp\surefire7647848790749738396\surefirebooter-20261001154433757_3.jar C:\Users\jorgemc\AppData\Local\Temp\surefire7647848790749738396 2026-10-01T15-44-33_551-jvmRun1 surefire-20261001154433757_1tmp surefire_0-20261001154433757_2tmp
java_class_path (initial): C:\Users\jorgemc\AppData\Local\Temp\surefire7647848790749738396\surefirebooter-20261001154433757_3.jar
Launcher Type: SUN_STANDARD

[Global flags]
     intx CICompilerCount                          = 3                                         {product} {ergonomic}
     uint ConcGCThreads                            = 2                                         {product} {ergonomic}
     uint G1ConcRefinementThreads                  = 6                                         {product} {ergonomic}
   size_t G1HeapRegionSize                         = 1048576                                   {product} {ergonomic}
    uintx GCDrainStackTargetSize                   = 64                                        {product} {ergonomic}
   size_t InitialHeapSize                          = 132120576                                 {product} {ergonomic}
   size_t MarkStackSize                            = 4194304                                   {product} {ergonomic}
   size_t MaxHeapSize                              = 2084569088                                {product} {ergonomic}
   size_t MaxNewSize                               = 1249902592                                {product} {ergonomic}
   size_t MinHeapDeltaBytes                        = 1048576                                   {product} {ergonomic}
   size_t MinHeapSize                              = 8388608                                   {product} {ergonomic}
    uintx NonNMethodCodeHeapSize                   = 5832780                                {pd product} {ergonomic}
    uintx NonProfiledCodeHeapSize                  = 122912730                              {pd product} {ergonomic}
    uintx ProfiledCodeHeapSize                     = 122912730                              {pd product} {ergonomic}
    uintx ReservedCodeCacheSize                    = 251658240                              {pd product} {ergonomic}
     bool SegmentedCodeCache                       = true                                      {product} {ergonomic}
   size_t SoftMaxHeapSize                          = 2084569088                             {manageable} {ergonomic}
     bool UseCompressedOops                        = true                           {product lp64_product} {ergonomic}
     bool UseG1GC                                  = true                                      {product} {ergonomic}
     bool UseLargePagesIndividualAllocation        = false                                  {pd product} {ergonomic}

Logging:
Log output configuration:
 #0: stdout all=warning uptime,level,tags foldmultilines=false
 #1: stderr all=off uptime,level,tags foldmultilines=false

Environment Variables:
JAVA_HOME=C:\Program Files\Java\jdk-21.0.12
PATH='C;C:\WINDOWS\system32\drivers\etc\hosts' -> '\etc\hosts'
'C;C:\WINDOWS\system32\drivers\etc\protocol' -> '\etc\protocols'
'C;C:\WINDOWS\system32\drivers\etc\services' -> '\etc\services'
'C;C:\WINDOWS\system32\drivers\etc\networks' -> '\etc\networks'
\c\Users\jorgemc\bin;C:\Program Files\Git\mingw64\bin;C:\Program Files\Git\usr\local\bin;C:\Program Files\Git\usr\bin;C:\Program Files\Git\usr\bin;C:\Program Files\Git\mingw64\bin;C:\Program Files\Git\usr\bin;C:\Users\jorgemc\bin;C:\Program Files\Common Files\Oracle\Java\javapath;C:\Windows\system32;C:\Windows;C:\Windows\System32\Wbem;C:\Windows\System32\WindowsPowerShell\v1.0;C:\Windows\System32\OpenSSH;C:\Program Files (x86)\NVIDIA Corporation\PhysX\Common;C:\Program Files\NVIDIA Corporation\NVIDIA NvDLISR;C:\WINDOWS\system32;C:\WINDOWS;C:\WINDOWS\System32\Wbem;C:\WINDOWS\System32\WindowsPowerShell\v1.0;C:\WINDOWS\System32\OpenSSH;C:\php;C:\Program Files\Git\cmd;C:\Users\jorgemc\.local\bin;C:\Users\jorgemc\AppData\Local\agy\bin;C:\Program Files\nodejs;C:\Program Files\dotnet;C:\Program Files\PostgreSQL\18\bin;C:\Users\jorgemc\AppData\Local\Programs\Python\Python314\Scripts;C:\Users\jorgemc\AppData\Local\Programs\Python\Python314;C:\Program Files\MySQL\MySQL Shell 8.0\bin;C:\Users\jorgemc\AppData\Local\agy\bin;C:\Users\jorgemc\AppData\Local\Microsoft\WindowsApps;C:\Users\jorgemc\AppData\Local\Programs\Antigravity IDE\bin;C:\Program Files\JetBrains\IntelliJ IDEA 2026.2.0.1\bin;C:\Users\jorgemc\AppData\Roaming\npm;C:\Users\jorgemc\.dotnet\tools;C:\Program Files\Git\usr\bin\vendor_perl;C:\Program Files\Git\usr\bin\core_perl
USERNAME=jorgemc
SHELL=C:\Program Files\Git\bin\bash.exe
LANG=en_US.UTF-8
TERM=xterm-256color
OS=Windows_NT
PROCESSOR_IDENTIFIER=Intel64 Family 6 Model 141 Stepping 1, GenuineIntel
TMP=C:\Users\jorgemc\AppData\Local\Temp
TEMP=C:\Users\jorgemc\AppData\Local\Temp




Periodic native trim disabled

---------------  S Y S T E M  ---------------

OS:
 Windows 11 , 64 bit Build 26100 (10.0.26100.9444)
OS uptime: 17 days 17:53 hours

CPU: total 6 (initial active 6) (6 cores per cpu, 2 threads per core) family 6 model 141 stepping 1 microcode 0x34, cx8, cmov, fxsr, ht, mmx, 3dnowpref, sse, sse2, sse3, ssse3, sse4.1, sse4.2, popcnt, lzcnt, tsc, tscinvbit, avx, avx2, erms, clmul, bmi1, bmi2, adx, avx512f, avx512dq, avx512cd, avx512bw, avx512vl, sha, fma, vzeroupper, avx512_vpopcntdq, avx512_vpclmulqdq, avx512_vnni, clflush, clflushopt, clwb, avx512_vbmi2, avx512_vbmi, rdtscp, rdpid, fsrm, gfni, avx512_bitalg, f16c, pku, cet_ibt, cet_ss, avx512_ifma
Processor Information for all 6 processors :
  Max Mhz: 2688, Current Mhz: 2688, Mhz Limit: 2688

Memory: 4k page, system-wide physical 7946M (46M free)
TotalPageFile size 32522M (AvailPageFile size 4M)
current process WorkingSet (physical memory assigned to process): 403M, peak: 495M
current process commit charge ("private bytes"): 655M, peak: 657M

vm_info: Java HotSpot(TM) 64-Bit Server VM (21.0.12+7-LTS-205) for windows-amd64 JRE (21.0.12+7-LTS-205), built on 2026-06-02T04:23:32Z by "mach5run" with MS VC++ 17.13 (VS2022)

END.
